This is pdfTeX, Version 3.141592653-2.6-1.40.29 (MiKTeX 26.2) (preloaded format=pdflatex 2026.4.11)  14 JUL 2026 17:56
entering extended mode
 restricted \write18 enabled.
 file:line:error style messages enabled.
 %&-line parsing enabled.
**c:/Users/grego/Documents/Progetti/progetto_IoT/file/documents/relazione/tex/main.tex
(c:/Users/grego/Documents/Progetti/progetto_IoT/file/documents/relazione/tex/main.tex
LaTeX2e <2025-11-01>
L3 programming layer <2026-01-19>
(C:\Users\grego\AppData\Local\Programs\MiKTeX\tex/latex/base\report.cls
Document Class: report 2025/01/22 v1.4n Standard LaTeX document class
(C:\Users\grego\AppData\Local\Programs\MiKTeX\tex/latex/base\size12.clo
File: size12.clo 2025/01/22 v1.4n Standard LaTeX file (size option)
)
\c@part=\count275
\c@chapter=\count276
\c@section=\count277
\c@subsection=\count278
\c@subsubsection=\count279
\c@paragraph=\count280
\c@subparagraph=\count281
\c@figure=\count282
\c@table=\count283
\abovecaptionskip=\skip49
\belowcaptionskip=\skip50
\bibindent=\dimen148
) (C:\Users\grego\AppData\Local\Programs\MiKTeX\tex/latex/base\inputenc.sty
Package: inputenc 2024/02/08 v1.3d Input encoding file
\inpenc@prehook=\toks17
\inpenc@posthook=\toks18
) (C:\Users\grego\AppData\Local\Programs\MiKTeX\tex/latex/geometry\geometry.sty
Package: geometry 2020/01/02 v5.9 Page Geometry
 (C:\Users\grego\AppData\Local\Programs\MiKTeX\tex/latex/graphics\keyval.sty
Package: keyval 2022/05/29 v1.15 key=value parser (DPC)
\KV@toks@=\toks19
) (C:\Users\grego\AppData\Local\Programs\MiKTeX\tex/generic/iftex\ifvtex.sty
Package: ifvtex 2019/10/25 v1.7 ifvtex legacy package. Use iftex instead.
 (C:\Users\grego\AppData\Local\Programs\MiKTeX\tex/generic/iftex\iftex.sty
Package: iftex 2024/12/12 v1.0g TeX engine tests
))
\Gm@cnth=\count284
\Gm@cntv=\count285
\c@Gm@tempcnt=\count286
\Gm@bindingoffset=\dimen149
\Gm@wd@mp=\dimen150
\Gm@odd@mp=\dimen151
\Gm@even@mp=\dimen152
\Gm@layoutwidth=\dimen153
\Gm@layoutheight=\dimen154
\Gm@layouthoffset=\dimen155
\Gm@layoutvoffset=\dimen156
\Gm@dimlist=\toks20
 (C:\Users\grego\AppData\Local\Programs\MiKTeX\tex/latex/geometry\geometry.cfg)) (C:\Users\grego\AppData\Local\Programs\MiKTeX\tex/latex/psnfss\mathptmx.sty
Package: mathptmx 2020/03/25 PSNFSS-v9.3 Times w/ Math, improved (SPQR, WaS) 
LaTeX Font Info:    Redeclaring symbol font `operators' on input line 28.
LaTeX Font Info:    Overwriting symbol font `operators' in version `normal'
(Font)                  OT1/cmr/m/n --> OT1/ztmcm/m/n on input line 28.
LaTeX Font Info:    Overwriting symbol font `operators' in version `bold'
(Font)                  OT1/cmr/bx/n --> OT1/ztmcm/m/n on input line 28.
LaTeX Font Info:    Redeclaring symbol font `letters' on input line 29.
LaTeX Font Info:    Overwriting symbol font `letters' in version `normal'
(Font)                  OML/cmm/m/it --> OML/ztmcm/m/it on input line 29.
LaTeX Font Info:    Overwriting symbol font `letters' in version `bold'
(Font)                  OML/cmm/b/it --> OML/ztmcm/m/it on input line 29.
LaTeX Font Info:    Redeclaring symbol font `symbols' on input line 30.
LaTeX Font Info:    Overwriting symbol font `symbols' in version `normal'
(Font)                  OMS/cmsy/m/n --> OMS/ztmcm/m/n on input line 30.
LaTeX Font Info:    Overwriting symbol font `symbols' in version `bold'
(Font)                  OMS/cmsy/b/n --> OMS/ztmcm/m/n on input line 30.
LaTeX Font Info:    Redeclaring symbol font `largesymbols' on input line 31.
LaTeX Font Info:    Overwriting symbol font `largesymbols' in version `normal'
(Font)                  OMX/cmex/m/n --> OMX/ztmcm/m/n on input line 31.
LaTeX Font Info:    Overwriting symbol font `largesymbols' in version `bold'
(Font)                  OMX/cmex/m/n --> OMX/ztmcm/m/n on input line 31.
\symbold=\mathgroup4
\symitalic=\mathgroup5
LaTeX Font Info:    Redeclaring math alphabet \mathbf on input line 34.
LaTeX Font Info:    Overwriting math alphabet `\mathbf' in version `normal'
(Font)                  OT1/cmr/bx/n --> OT1/ptm/bx/n on input line 34.
LaTeX Font Info:    Overwriting math alphabet `\mathbf' in version `bold'
(Font)                  OT1/cmr/bx/n --> OT1/ptm/bx/n on input line 34.
LaTeX Font Info:    Redeclaring math alphabet \mathit on input line 35.
LaTeX Font Info:    Overwriting math alphabet `\mathit' in version `normal'
(Font)                  OT1/cmr/m/it --> OT1/ptm/m/it on input line 35.
LaTeX Font Info:    Overwriting math alphabet `\mathit' in version `bold'
(Font)                  OT1/cmr/bx/it --> OT1/ptm/m/it on input line 35.
LaTeX Info: Redefining \hbar on input line 50.
) (C:\Users\grego\AppData\Local\Programs\MiKTeX\tex/latex/xcolor\xcolor.sty
Package: xcolor 2024/09/29 v3.02 LaTeX color extensions (UK)
 (C:\Users\grego\AppData\Local\Programs\MiKTeX\tex/latex/graphics-cfg\color.cfg
File: color.cfg 2016/01/02 v1.6 sample color configuration
)
Package xcolor Info: Driver file: pdftex.def on input line 274.
 (C:\Users\grego\AppData\Local\Programs\MiKTeX\tex/latex/graphics-def\pdftex.def
File: pdftex.def 2025/09/29 v1.2d Graphics/color driver for pdftex
) (C:\Users\grego\AppData\Local\Programs\MiKTeX\tex/latex/graphics\mathcolor.ltx)
Package xcolor Info: Model `cmy' substituted by `cmy0' on input line 1349.
Package xcolor Info: Model `hsb' substituted by `rgb' on input line 1353.
Package xcolor Info: Model `RGB' extended on input line 1365.
Package xcolor Info: Model `HTML' substituted by `rgb' on input line 1367.
Package xcolor Info: Model `Hsb' substituted by `hsb' on input line 1368.
Package xcolor Info: Model `tHsb' substituted by `hsb' on input line 1369.
Package xcolor Info: Model `HSB' substituted by `hsb' on input line 1370.
Package xcolor Info: Model `Gray' substituted by `gray' on input line 1371.
Package xcolor Info: Model `wave' substituted by `hsb' on input line 1372.
) (C:\Users\grego\AppData\Local\Programs\MiKTeX\tex/latex/graphics\graphicx.sty
Package: graphicx 2024/12/31 v1.2e Enhanced LaTeX Graphics (DPC,SPQR)
 (C:\Users\grego\AppData\Local\Programs\MiKTeX\tex/latex/graphics\graphics.sty
Package: graphics 2024/08/06 v1.4g Standard LaTeX Graphics (DPC,SPQR)
 (C:\Users\grego\AppData\Local\Programs\MiKTeX\tex/latex/graphics\trig.sty
Package: trig 2023/12/02 v1.11 sin cos tan (DPC)
) (C:\Users\grego\AppData\Local\Programs\MiKTeX\tex/latex/graphics-cfg\graphics.cfg
File: graphics.cfg 2016/06/04 v1.11 sample graphics configuration
)
Package graphics Info: Driver file: pdftex.def on input line 106.
)
\Gin@req@height=\dimen157
\Gin@req@width=\dimen158
) (C:\Users\grego\AppData\Local\Programs\MiKTeX\tex/latex/float\float.sty
Package: float 2001/11/08 v1.3d Float enhancements (AL)
\c@float@type=\count287
\float@exts=\toks21
\float@box=\box53
\@float@everytoks=\toks22
\@floatcapt=\box54
) (C:\Users\grego\AppData\Local\Programs\MiKTeX\tex/latex/subfig\subfig.sty
Package: subfig 2005/06/28 ver: 1.3 subfig package
 (C:\Users\grego\AppData\Local\Programs\MiKTeX\tex/latex/caption\caption.sty
Package: caption 2023/08/05 v3.6o Customizing captions (AR)
 (C:\Users\grego\AppData\Local\Programs\MiKTeX\tex/latex/caption\caption3.sty
Package: caption3 2023/07/31 v2.4d caption3 kernel (AR)
\caption@tempdima=\dimen159
\captionmargin=\dimen160
\caption@leftmargin=\dimen161
\caption@rightmargin=\dimen162
\caption@width=\dimen163
\caption@indent=\dimen164
\caption@parindent=\dimen165
\caption@hangindent=\dimen166
Package caption Info: Standard document class detected.
)
\c@caption@flags=\count288
\c@continuedfloat=\count289
Package caption Info: float package is loaded.
)
\c@KVtest=\count290
\sf@farskip=\skip51
\sf@captopadj=\dimen167
\sf@capskip=\skip52
\sf@nearskip=\skip53
\c@subfigure=\count291
\c@subfigure@save=\count292
\c@lofdepth=\count293
\c@subtable=\count294
\c@subtable@save=\count295
\c@lotdepth=\count296
\sf@top=\skip54
\sf@bottom=\skip55
) (C:\Users\grego\AppData\Local\Programs\MiKTeX\tex/latex/fancyhdr\fancyhdr.sty
Package: fancyhdr 2025/02/07 v5.2 Extensive control of page headers and footers
\f@nch@headwidth=\skip56
\f@nch@offset@elh=\skip57
\f@nch@offset@erh=\skip58
\f@nch@offset@olh=\skip59
\f@nch@offset@orh=\skip60
\f@nch@offset@elf=\skip61
\f@nch@offset@erf=\skip62
\f@nch@offset@olf=\skip63
\f@nch@offset@orf=\skip64
\f@nch@height=\skip65
\f@nch@footalignment=\skip66
\f@nch@widthL=\skip67
\f@nch@widthC=\skip68
\f@nch@widthR=\skip69
\@temptokenb=\toks23
) (C:\Users\grego\AppData\Local\Programs\MiKTeX\tex/latex/listings\listings.sty
\lst@mode=\count297
\lst@gtempboxa=\box55
\lst@token=\toks24
\lst@length=\count298
\lst@currlwidth=\dimen168
\lst@column=\count299
\lst@pos=\count300
\lst@lostspace=\dimen169
\lst@width=\dimen170
\lst@newlines=\count301
\lst@lineno=\count302
\lst@maxwidth=\dimen171
 (C:\Users\grego\AppData\Local\Programs\MiKTeX\tex/latex/listings\lstpatch.sty
File: lstpatch.sty 2025/11/14 1.11b (Carsten Heinz)
) (C:\Users\grego\AppData\Local\Programs\MiKTeX\tex/latex/listings\lstmisc.sty
File: lstmisc.sty 2025/11/14 1.11b (Carsten Heinz)
\c@lstnumber=\count303
\lst@skipnumbers=\count304
\lst@framebox=\box56
) (C:\Users\grego\AppData\Local\Programs\MiKTeX\tex/latex/listings\listings.cfg
File: listings.cfg 2025/11/14 1.11b listings configuration
))
Package: listings 2025/11/14 1.11b (Carsten Heinz)

==> First Aid for listings.sty no longer applied!
    Expected:
        2024/09/23 1.10c (Carsten Heinz)
    but found:
        2025/11/14 1.11b (Carsten Heinz)
    so I'm assuming it got fixed.
(C:\Users\grego\AppData\Local\Programs\MiKTeX\tex/latex/csquotes\csquotes.sty
Package: csquotes 2024-04-04 v5.2o context-sensitive quotations (JAW)
 (C:\Users\grego\AppData\Local\Programs\MiKTeX\tex/latex/etoolbox\etoolbox.sty
Package: etoolbox 2025/10/02 v2.5m e-TeX tools for LaTeX (JAW)
\etb@tempcnta=\count305
)
\csq@reset=\count306
\csq@gtype=\count307
\csq@glevel=\count308
\csq@qlevel=\count309
\csq@maxlvl=\count310
\csq@tshold=\count311
\csq@ltx@everypar=\toks25
 (C:\Users\grego\AppData\Local\Programs\MiKTeX\tex/latex/csquotes\csquotes.def
File: csquotes.def 2024-04-04 v5.2o csquotes generic definitions (JAW)
)
Package csquotes Info: Trying to load configuration file 'csquotes.cfg'...
Package csquotes Info: ... configuration file loaded successfully.
 (C:\Users\grego\AppData\Local\Programs\MiKTeX\tex/latex/csquotes\csquotes.cfg
File: csquotes.cfg 
)) (C:\Users\grego\AppData\Local\Programs\MiKTeX\tex/latex/amsmath\amsmath.sty
Package: amsmath 2025/07/09 v2.17z AMS math features
\@mathmargin=\skip70

For additional information on amsmath, use the `?' option.
(C:\Users\grego\AppData\Local\Programs\MiKTeX\tex/latex/amsmath\amstext.sty
Package: amstext 2024/11/17 v2.01 AMS text
 (C:\Users\grego\AppData\Local\Programs\MiKTeX\tex/latex/amsmath\amsgen.sty
File: amsgen.sty 1999/11/30 v2.0 generic functions
\@emptytoks=\toks26
\ex@=\dimen172
)) (C:\Users\grego\AppData\Local\Programs\MiKTeX\tex/latex/amsmath\amsbsy.sty
Package: amsbsy 1999/11/29 v1.2d Bold Symbols
\pmbraise@=\dimen173
) (C:\Users\grego\AppData\Local\Programs\MiKTeX\tex/latex/amsmath\amsopn.sty
Package: amsopn 2022/04/08 v2.04 operator names
)
\inf@bad=\count312
LaTeX Info: Redefining \frac on input line 233.
\uproot@=\count313
\leftroot@=\count314
LaTeX Info: Redefining \overline on input line 398.
LaTeX Info: Redefining \colon on input line 409.
\classnum@=\count315
\DOTSCASE@=\count316
LaTeX Info: Redefining \ldots on input line 495.
LaTeX Info: Redefining \dots on input line 498.
LaTeX Info: Redefining \cdots on input line 619.
\Mathstrutbox@=\box57
\strutbox@=\box58
LaTeX Info: Redefining \big on input line 721.
LaTeX Info: Redefining \Big on input line 722.
LaTeX Info: Redefining \bigg on input line 723.
LaTeX Info: Redefining \Bigg on input line 724.
\big@size=\dimen174
LaTeX Font Info:    Redeclaring font encoding OML on input line 742.
LaTeX Font Info:    Redeclaring font encoding OMS on input line 743.
\macc@depth=\count317
LaTeX Info: Redefining \bmod on input line 904.
LaTeX Info: Redefining \pmod on input line 909.
LaTeX Info: Redefining \smash on input line 939.
LaTeX Info: Redefining \relbar on input line 969.
LaTeX Info: Redefining \Relbar on input line 970.
\c@MaxMatrixCols=\count318
\dotsspace@=\muskip17
\c@parentequation=\count319
\dspbrk@lvl=\count320
\tag@help=\toks27
\row@=\count321
\column@=\count322
\maxfields@=\count323
\andhelp@=\toks28
\eqnshift@=\dimen175
\alignsep@=\dimen176
\tagshift@=\dimen177
\tagwidth@=\dimen178
\totwidth@=\dimen179
\lineht@=\dimen180
\@envbody=\toks29
\multlinegap=\skip71
\multlinetaggap=\skip72
\mathdisplay@stack=\toks30
LaTeX Info: Redefining \[ on input line 2950.
LaTeX Info: Redefining \] on input line 2951.
) (C:\Users\grego\AppData\Local\Programs\MiKTeX\tex/latex/numprint\numprint.sty
Package: numprint 2012/08/20 v1.39 Print numbers (HH)
 (C:\Users\grego\AppData\Local\Programs\MiKTeX\tex/latex/tools\array.sty
Package: array 2025/09/25 v2.6n Tabular extension package (FMi)
\col@sep=\dimen181
\ar@mcellbox=\box59
\extrarowheight=\dimen182
\NC@list=\toks31
\extratabsurround=\skip73
\backup@length=\skip74
\ar@cellbox=\box60
)
\c@nprt@mantissa@digitsbefore=\count324
\c@nprt@mantissa@digitsafter=\count325
\c@nprt@exponent@digitsbefore=\count326
\c@nprt@exponent@digitsafter=\count327
\nprt@digitwidth=\skip75
\nprt@sepwidth=\skip76
\nprt@decimalwidth=\skip77
\nprt@blockwidth=\skip78
\nprt@digittoks=\toks32
\nprt@pretoks=\toks33
\nprt@posttoks=\toks34
\nprt@thisdigit=\count328
\nprt@curpos=\count329
\nprt@rndpos=\count330
\c@nprt@digitsfirstblock=\count331
\c@nprt@blockcnt=\count332
\c@nprt@cntprint=\count333
 No configuration file `numprint.cfg' found.) (C:\Users\grego\AppData\Local\Programs\MiKTeX\tex/latex/tocbibind\tocbibind.sty
Package: tocbibind 2010/10/13 v1.5k extra ToC listings
Package tocbibind Info: The document has chapter divisions on input line 50.


Package tocbibind Note: Using chapter style headings, unless overridden.

) (C:\Users\grego\AppData\Local\Programs\MiKTeX\tex/latex/xurl\xurl.sty
Package: xurl 2022/01/09 v 0.10 modify URL breaks
 (C:\Users\grego\AppData\Local\Programs\MiKTeX\tex/latex/url\url.sty
\Urlmuskip=\muskip18
Package: url 2013/09/16  ver 3.4  Verb mode for urls, etc.
)) (C:\Users\grego\AppData\Local\Programs\MiKTeX\tex/latex/hyperref\hyperref.sty
Package: hyperref 2026-01-29 v7.01p Hypertext links for LaTeX
 (C:\Users\grego\AppData\Local\Programs\MiKTeX\tex/latex/kvsetkeys\kvsetkeys.sty
Package: kvsetkeys 2022-10-05 v1.19 Key value parser (HO)
) (C:\Users\grego\AppData\Local\Programs\MiKTeX\tex/generic/kvdefinekeys\kvdefinekeys.sty
Package: kvdefinekeys 2019-12-19 v1.6 Define keys (HO)
) (C:\Users\grego\AppData\Local\Programs\MiKTeX\tex/generic/pdfescape\pdfescape.sty
Package: pdfescape 2019/12/09 v1.15 Implements pdfTeX's escape features (HO)
 (C:\Users\grego\AppData\Local\Programs\MiKTeX\tex/generic/ltxcmds\ltxcmds.sty
Package: ltxcmds 2023-12-04 v1.26 LaTeX kernel commands for general use (HO)
) (C:\Users\grego\AppData\Local\Programs\MiKTeX\tex/generic/pdftexcmds\pdftexcmds.sty
Package: pdftexcmds 2020-06-27 v0.33 Utility functions of pdfTeX for LuaTeX (HO)
 (C:\Users\grego\AppData\Local\Programs\MiKTeX\tex/generic/infwarerr\infwarerr.sty
Package: infwarerr 2019/12/03 v1.5 Providing info/warning/error messages (HO)
)
Package pdftexcmds Info: \pdf@primitive is available.
Package pdftexcmds Info: \pdf@ifprimitive is available.
Package pdftexcmds Info: \pdfdraftmode found.
)) (C:\Users\grego\AppData\Local\Programs\MiKTeX\tex/latex/hycolor\hycolor.sty
Package: hycolor 2020-01-27 v1.10 Color options for hyperref/bookmark (HO)
) (C:\Users\grego\AppData\Local\Programs\MiKTeX\tex/latex/hyperref\nameref.sty
Package: nameref 2026-01-29 v2.58 Cross-referencing by name of section
 (C:\Users\grego\AppData\Local\Programs\MiKTeX\tex/latex/refcount\refcount.sty
Package: refcount 2019/12/15 v3.6 Data extraction from label references (HO)
) (C:\Users\grego\AppData\Local\Programs\MiKTeX\tex/generic/gettitlestring\gettitlestring.sty
Package: gettitlestring 2019/12/15 v1.6 Cleanup title references (HO)
 (C:\Users\grego\AppData\Local\Programs\MiKTeX\tex/latex/kvoptions\kvoptions.sty
Package: kvoptions 2022-06-15 v3.15 Key value format for package options (HO)
))
\c@section@level=\count334
) (C:\Users\grego\AppData\Local\Programs\MiKTeX\tex/generic/stringenc\stringenc.sty
Package: stringenc 2019/11/29 v1.12 Convert strings between diff. encodings (HO)
)
\@linkdim=\dimen183
\Hy@linkcounter=\count335
\Hy@pagecounter=\count336
 (C:\Users\grego\AppData\Local\Programs\MiKTeX\tex/latex/hyperref\pd1enc.def
File: pd1enc.def 2026-01-29 v7.01p Hyperref: PDFDocEncoding definition (HO)
Now handling font encoding PD1 ...
... no UTF-8 mapping file for font encoding PD1
) (C:\Users\grego\AppData\Local\Programs\MiKTeX\tex/generic/intcalc\intcalc.sty
Package: intcalc 2019/12/15 v1.3 Expandable calculations with integers (HO)
)
\Hy@SavedSpaceFactor=\count337
 (C:\Users\grego\AppData\Local\Programs\MiKTeX\tex/latex/hyperref\puenc.def
File: puenc.def 2026-01-29 v7.01p Hyperref: PDF Unicode definition (HO)
Now handling font encoding PU ...
... no UTF-8 mapping file for font encoding PU
)
Package hyperref Info: Hyper figures OFF on input line 4201.
Package hyperref Info: Link nesting OFF on input line 4206.
Package hyperref Info: Hyper index ON on input line 4209.
Package hyperref Info: Plain pages OFF on input line 4216.
Package hyperref Info: Backreferencing OFF on input line 4221.
Package hyperref Info: Implicit mode ON; LaTeX internals redefined.
Package hyperref Info: Bookmarks ON on input line 4468.
\c@Hy@tempcnt=\count338
LaTeX Info: Redefining \url on input line 4807.
\XeTeXLinkMargin=\dimen184
 (C:\Users\grego\AppData\Local\Programs\MiKTeX\tex/generic/bitset\bitset.sty
Package: bitset 2019/12/09 v1.3 Handle bit-vector datatype (HO)
 (C:\Users\grego\AppData\Local\Programs\MiKTeX\tex/generic/bigintcalc\bigintcalc.sty
Package: bigintcalc 2019/12/15 v1.5 Expandable calculations on big integers (HO)
))
\Fld@menulength=\count339
\Field@Width=\dimen185
\Fld@charsize=\dimen186
Package hyperref Info: Hyper figures OFF on input line 6084.
Package hyperref Info: Link nesting OFF on input line 6089.
Package hyperref Info: Hyper index ON on input line 6092.
Package hyperref Info: backreferencing OFF on input line 6099.
Package hyperref Info: Link coloring OFF on input line 6104.
Package hyperref Info: Link coloring with OCG OFF on input line 6109.
Package hyperref Info: PDF/A mode OFF on input line 6114.
\Hy@abspage=\count340
\c@Item=\count341
\c@Hfootnote=\count342
)
Package hyperref Info: Driver (autodetected): hpdftex.
 (C:\Users\grego\AppData\Local\Programs\MiKTeX\tex/latex/hyperref\hpdftex.def
File: hpdftex.def 2026-01-29 v7.01p Hyperref driver for pdfTeX
\Fld@listcount=\count343
\c@bookmark@seq@number=\count344
 (C:\Users\grego\AppData\Local\Programs\MiKTeX\tex/latex/rerunfilecheck\rerunfilecheck.sty
Package: rerunfilecheck 2025-06-21 v1.11 Rerun checks for auxiliary files (HO)
 (C:\Users\grego\AppData\Local\Programs\MiKTeX\tex/generic/uniquecounter\uniquecounter.sty
Package: uniquecounter 2019/12/15 v1.4 Provide unlimited unique counter (HO)
)
Package uniquecounter Info: New unique counter `rerunfilecheck' on input line 284.
)
\Hy@SectionHShift=\skip79
) (C:\Users\grego\AppData\Local\Programs\MiKTeX\tex/latex/acronym\acronym.sty
Package: acronym 2025/01/17 v1.50 Support for acronyms (Tobias Oetiker)
 (C:\Users\grego\AppData\Local\Programs\MiKTeX\tex/latex/bigfoot\suffix.sty
Package: suffix 2006/07/15 1.5a Variant command support
) (C:\Users\grego\AppData\Local\Programs\MiKTeX\tex/latex/xstring\xstring.sty (C:\Users\grego\AppData\Local\Programs\MiKTeX\tex/generic/xstring\xstring.tex
\xs_counta=\count345
\xs_countb=\count346
)
Package: xstring 2023/08/22 v1.86 String manipulations (CT)
)
\AC@clearlist=\toks35
) (C:\Users\grego\AppData\Local\Programs\MiKTeX\tex/latex/biblatex\biblatex.sty
Package: biblatex 2025/07/10 v3.21 programmable bibliographies (PK/MW)
 (C:\Users\grego\AppData\Local\Programs\MiKTeX\tex/latex/logreq\logreq.sty
Package: logreq 2010/08/04 v1.0 xml request logger
\lrq@indent=\count347
 (C:\Users\grego\AppData\Local\Programs\MiKTeX\tex/latex/logreq\logreq.def
File: logreq.def 2010/08/04 v1.0 logreq spec v1.0
)) (C:\Users\grego\AppData\Local\Programs\MiKTeX\tex/latex/base\ifthen.sty
Package: ifthen 2024/03/16 v1.1e Standard LaTeX ifthen package (DPC)
)
\c@tabx@nest=\count348
\c@listtotal=\count349
\c@listcount=\count350
\c@liststart=\count351
\c@liststop=\count352
\c@citecount=\count353
\c@citetotal=\count354
\c@multicitecount=\count355
\c@multicitetotal=\count356
\c@instcount=\count357
\c@maxnames=\count358
\c@minnames=\count359
\c@maxitems=\count360
\c@minitems=\count361
\c@citecounter=\count362
\c@maxcitecounter=\count363
\c@savedcitecounter=\count364
\c@uniquelist=\count365
\c@uniquename=\count366
\c@refsection=\count367
\c@refsegment=\count368
\c@maxextratitle=\count369
\c@maxextratitleyear=\count370
\c@maxextraname=\count371
\c@maxextradate=\count372
\c@maxextraalpha=\count373
\c@abbrvpenalty=\count374
\c@highnamepenalty=\count375
\c@lownamepenalty=\count376
\c@maxparens=\count377
\c@parenlevel=\count378
\blx@tempcnta=\count379
\blx@tempcntb=\count380
\blx@tempcntc=\count381
\c@blx@maxsection=\count382
\blx@maxsegment@0=\count383
\blx@notetype=\count384
\blx@parenlevel@text=\count385
\blx@parenlevel@foot=\count386
\blx@sectionciteorder@0=\count387
\blx@sectionciteorderinternal@0=\count388
\blx@entrysetcounter=\count389
\blx@biblioinstance=\count390
\labelnumberwidth=\skip80
\labelalphawidth=\skip81
\biblabelsep=\skip82
\bibitemsep=\skip83
\bibnamesep=\skip84
\bibinitsep=\skip85
\bibparsep=\skip86
\bibhang=\skip87
\blx@bcfin=\read2
\blx@bcfout=\write3
\blx@langwohyphens=\language79
\c@mincomprange=\count391
\c@maxcomprange=\count392
\c@mincompwidth=\count393
Package biblatex Info: Trying to load biblatex default data model...
Package biblatex Info: ... file 'blx-dm.def' found.
 (C:\Users\grego\AppData\Local\Programs\MiKTeX\tex/latex/biblatex\blx-dm.def
File: blx-dm.def 2025/07/10 v3.21 biblatex datamodel (PK/MW)
)
Package biblatex Info: Trying to load biblatex style data model...
Package biblatex Info: ... file 'numeric.dbx' not found.
Package biblatex Info: Trying to load biblatex custom data model...
Package biblatex Info: ... file 'biblatex-dm.cfg' not found.
\c@afterword=\count394
\c@savedafterword=\count395
\c@annotator=\count396
\c@savedannotator=\count397
\c@author=\count398
\c@savedauthor=\count399
\c@bookauthor=\count400
\c@savedbookauthor=\count401
\c@commentator=\count402
\c@savedcommentator=\count403
\c@editor=\count404
\c@savededitor=\count405
\c@editora=\count406
\c@savededitora=\count407
\c@editorb=\count408
\c@savededitorb=\count409
\c@editorc=\count410
\c@savededitorc=\count411
\c@foreword=\count412
\c@savedforeword=\count413
\c@holder=\count414
\c@savedholder=\count415
\c@introduction=\count416
\c@savedintroduction=\count417
\c@namea=\count418
\c@savednamea=\count419
\c@nameb=\count420
\c@savednameb=\count421
\c@namec=\count422
\c@savednamec=\count423
\c@translator=\count424
\c@savedtranslator=\count425
\c@shortauthor=\count426
\c@savedshortauthor=\count427
\c@shorteditor=\count428
\c@savedshorteditor=\count429
\c@labelname=\count430
\c@savedlabelname=\count431
\c@institution=\count432
\c@savedinstitution=\count433
\c@lista=\count434
\c@savedlista=\count435
\c@listb=\count436
\c@savedlistb=\count437
\c@listc=\count438
\c@savedlistc=\count439
\c@listd=\count440
\c@savedlistd=\count441
\c@liste=\count442
\c@savedliste=\count443
\c@listf=\count444
\c@savedlistf=\count445
\c@location=\count446
\c@savedlocation=\count447
\c@organization=\count448
\c@savedorganization=\count449
\c@origlocation=\count450
\c@savedoriglocation=\count451
\c@origpublisher=\count452
\c@savedorigpublisher=\count453
\c@publisher=\count454
\c@savedpublisher=\count455
\c@language=\count456
\c@savedlanguage=\count457
\c@origlanguage=\count458
\c@savedoriglanguage=\count459
\c@pageref=\count460
\c@savedpageref=\count461
\shorthandwidth=\skip88
\shortjournalwidth=\skip89
\shortserieswidth=\skip90
\shorttitlewidth=\skip91
\shortauthorwidth=\skip92
\shorteditorwidth=\skip93
\locallabelnumberwidth=\skip94
\locallabelalphawidth=\skip95
\localshorthandwidth=\skip96
\localshortjournalwidth=\skip97
\localshortserieswidth=\skip98
\localshorttitlewidth=\skip99
\localshortauthorwidth=\skip100
\localshorteditorwidth=\skip101
Package biblatex Info: Trying to load compatibility code...
Package biblatex Info: ... file 'blx-compat.def' found.
 (C:\Users\grego\AppData\Local\Programs\MiKTeX\tex/latex/biblatex\blx-compat.def
File: blx-compat.def 2025/07/10 v3.21 biblatex compatibility (PK/MW)
)
Package biblatex Info: Trying to load generic definitions...
Package biblatex Info: ... file 'biblatex.def' found.
 (C:\Users\grego\AppData\Local\Programs\MiKTeX\tex/latex/biblatex\biblatex.def
File: biblatex.def 2025/07/10 v3.21 biblatex compatibility (PK/MW)
\c@textcitecount=\count462
\c@textcitetotal=\count463
\c@textcitemaxnames=\count464
\c@biburlbigbreakpenalty=\count465
\c@biburlbreakpenalty=\count466
\c@biburlnumpenalty=\count467
\c@biburlucpenalty=\count468
\c@biburllcpenalty=\count469
\biburlbigskip=\muskip19
\biburlnumskip=\muskip20
\biburlucskip=\muskip21
\biburllcskip=\muskip22
\c@smartand=\count470
)
Package biblatex Info: Trying to load bibliography style 'numeric'...
Package biblatex Info: ... file 'numeric.bbx' found.
 (C:\Users\grego\AppData\Local\Programs\MiKTeX\tex/latex/biblatex/bbx\numeric.bbx
File: numeric.bbx 2025/07/10 v3.21 biblatex bibliography style (PK/MW)
Package biblatex Info: Trying to load bibliography style 'standard'...
Package biblatex Info: ... file 'standard.bbx' found.
 (C:\Users\grego\AppData\Local\Programs\MiKTeX\tex/latex/biblatex/bbx\standard.bbx
File: standard.bbx 2025/07/10 v3.21 biblatex bibliography style (PK/MW)
\c@bbx:relatedcount=\count471
\c@bbx:relatedtotal=\count472
))
Package biblatex Info: Trying to load citation style 'numeric'...
Package biblatex Info: ... file 'numeric.cbx' found.
 (C:\Users\grego\AppData\Local\Programs\MiKTeX\tex/latex/biblatex/cbx\numeric.cbx
File: numeric.cbx 2025/07/10 v3.21 biblatex citation style (PK/MW)
Package biblatex Info: Redefining '\cite'.
Package biblatex Info: Redefining '\parencite'.
Package biblatex Info: Redefining '\footcite'.
Package biblatex Info: Redefining '\footcitetext'.
Package biblatex Info: Redefining '\smartcite'.
Package biblatex Info: Redefining '\supercite'.
Package biblatex Info: Redefining '\textcite'.
Package biblatex Info: Redefining '\textcites'.
Package biblatex Info: Redefining '\cites'.
Package biblatex Info: Redefining '\parencites'.
Package biblatex Info: Redefining '\smartcites'.
)
Package biblatex Info: Trying to load configuration file...
Package biblatex Info: ... file 'biblatex.cfg' found.
 (C:\Users\grego\AppData\Local\Programs\MiKTeX\tex/latex/biblatex\biblatex.cfg
File: biblatex.cfg 
)
Package biblatex Info: Input encoding 'utf8' detected.
Package biblatex Info: Document encoding is UTF8 ....
 (C:\Users\grego\AppData\Local\Programs\MiKTeX\tex/latex/l3kernel\expl3.sty
Package: expl3 2026-01-19 L3 programming layer (loader) 
 (C:\Users\grego\AppData\Local\Programs\MiKTeX\tex/latex/l3backend\l3backend-pdftex.def
File: l3backend-pdftex.def 2025-10-09 L3 backend support: PDF output (pdfTeX)
\l__color_backend_stack_int=\count473
))
Package biblatex Info: ... and expl3
(biblatex)             2026-01-19 L3 programming layer (loader) 
(biblatex)             is new enough (at least 2020/04/06),
(biblatex)             setting 'casechanger=expl3'.
 (C:\Users\grego\AppData\Local\Programs\MiKTeX\tex/latex/biblatex\blx-case-expl3.sty (C:\Users\grego\AppData\Local\Programs\MiKTeX\tex/latex/l3packages/xparse\xparse.sty
Package: xparse 2025-10-09 L3 Experimental document command parser
)
Package: blx-case-expl3 2025/07/10 v3.21 expl3 case changing code for biblatex
))
Package csquotes Info: Checking for multilingual support...
Package csquotes Info: ... none found.
LaTeX Font Info:    Trying to load font information for OT1+ptm on input line 84.
 (C:\Users\grego\AppData\Local\Programs\MiKTeX\tex/latex/psnfss\ot1ptm.fd
File: ot1ptm.fd 2001/06/04 font definitions for OT1/ptm.
) (main.aux

LaTeX Warning: Label `fig:test_ping' multiply defined.

)
\openout1 = `main.aux'.

LaTeX Font Info:    Checking defaults for OML/cmm/m/it on input line 84.
LaTeX Font Info:    ... okay on input line 84.
LaTeX Font Info:    Checking defaults for OMS/cmsy/m/n on input line 84.
LaTeX Font Info:    ... okay on input line 84.
LaTeX Font Info:    Checking defaults for OT1/cmr/m/n on input line 84.
LaTeX Font Info:    ... okay on input line 84.
LaTeX Font Info:    Checking defaults for T1/cmr/m/n on input line 84.
LaTeX Font Info:    ... okay on input line 84.
LaTeX Font Info:    Checking defaults for TS1/cmr/m/n on input line 84.
LaTeX Font Info:    ... okay on input line 84.
LaTeX Font Info:    Checking defaults for OMX/cmex/m/n on input line 84.
LaTeX Font Info:    ... okay on input line 84.
LaTeX Font Info:    Checking defaults for U/cmr/m/n on input line 84.
LaTeX Font Info:    ... okay on input line 84.
LaTeX Font Info:    Checking defaults for PD1/pdf/m/n on input line 84.
LaTeX Font Info:    ... okay on input line 84.
LaTeX Font Info:    Checking defaults for PU/pdf/m/n on input line 84.
LaTeX Font Info:    ... okay on input line 84.

*geometry* driver: auto-detecting
*geometry* detected driver: pdftex
*geometry* verbose mode - [ preamble ] result:
* driver: pdftex
* paper: a4paper
* layout: <same size as paper>
* layoutoffset:(h,v)=(0.0pt,0.0pt)
* modes: 
* h-part:(L,W,R)=(99.58464pt, 398.3386pt, 99.58464pt)
* v-part:(T,H,B)=(56.9055pt, 717.00946pt, 71.13188pt)
* \paperwidth=597.50787pt
* \paperheight=845.04684pt
* \textwidth=398.3386pt
* \textheight=717.00946pt
* \oddsidemargin=27.31465pt
* \evensidemargin=27.31465pt
* \topmargin=-52.36449pt
* \headheight=12.0pt
* \headsep=25.0pt
* \topskip=12.0pt
* \footskip=30.0pt
* \marginparwidth=56.9055pt
* \marginparsep=10.0pt
* \columnsep=10.0pt
* \skip\footins=10.8pt plus 4.0pt minus 2.0pt
* \hoffset=0.0pt
* \voffset=0.0pt
* \mag=1000
* \@twocolumnfalse
* \@twosidefalse
* \@mparswitchfalse
* \@reversemarginfalse
* (1in=72.27pt=25.4mm, 1cm=28.453pt)

(C:\Users\grego\AppData\Local\Programs\MiKTeX\tex/context/base/mkii\supp-pdf.mkii
[Loading MPS to PDF converter (version 2006.09.02).]
\scratchcounter=\count474
\scratchdimen=\dimen187
\scratchbox=\box61
\nofMPsegments=\count475
\nofMParguments=\count476
\everyMPshowfont=\toks36
\MPscratchCnt=\count477
\MPscratchDim=\dimen188
\MPnumerator=\count478
\makeMPintoPDFobject=\count479
\everyMPtoPDFconversion=\toks37
) (C:\Users\grego\AppData\Local\Programs\MiKTeX\tex/latex/epstopdf-pkg\epstopdf-base.sty
Package: epstopdf-base 2020-01-24 v2.11 Base part for package epstopdf
Package epstopdf-base Info: Redefining graphics rule for `.eps' on input line 485.
 (C:\Users\grego\AppData\Local\Programs\MiKTeX\tex/latex/00miktex\epstopdf-sys.cfg
File: epstopdf-sys.cfg 2021/03/18 v2.0 Configuration of epstopdf for MiKTeX
))
Package caption Info: Begin \AtBeginDocument code.
Package caption Info: subfig package v1.3 is loaded.
Package caption Info: hyperref package is loaded.
Package caption Info: listings package is loaded.
Package caption Info: End \AtBeginDocument code.
\c@lstlisting=\count480
Package hyperref Info: Link coloring OFF on input line 84.
 (main.out) (main.out)
\@outlinefile=\write4
\openout4 = `main.out'.

Package biblatex Info: Trying to load language 'english'...
Package biblatex Info: ... file 'english.lbx' found.
 (C:\Users\grego\AppData\Local\Programs\MiKTeX\tex/latex/biblatex/lbx\english.lbx
File: english.lbx 2025/07/10 v3.21 biblatex localization (PK/MW)
)
Package biblatex Info: Input encoding 'utf8' detected.
Package biblatex Info: Automatic encoding selection.
(biblatex)             Assuming data encoding 'utf8'.
\openout3 = `main.bcf'.

Package biblatex Info: Trying to load bibliographic data...
Package biblatex Info: ... file 'main.bbl' found.
 (main.bbl)
Package biblatex Info: Reference section=0 on input line 84.
Package biblatex Info: Reference segment=0 on input line 84.
<../imgs/0-logo.png, id=115, 459.7175pt x 110.4125pt>
File: ../imgs/0-logo.png Graphic file (type png)
<use ../imgs/0-logo.png>
Package pdftex.def Info: ../imgs/0-logo.png  used on input line 91.
(pdftex.def)             Requested size: 318.67209pt x 76.54018pt.
 [1

{C:/Users/grego/AppData/Local/MiKTeX/fonts/map/pdftex/pdftex.map}{C:/Users/grego/AppData/Local/Programs/MiKTeX/fonts/enc/dvips/base/8r.enc} <../imgs/0-logo.png>] (main.toc
LaTeX Font Info:    Trying to load font information for OT1+ztmcm on input line 3.
 (C:\Users\grego\AppData\Local\Programs\MiKTeX\tex/latex/psnfss\ot1ztmcm.fd
File: ot1ztmcm.fd 2000/01/03 Fontinst v1.801 font definitions for OT1/ztmcm.
)
LaTeX Font Info:    Trying to load font information for OML+ztmcm on input line 3.
 (C:\Users\grego\AppData\Local\Programs\MiKTeX\tex/latex/psnfss\omlztmcm.fd
File: omlztmcm.fd 2000/01/03 Fontinst v1.801 font definitions for OML/ztmcm.
)
LaTeX Font Info:    Trying to load font information for OMS+ztmcm on input line 3.
 (C:\Users\grego\AppData\Local\Programs\MiKTeX\tex/latex/psnfss\omsztmcm.fd
File: omsztmcm.fd 2000/01/03 Fontinst v1.801 font definitions for OMS/ztmcm.
)
LaTeX Font Info:    Trying to load font information for OMX+ztmcm on input line 3.
 (C:\Users\grego\AppData\Local\Programs\MiKTeX\tex/latex/psnfss\omxztmcm.fd
File: omxztmcm.fd 2000/01/03 Fontinst v1.801 font definitions for OMX/ztmcm.
)
LaTeX Font Info:    Font shape `OT1/ptm/bx/n' in size <12> not available
(Font)              Font shape `OT1/ptm/b/n' tried instead on input line 3.
LaTeX Font Info:    Font shape `OT1/ptm/bx/n' in size <9> not available
(Font)              Font shape `OT1/ptm/b/n' tried instead on input line 3.
LaTeX Font Info:    Font shape `OT1/ptm/bx/n' in size <7> not available
(Font)              Font shape `OT1/ptm/b/n' tried instead on input line 3.

pdfTeX warning (ext4): destination with the same identifier (name{page.1}) has been already used, duplicate ignored
<to be read again> 
                   \relax 
l.24 ...ter}{\numberline {4}Fixing}{40}{chapter.4}
                                                  % [1

])
\tf@toc=\write5
\openout5 = `main.toc'.

 [2] (../Capitoli/Introduction.tex
Chapter 1.
<../imgs/1.1-extender.jpg, id=160, 387.4475pt x 387.4475pt>
File: ../imgs/1.1-extender.jpg Graphic file (type jpg)
<use ../imgs/1.1-extender.jpg>
Package pdftex.def Info: ../imgs/1.1-extender.jpg  used on input line 8.
(pdftex.def)             Requested size: 199.1693pt x 199.16818pt.
LaTeX Font Info:    Font shape `OT1/ptm/bx/n' in size <10> not available
(Font)              Font shape `OT1/ptm/b/n' tried instead on input line 16.
LaTeX Font Info:    Font shape `OT1/ptm/bx/n' in size <7.4> not available
(Font)              Font shape `OT1/ptm/b/n' tried instead on input line 16.
LaTeX Font Info:    Font shape `OT1/ptm/bx/n' in size <6> not available
(Font)              Font shape `OT1/ptm/b/n' tried instead on input line 16.
<../imgs/1.2-web_page.jpeg, id=164, 2549.525pt x 1517.67pt>
File: ../imgs/1.2-web_page.jpeg Graphic file (type jpg)
<use ../imgs/1.2-web_page.jpeg>
Package pdftex.def Info: ../imgs/1.2-web_page.jpeg  used on input line 28.
(pdftex.def)             Requested size: 318.67209pt x 189.68512pt.
[3


 <../imgs/1.1-extender.jpg>]
LaTeX Font Info:    Trying to load font information for TS1+ptm on input line 42.
 (C:\Users\grego\AppData\Local\Programs\MiKTeX\tex/latex/psnfss\ts1ptm.fd
File: ts1ptm.fd 2001/06/04 font definitions for TS1/ptm.
) [4 <../imgs/1.2-web_page.jpeg>]
<../imgs/1.3-pista-rotta.jpeg, id=186, 813.0375pt x 536.0025pt>
File: ../imgs/1.3-pista-rotta.jpeg Graphic file (type jpg)
<use ../imgs/1.3-pista-rotta.jpeg>
Package pdftex.def Info: ../imgs/1.3-pista-rotta.jpeg  used on input line 57.
(pdftex.def)             Requested size: 318.67209pt x 210.087pt.
<../imgs/1.4-riparazione-1.jpeg, id=190, 1505.625pt x 2007.5pt>
File: ../imgs/1.4-riparazione-1.jpeg Graphic file (type jpg)
<use ../imgs/1.4-riparazione-1.jpeg>
Package pdftex.def Info: ../imgs/1.4-riparazione-1.jpeg  used on input line 66.
(pdftex.def)             Requested size: 318.67209pt x 424.89569pt.
<../imgs/1.5-riparazione-2.jpeg, id=191, 1029.8475pt x 1830.84pt>
File: ../imgs/1.5-riparazione-2.jpeg Graphic file (type jpg)
<use ../imgs/1.5-riparazione-2.jpeg>
Package pdftex.def Info: ../imgs/1.5-riparazione-2.jpeg  used on input line 72.
(pdftex.def)             Requested size: 318.67209pt x 566.5209pt.
 [5 <../imgs/1.3-pista-rotta.jpeg>]
<../imgs/1.6-riparazione-3.jpeg, id=201, 772.38562pt x 749.80125pt>
File: ../imgs/1.6-riparazione-3.jpeg Graphic file (type jpg)
<use ../imgs/1.6-riparazione-3.jpeg>
Package pdftex.def Info: ../imgs/1.6-riparazione-3.jpeg  used on input line 78.
(pdftex.def)             Requested size: 318.67209pt x 309.35403pt.
 [6 <../imgs/1.4-riparazione-1.jpeg>] [7 <../imgs/1.5-riparazione-2.jpeg>]
<../imgs/1.7-eeprom-rotta.jpeg, id=212, 596.2275pt x 676.77844pt>
File: ../imgs/1.7-eeprom-rotta.jpeg Graphic file (type jpg)
<use ../imgs/1.7-eeprom-rotta.jpeg>
Package pdftex.def Info: ../imgs/1.7-eeprom-rotta.jpeg  used on input line 87.
(pdftex.def)             Requested size: 318.67209pt x 361.72694pt.
 [8 <../imgs/1.6-riparazione-3.jpeg>]) (../Capitoli/Analysis.tex [9 <../imgs/1.7-eeprom-rotta.jpeg>]
Chapter 2.
<../imgs/2.1-PCB.jpeg, id=224, 594.72188pt x 1006.51031pt>
File: ../imgs/2.1-PCB.jpeg Graphic file (type jpg)
<use ../imgs/2.1-PCB.jpeg>
Package pdftex.def Info: ../imgs/2.1-PCB.jpeg  used on input line 8.
(pdftex.def)             Requested size: 199.1693pt x 337.06401pt.
[10

 <../imgs/2.1-PCB.jpeg>]
<../imgs/2.2-uart.jpeg, id=234, 411.78844pt x 168.63pt>
File: ../imgs/2.2-uart.jpeg Graphic file (type jpg)
<use ../imgs/2.2-uart.jpeg>
Package pdftex.def Info: ../imgs/2.2-uart.jpeg  used on input line 31.
(pdftex.def)             Requested size: 318.67209pt x 130.49905pt.
 [11]
<../imgs/2.3-boot_log.png, id=244, 844.65562pt x 962.84718pt>
File: ../imgs/2.3-boot_log.png Graphic file (type png)
<use ../imgs/2.3-boot_log.png>
Package pdftex.def Info: ../imgs/2.3-boot_log.png  used on input line 40.
(pdftex.def)             Requested size: 318.67209pt x 363.27058pt.
 [12 <../imgs/2.2-uart.jpeg> <../imgs/2.3-boot_log.png>]
<../imgs/2.4-eeprom.jpeg, id=256, 161.85469pt x 170.88844pt>
File: ../imgs/2.4-eeprom.jpeg Graphic file (type jpg)
<use ../imgs/2.4-eeprom.jpeg>
Package pdftex.def Info: ../imgs/2.4-eeprom.jpeg  used on input line 55.
(pdftex.def)             Requested size: 199.1693pt x 210.29843pt.
<../imgs/BY25D16AS/2.png, id=257, 2055.68pt x 1095.09125pt>
File: ../imgs/BY25D16AS/2.png Graphic file (type png)
<use ../imgs/BY25D16AS/2.png>
Package pdftex.def Info: ../imgs/BY25D16AS/2.png  used on input line 61.
(pdftex.def)             Requested size: 199.1693pt x 106.09004pt.
<../imgs/BY25D16AS/1.png, id=260, 1505.625pt x 1806.75pt>
File: ../imgs/BY25D16AS/1.png Graphic file (type png)
<use ../imgs/BY25D16AS/1.png>
Package pdftex.def Info: ../imgs/BY25D16AS/1.png  used on input line 67.
(pdftex.def)             Requested size: 199.1693pt x 238.99348pt.
 [13 <../imgs/2.4-eeprom.jpeg> <../imgs/BY25D16AS/2.png>]
Underfull \hbox (badness 10000) in paragraph at lines 73--81

 []

[14 <../imgs/BY25D16AS/1.png>]
<../imgs/2.5-dumping_eeprom.jpeg, id=289, 1087.06125pt x 943.27406pt>
File: ../imgs/2.5-dumping_eeprom.jpeg Graphic file (type jpg)
<use ../imgs/2.5-dumping_eeprom.jpeg>
Package pdftex.def Info: ../imgs/2.5-dumping_eeprom.jpeg  used on input line 89.
(pdftex.def)             Requested size: 358.50229pt x 311.0799pt.
<../imgs/2.6-dump_iniziale_eeprom.png, id=291, 922.94812pt x 437.38406pt>
File: ../imgs/2.6-dump_iniziale_eeprom.png Graphic file (type png)
<use ../imgs/2.6-dump_iniziale_eeprom.png>
Package pdftex.def Info: ../imgs/2.6-dump_iniziale_eeprom.png  used on input line 97.
(pdftex.def)             Requested size: 358.50229pt x 169.89168pt.
 [15 <../imgs/2.5-dumping_eeprom.jpeg>] (C:\Users\grego\AppData\Local\Programs\MiKTeX\tex/latex/listings\lstlang1.sty
File: lstlang1.sty 2025/11/14 1.11b listings language file
) (C:\Users\grego\AppData\Local\Programs\MiKTeX\tex/latex/listings\lstlang1.sty
File: lstlang1.sty 2025/11/14 1.11b listings language file
) [16 <../imgs/2.6-dump_iniziale_eeprom.png>]
<../imgs/2.7-binwalk.png, id=312, 1113.40968pt x 649.67719pt>
File: ../imgs/2.7-binwalk.png Graphic file (type png)
<use ../imgs/2.7-binwalk.png>
Package pdftex.def Info: ../imgs/2.7-binwalk.png  used on input line 124.
(pdftex.def)             Requested size: 358.50229pt x 209.17975pt.
 [17 <../imgs/2.7-binwalk.png>] (C:\Users\grego\AppData\Local\Programs\MiKTeX\tex/latex/listings\lstlang1.sty
File: lstlang1.sty 2025/11/14 1.11b listings language file
) (C:\Users\grego\AppData\Local\Programs\MiKTeX\tex/latex/listings\lstmisc.sty
File: lstmisc.sty 2025/11/14 1.11b (Carsten Heinz)
) [18]
<../imgs/2.8-Boa_ghidra.png, id=332, 1175.89313pt x 523.9575pt>
File: ../imgs/2.8-Boa_ghidra.png Graphic file (type png)
<use ../imgs/2.8-Boa_ghidra.png>
Package pdftex.def Info: ../imgs/2.8-Boa_ghidra.png  used on input line 180.
(pdftex.def)             Requested size: 358.50229pt x 159.73885pt.
 [19 <../imgs/2.8-Boa_ghidra.png>]
Overfull \hbox (5.7205pt too wide) in paragraph at lines 216--219
[]\OT1/ptm/m/n/12 Finally, the firmware was started in-ter-ac-tively with \OT1/ptm/m/it/12 ./scripts/run.mipseb.interactive.sh
 []

[20]
Overfull \hbox (47.06168pt too wide) in paragraph at lines 250--252
\OT1/ptm/m/n/12 this con-fig-u-ra-tion, the em-u-lated firmware could com-mu-ni-cate with the host at \OT1/ptm/m/it/12 192.168.10.100\OT1/ptm/m/n/12 .
 []

[21] [22] [23]
Overfull \hbox (24.66861pt too wide) in paragraph at lines 341--343
[]\OT1/ptm/m/n/12 The lo-gin mech-a-nism is im-ple-mented through a POST re-quest to \OT1/ptm/m/it/12 /boafrm/formLoginHtm\OT1/ptm/m/n/12 .
 []


Overfull \hbox (52.89326pt too wide) in paragraph at lines 344--346
\OT1/ptm/m/n/12 sources in-clude a page named \OT1/ptm/m/it/12 we-bcmd.htm\OT1/ptm/m/n/12 , which sub-mits com-mands to \OT1/ptm/m/it/12 /boafrm/formSysCmd\OT1/ptm/m/n/12 .
 []

[24]
Overfull \hbox (0.64388pt too wide) in paragraph at lines 396--397
[]\OT1/ptm/m/n/12 the de-pen-dency on Realtek-specific MIB/NVRAM func-tions as the main chal-
 []

) (../Capitoli/Exploiting.tex [25]
Chapter 3.
[26

]
<../imgs/3.1-test_boa.png, id=418, 507.39563pt x 112.16907pt>
File: ../imgs/3.1-test_boa.png Graphic file (type png)
<use ../imgs/3.1-test_boa.png>
Package pdftex.def Info: ../imgs/3.1-test_boa.png  used on input line 35.
(pdftex.def)             Requested size: 350.5399pt x 77.49599pt.
 (C:\Users\grego\AppData\Local\Programs\MiKTeX\tex/latex/listings\lstlang1.sty
File: lstlang1.sty 2025/11/14 1.11b listings language file
) [27 <../imgs/3.1-test_boa.png>] [28] [29] [30]
<../imgs/esecuzione_ping.png, id=563, 1927.2pt x 1084.05pt>
File: ../imgs/esecuzione_ping.png Graphic file (type png)
<use ../imgs/esecuzione_ping.png>
Package pdftex.def Info: ../imgs/esecuzione_ping.png  used on input line 218.
(pdftex.def)             Requested size: 398.3386pt x 224.05122pt.
 [31]
<../imgs/3.2-rce_ping.png, id=587, 1362.59062pt x 194.97844pt>
File: ../imgs/3.2-rce_ping.png Graphic file (type png)
<use ../imgs/3.2-rce_ping.png>
Package pdftex.def Info: ../imgs/3.2-rce_ping.png  used on input line 226.
(pdftex.def)             Requested size: 398.3386pt x 57.00046pt.
 [32 <../imgs/esecuzione_ping.png> <../imgs/3.2-rce_ping.png>]
<../imgs/3.3-nc_tftp.png, id=598, 568.37344pt x 215.30438pt>
File: ../imgs/3.3-nc_tftp.png Graphic file (type png)
<use ../imgs/3.3-nc_tftp.png>
Package pdftex.def Info: ../imgs/3.3-nc_tftp.png  used on input line 262.
(pdftex.def)             Requested size: 398.3386pt x 150.89929pt.
 [33 <../imgs/3.3-nc_tftp.png>]
<../imgs/3.4-nc_help.png, id=618, 524.71031pt x 461.47406pt>
File: ../imgs/3.4-nc_help.png Graphic file (type png)
<use ../imgs/3.4-nc_help.png>
Package pdftex.def Info: ../imgs/3.4-nc_help.png  used on input line 278.
(pdftex.def)             Requested size: 398.3386pt x 350.34367pt.


LaTeX Warning: Reference `fig:shell' on page 34 undefined on input line 301.

<../imgs/3.5-rev_shell.png, id=619, 1377.64688pt x 152.06813pt>
File: ../imgs/3.5-rev_shell.png Graphic file (type png)
<use ../imgs/3.5-rev_shell.png>
Package pdftex.def Info: ../imgs/3.5-rev_shell.png  used on input line 309.
(pdftex.def)             Requested size: 398.3386pt x 43.96867pt.
[34 <../imgs/3.4-nc_help.png>]
<../imgs/3.6-ps.png, id=635, 1266.23062pt x 628.59843pt>
File: ../imgs/3.6-ps.png Graphic file (type png)
<use ../imgs/3.6-ps.png>
Package pdftex.def Info: ../imgs/3.6-ps.png  used on input line 326.
(pdftex.def)             Requested size: 398.3386pt x 197.74098pt.
<../imgs/3.7-response.png, id=638, 529.98pt x 145.29282pt>
File: ../imgs/3.7-response.png Graphic file (type png)
<use ../imgs/3.7-response.png>
Package pdftex.def Info: ../imgs/3.7-response.png  used on input line 335.
(pdftex.def)             Requested size: 398.3386pt x 109.20433pt.
 [35 <../imgs/3.5-rev_shell.png> <../imgs/3.6-ps.png>]
<../imgs/3.8-conferma_server.png, id=653, 486.31688pt x 55.70813pt>
File: ../imgs/3.8-conferma_server.png Graphic file (type png)
<use ../imgs/3.8-conferma_server.png>
Package pdftex.def Info: ../imgs/3.8-conferma_server.png  used on input line 342.
(pdftex.def)             Requested size: 398.3386pt x 45.62994pt.
 (C:\Users\grego\AppData\Local\Programs\MiKTeX\tex/latex/listings\lstlang1.sty
File: lstlang1.sty 2025/11/14 1.11b listings language file
) [36 <../imgs/3.7-response.png> <../imgs/3.8-conferma_server.png>]
LaTeX Font Info:    Trying to load font information for OML+ptm on input line 363.
 (C:\Users\grego\AppData\Local\Programs\MiKTeX\tex/latex/psnfss\omlptm.fd
File: omlptm.fd 
)
LaTeX Font Info:    Font shape `OML/ptm/m/it' in size <12> not available
(Font)              Font shape `OML/cmm/m/it' tried instead on input line 363.
<../imgs/3.9-xss_home_alert.png, id=663, 828.84656pt x 620.3175pt>
File: ../imgs/3.9-xss_home_alert.png Graphic file (type png)
<use ../imgs/3.9-xss_home_alert.png>
Package pdftex.def Info: ../imgs/3.9-xss_home_alert.png  used on input line 389.
(pdftex.def)             Requested size: 358.50229pt x 268.30257pt.
 [37]
<../imgs/3.10-xss_home_alert.png, id=684, 862.72313pt x 620.3175pt>
File: ../imgs/3.10-xss_home_alert.png Graphic file (type png)
<use ../imgs/3.10-xss_home_alert.png>
Package pdftex.def Info: ../imgs/3.10-xss_home_alert.png  used on input line 398.
(pdftex.def)             Requested size: 358.50229pt x 257.76772pt.
 [38 <../imgs/3.9-xss_home_alert.png> <../imgs/3.10-xss_home_alert.png>]) (../Capitoli/Fixing.tex [39]
Chapter 4.
Package hyperref Info: bookmark level for unknown lstlisting defaults to 0 on input line 10.
<../imgs/4.1-Boa_patched_ghidra.png, id=698, 1445.4pt x 528.47438pt>
File: ../imgs/4.1-Boa_patched_ghidra.png Graphic file (type png)
<use ../imgs/4.1-Boa_patched_ghidra.png>
Package pdftex.def Info: ../imgs/4.1-Boa_patched_ghidra.png  used on input line 21.
(pdftex.def)             Requested size: 358.50229pt x 131.07802pt.
[40

]
<../imgs/4.2-Boa_vs_Boapatched.png, id=708, 1059.96pt x 194.22563pt>
File: ../imgs/4.2-Boa_vs_Boapatched.png Graphic file (type png)
<use ../imgs/4.2-Boa_vs_Boapatched.png>
Package pdftex.def Info: ../imgs/4.2-Boa_vs_Boapatched.png  used on input line 30.
(pdftex.def)             Requested size: 358.50229pt x 65.69205pt.
 [41 <../imgs/4.1-Boa_patched_ghidra.png> <../imgs/4.2-Boa_vs_Boapatched.png>]
Overfull \hbox (4.3059pt too wide) in paragraph at lines 47--50
[]\OT1/ptm/m/n/12 Starting from this sta-bi-lized vul-ner-a-ble bi-nary, we then pro-duced \OT1/ptm/m/it/12 boa.patched-stable\OT1/ptm/m/n/12 .
 []


Overfull \hbox (25.60536pt too wide) in paragraph at lines 47--50
\OT1/ptm/m/n/12 dis-ables the RCE han-dler at \OT1/ptm/m/it/12 0x00440290\OT1/ptm/m/n/12 . There-fore, the com-par-i-son be-tween \OT1/ptm/m/it/12 boa.before-
 []

<../imgs/4.3-Ghidra_boa_before_patched_stabile.png, id=718, 699.36281pt x 459.21562pt>
File: ../imgs/4.3-Ghidra_boa_before_patched_stabile.png Graphic file (type png)
<use ../imgs/4.3-Ghidra_boa_before_patched_stabile.png>
Package pdftex.def Info: ../imgs/4.3-Ghidra_boa_before_patched_stabile.png  used on input line 53.
(pdftex.def)             Requested size: 358.50229pt x 235.40207pt.
[42 <../imgs/4.3-Ghidra_boa_before_patched_stabile.png>]
<../imgs/4.4-Ghidra_boa_patched_stabile.png, id=730, 675.27281pt x 457.71pt>
File: ../imgs/4.4-Ghidra_boa_patched_stabile.png Graphic file (type png)
<use ../imgs/4.4-Ghidra_boa_patched_stabile.png>
Package pdftex.def Info: ../imgs/4.4-Ghidra_boa_patched_stabile.png  used on input line 71.
(pdftex.def)             Requested size: 358.50229pt x 243.0042pt.
 [43 <../imgs/4.4-Ghidra_boa_patched_stabile.png>]
<../imgs/4.5-Confronto_boa.png, id=743, 852.93657pt x 91.84312pt>
File: ../imgs/4.5-Confronto_boa.png Graphic file (type png)
<use ../imgs/4.5-Confronto_boa.png>
Package pdftex.def Info: ../imgs/4.5-Confronto_boa.png  used on input line 100.
(pdftex.def)             Requested size: 398.3386pt x 42.89299pt.
<../imgs/4.6-Attacco_RCE_non_riuscito.png, id=745, 1382.91656pt x 457.71pt>
File: ../imgs/4.6-Attacco_RCE_non_riuscito.png Graphic file (type png)
<use ../imgs/4.6-Attacco_RCE_non_riuscito.png>
Package pdftex.def Info: ../imgs/4.6-Attacco_RCE_non_riuscito.png  used on input line 121.
(pdftex.def)             Requested size: 398.3386pt x 131.83853pt.
 [44 <../imgs/4.5-Confronto_boa.png> <../imgs/4.6-Attacco_RCE_non_riuscito.png>]
<../imgs/4.7-Conferma_su_server.png, id=762, 242.40562pt x 82.05656pt>
File: ../imgs/4.7-Conferma_su_server.png Graphic file (type png)
<use ../imgs/4.7-Conferma_su_server.png>
Package pdftex.def Info: ../imgs/4.7-Conferma_su_server.png  used on input line 136.
(pdftex.def)             Requested size: 358.50229pt x 121.37042pt.
<../imgs/4.8-LoginLeg_prefix.png, id=765, 952.30782pt x 649.67719pt>
File: ../imgs/4.8-LoginLeg_prefix.png Graphic file (type png)
<use ../imgs/4.8-LoginLeg_prefix.png>
Package pdftex.def Info: ../imgs/4.8-LoginLeg_prefix.png  used on input line 149.
(pdftex.def)             Requested size: 358.50229pt x 244.58002pt.
 [45 <../imgs/4.7-Conferma_su_server.png>]
<../imgs/4.9-LoginIlleg_prefix.png, id=776, 948.54375pt x 691.08188pt>
File: ../imgs/4.9-LoginIlleg_prefix.png Graphic file (type png)
<use ../imgs/4.9-LoginIlleg_prefix.png>
Package pdftex.def Info: ../imgs/4.9-LoginIlleg_prefix.png  used on input line 156.
(pdftex.def)             Requested size: 358.50229pt x 261.19026pt.
 [46 <../imgs/4.8-LoginLeg_prefix.png> <../imgs/4.9-LoginIlleg_prefix.png>]
<../imgs/4.10-Ghidra1.png, id=784, 766.36313pt x 614.295pt>
File: ../imgs/4.10-Ghidra1.png Graphic file (type png)
<use ../imgs/4.10-Ghidra1.png>
Package pdftex.def Info: ../imgs/4.10-Ghidra1.png  used on input line 167.
(pdftex.def)             Requested size: 358.50229pt x 287.36891pt.
<../imgs/4.11-Ghidra2.png, id=786, 753.5653pt x 614.295pt>
File: ../imgs/4.11-Ghidra2.png Graphic file (type png)
<use ../imgs/4.11-Ghidra2.png>
Package pdftex.def Info: ../imgs/4.11-Ghidra2.png  used on input line 176.
(pdftex.def)             Requested size: 358.50229pt x 292.24307pt.
 [47 <../imgs/4.10-Ghidra1.png>]
<../imgs/4.12-Ghidra3.png, id=795, 752.0597pt x 608.2725pt>
File: ../imgs/4.12-Ghidra3.png Graphic file (type png)
<use ../imgs/4.12-Ghidra3.png>
Package pdftex.def Info: ../imgs/4.12-Ghidra3.png  used on input line 190.
(pdftex.def)             Requested size: 358.50229pt x 289.96269pt.
 [48 <../imgs/4.11-Ghidra2.png>]
<../imgs/4.13-Ghidra4.png, id=807, 753.5653pt x 542.025pt>
File: ../imgs/4.13-Ghidra4.png Graphic file (type png)
<use ../imgs/4.13-Ghidra4.png>
Package pdftex.def Info: ../imgs/4.13-Ghidra4.png  used on input line 206.
(pdftex.def)             Requested size: 358.50229pt x 257.86153pt.
 [49 <../imgs/4.12-Ghidra3.png>] [50 <../imgs/4.13-Ghidra4.png>]
<../imgs/4.14-boaNoPatch_vuln.png, id=834, 767.86874pt x 442.65375pt>
File: ../imgs/4.14-boaNoPatch_vuln.png Graphic file (type png)
<use ../imgs/4.14-boaNoPatch_vuln.png>
Package pdftex.def Info: ../imgs/4.14-boaNoPatch_vuln.png  used on input line 241.
(pdftex.def)             Requested size: 358.50229pt x 206.66939pt.
<../imgs/4.15-boapatch_vuln.png, id=835, 767.86874pt x 383.93437pt>
File: ../imgs/4.15-boapatch_vuln.png Graphic file (type png)
<use ../imgs/4.15-boapatch_vuln.png>
Package pdftex.def Info: ../imgs/4.15-boapatch_vuln.png  used on input line 248.
(pdftex.def)             Requested size: 358.50229pt x 179.25406pt.
 [51 <../imgs/4.14-boaNoPatch_vuln.png> <../imgs/4.15-boapatch_vuln.png>]
Overfull \hbox (14.6237pt too wide) in paragraph at lines 270--271
[]\OT1/ptm/m/it/12 boa.before-boaPatched\OT1/ptm/m/n/12 , used to demon-strate the firmware with RCE still present; 
 []

<../imgs/4.16-BoaNoPatch_ok.png, id=848, 757.32938pt x 326.72063pt>
File: ../imgs/4.16-BoaNoPatch_ok.png Graphic file (type png)
<use ../imgs/4.16-BoaNoPatch_ok.png>
Package pdftex.def Info: ../imgs/4.16-BoaNoPatch_ok.png  used on input line 278.
(pdftex.def)             Requested size: 358.50229pt x 154.66046pt.
<../imgs/4.17-Boapatch_ok.png, id=849, 766.36313pt x 322.95656pt>
File: ../imgs/4.17-Boapatch_ok.png Graphic file (type png)
<use ../imgs/4.17-Boapatch_ok.png>
Package pdftex.def Info: ../imgs/4.17-Boapatch_ok.png  used on input line 285.
(pdftex.def)             Requested size: 358.50229pt x 151.07997pt.
[52 <../imgs/4.16-BoaNoPatch_ok.png> <../imgs/4.17-Boapatch_ok.png>]
<../imgs/4.18-LoginIlleg_postfix.png, id=863, 784.43062pt x 375.65344pt>
File: ../imgs/4.18-LoginIlleg_postfix.png Graphic file (type png)
<use ../imgs/4.18-LoginIlleg_postfix.png>
Package pdftex.def Info: ../imgs/4.18-LoginIlleg_postfix.png  used on input line 304.
(pdftex.def)             Requested size: 358.50229pt x 171.68494pt.
 [53 <../imgs/4.18-LoginIlleg_postfix.png>] (C:\Users\grego\AppData\Local\Programs\MiKTeX\tex/latex/listings\lstlang1.sty
File: lstlang1.sty 2025/11/14 1.11b listings language file
) (C:\Users\grego\AppData\Local\Programs\MiKTeX\tex/latex/listings\lstmisc.sty
File: lstmisc.sty 2025/11/14 1.11b (Carsten Heinz)
) [54] [55]
<../imgs/4.19-xss_status_patched.png, id=917, 825.83531pt x 596.98032pt>
File: ../imgs/4.19-xss_status_patched.png Graphic file (type png)
<use ../imgs/4.19-xss_status_patched.png>
Package pdftex.def Info: ../imgs/4.19-xss_status_patched.png  used on input line 389.
(pdftex.def)             Requested size: 358.50229pt x 259.156pt.
 [56 <../imgs/4.19-xss_status_patched.png>]) (../Capitoli/Conclusion.tex [57]
Chapter 5.
) [58

] [59]
Overfull \hbox (6.41412pt too wide) in paragraph at lines 153--153
[]\OT1/ptm/m/it/12 BY25D16AS Data Sheet\OT1/ptm/m/n/12 . []$\OT1/cmtt/m/n/12 https : / / www . boyamicro . com / storage / upload /
 []


Overfull \hbox (63.37567pt too wide) in paragraph at lines 153--153
[]\OT1/ptm/m/it/12 Aigital web page\OT1/ptm/m/n/12 . https://web.archive.org/web/20220625053314/https://www.aigital.com/. 
 []


Overfull \hbox (13.48392pt too wide) in paragraph at lines 153--153
[]\OT1/ptm/m/it/12 Aigital about web page\OT1/ptm/m/n/12 . []$\OT1/cmtt/m/n/12 https : / / web . archive . org / web / 20220624221605 /
 []

[60

] (main.aux)
 ***********
LaTeX2e <2025-11-01>
L3 programming layer <2026-01-19>
 ***********


LaTeX Warning: There were undefined references.


LaTeX Warning: There were multiply-defined labels.

Package rerunfilecheck Info: File `main.out' has not changed.
(rerunfilecheck)             Checksum: A5BBF249F84B0752BB79BD34AA3BF74B;3224.
Package logreq Info: Writing requests to 'main.run.xml'.
\openout1 = `main.run.xml'.

 ) 
Here is how much of TeX's memory you used:
 24518 strings out of 467867
 425034 string characters out of 5418334
 1628114 words of memory out of 5000000
 52635 multiletter control sequences out of 15000+600000
 665369 words of font info for 108 fonts, out of 8000000 for 9000
 1141 hyphenation exceptions out of 8191
 75i,11n,79p,793b,2322s stack positions out of 10000i,1000n,20000p,200000b,200000s
 <C:\Users\grego\AppData\Local\MiKTeX\fonts/pk/ljfour/jknappen/ec/dpi600\tctt1000.pk><C:/Users/grego/AppData/Local/Programs/MiKTeX/fonts/type1/public/amsfonts/cm/cmmi10.pfb><C:/Users/grego/AppData/Local/Programs/MiKTeX/fonts/type1/public/amsfonts/cm/cmmi12.pfb><C:/Users/grego/AppData/Local/Programs/MiKTeX/fonts/type1/public/amsfonts/cm/cmtt10.pfb><C:/Users/grego/AppData/Local/Programs/MiKTeX/fonts/type1/public/amsfonts/cm/cmtt12.pfb><C:/Users/grego/AppData/Local/Programs/MiKTeX/fonts/type1/urw/times/utmb8a.pfb><C:/Users/grego/AppData/Local/Programs/MiKTeX/fonts/type1/urw/times/utmr8a.pfb><C:/Users/grego/AppData/Local/Programs/MiKTeX/fonts/type1/urw/times/utmri8a.pfb>
Output written on main.pdf (61 pages, 5252100 bytes).
PDF statistics:
 1098 PDF objects out of 1200 (max. 8388607)
 464 named destinations out of 1000 (max. 500000)
 465 words of extra memory for PDF output out of 10000 (max. 10000000)

