Output of:
mips-linux-gnu-gcc -Wall -Wshadow -Wwrite-strings -Wundef -Wstrict-prototypes -Wunused -Wunused-parameter -Wunused-function -Wunused-value -Wmissing-prototypes -Wmissing-declarations -Wno-format-security -Wdeclaration-after-statement -Wold-style-definition -finline-limit=0 -fno-builtin-strlen -fomit-frame-pointer -ffunction-sections -fdata-sections -fno-guess-branch-probability -funsigned-char -falign-functions=1 -falign-jumps=1 -falign-labels=1 -falign-loops=1 -fno-unwind-tables -fno-asynchronous-unwind-tables -fno-builtin-printf -Oz -o busybox_unstripped -Wl,--sort-common -Wl,--sort-section,alignment -Wl,--gc-sections -Wl,--start-group applets/built-in.o archival/lib.a archival/libarchive/lib.a console-tools/lib.a coreutils/lib.a coreutils/libcoreutils/lib.a debianutils/lib.a klibc-utils/lib.a e2fsprogs/lib.a editors/lib.a findutils/lib.a init/lib.a libbb/lib.a libpwdgrp/lib.a loginutils/lib.a mailutils/lib.a miscutils/lib.a modutils/lib.a networking/lib.a networking/libiproute/lib.a networking/udhcp/lib.a printutils/lib.a procps/lib.a runit/lib.a selinux/lib.a shell/lib.a sysklogd/lib.a util-linux/lib.a util-linux/volume_id/lib.a archival/built-in.o archival/libarchive/built-in.o console-tools/built-in.o coreutils/built-in.o coreutils/libcoreutils/built-in.o debianutils/built-in.o klibc-utils/built-in.o e2fsprogs/built-in.o editors/built-in.o findutils/built-in.o init/built-in.o libbb/built-in.o libpwdgrp/built-in.o loginutils/built-in.o mailutils/built-in.o miscutils/built-in.o modutils/built-in.o networking/built-in.o networking/libiproute/built-in.o networking/udhcp/built-in.o printutils/built-in.o procps/built-in.o runit/built-in.o selinux/built-in.o shell/built-in.o sysklogd/built-in.o util-linux/built-in.o util-linux/volume_id/built-in.o -Wl,--end-group -Wl,--warn-common -Wl,-Map,busybox_unstripped.map -Wl,--verbose
==========
GNU ld (GNU Binutils for Debian) 2.44
  Supported emulations:
   elf32btsmip
   elf32ltsmip
   elf32btsmipn32
   elf64btsmip
   elf32ltsmipn32
   elf64ltsmip
using internal linker script:
==================================================
/* Script for -pie -z combreloc */
/* Copyright (C) 2014-2025 Free Software Foundation, Inc.
   Copying and distribution of this script, with or without modification,
   are permitted in any medium without royalty provided the copyright
   notice and this notice are preserved.  */
OUTPUT_FORMAT("elf32-tradbigmips", "elf32-tradbigmips", "elf32-tradlittlemips")
OUTPUT_ARCH(mips)
ENTRY(__start)
SEARCH_DIR("=/usr/local/lib/mips-linux-gnu"); SEARCH_DIR("=/lib/mips-linux-gnu"); SEARCH_DIR("=/usr/lib/mips-linux-gnu"); SEARCH_DIR("=/usr/local/lib"); SEARCH_DIR("=/lib"); SEARCH_DIR("=/usr/lib"); SEARCH_DIR("=/usr/mips-linux-gnu/lib");
SECTIONS
{
  /* Read-only sections, merged into text segment: */
  PROVIDE (__executable_start = SEGMENT_START("text-segment", 0));
  . = SEGMENT_START("text-segment", 0) + SIZEOF_HEADERS;
  /* Place the build-id as close to the ELF headers as possible.  This
     maximises the chance the build-id will be present in core files,
     which GDB can then use to locate the associated debuginfo file.  */
  .note.gnu.build-id  : { *(.note.gnu.build-id) }
  .interp         : { *(.interp) }
  .MIPS.abiflags   : { *(.MIPS.abiflags) }
  .reginfo         : { *(.reginfo) }
  .MIPS.xhash      : { *(.MIPS.xhash) }
  .dynamic        : { *(.dynamic) }
  .hash           : { *(.hash) }
  .gnu.hash       : { *(.gnu.hash) }
  .dynsym         : { *(.dynsym) }
  .dynstr         : { *(.dynstr) }
  .gnu.version    : { *(.gnu.version) }
  .gnu.version_d  : { *(.gnu.version_d) }
  .gnu.version_r  : { *(.gnu.version_r) }
  .rel.dyn        :
    {
      *(.rel.init)
      *(.rel.text .rel.text.* .rel.gnu.linkonce.t.*)
      *(.rel.fini)
      *(.rel.rodata .rel.rodata.* .rel.gnu.linkonce.r.*)
      *(.rel.data.rel.ro .rel.data.rel.ro.* .rel.gnu.linkonce.d.rel.ro.*)
      *(.rel.data .rel.data.* .rel.gnu.linkonce.d.*)
      *(.rel.tdata .rel.tdata.* .rel.gnu.linkonce.td.*)
      *(.rel.tbss .rel.tbss.* .rel.gnu.linkonce.tb.*)
      *(.rel.ctors)
      *(.rel.dtors)
      *(.rel.got)
      *(.rel.dyn)
      *(.rel.sdata .rel.sdata.* .rel.gnu.linkonce.s.*)
      *(.rel.sbss .rel.sbss.* .rel.gnu.linkonce.sb.*)
      *(.rel.sdata2 .rel.sdata2.* .rel.gnu.linkonce.s2.*)
      *(.rel.sbss2 .rel.sbss2.* .rel.gnu.linkonce.sb2.*)
      *(.rel.bss .rel.bss.* .rel.gnu.linkonce.b.*)
      *(.rel.iplt)
    }
  .rela.dyn       :
    {
      *(.rela.init)
      *(.rela.text .rela.text.* .rela.gnu.linkonce.t.*)
      *(.rela.fini)
      *(.rela.rodata .rela.rodata.* .rela.gnu.linkonce.r.*)
      *(.rela.data .rela.data.* .rela.gnu.linkonce.d.*)
      *(.rela.tdata .rela.tdata.* .rela.gnu.linkonce.td.*)
      *(.rela.tbss .rela.tbss.* .rela.gnu.linkonce.tb.*)
      *(.rela.ctors)
      *(.rela.dtors)
      *(.rela.got)
      *(.rela.sdata .rela.sdata.* .rela.gnu.linkonce.s.*)
      *(.rela.sbss .rela.sbss.* .rela.gnu.linkonce.sb.*)
      *(.rela.sdata2 .rela.sdata2.* .rela.gnu.linkonce.s2.*)
      *(.rela.sbss2 .rela.sbss2.* .rela.gnu.linkonce.sb2.*)
      *(.rela.bss .rela.bss.* .rela.gnu.linkonce.b.*)
      *(.rela.iplt)
    }
  .rel.plt        :
    {
      *(.rel.plt)
    }
  .rela.plt       :
    {
      *(.rela.plt)
    }
  /* Start of the executable code region.  */
  .init           :
  {
    KEEP (*(SORT_NONE(.init)))
  }
  .text           :
  {
    _ftext = .;
    *(.text.unlikely .text.*_unlikely .text.unlikely.*)
    *(.text.exit .text.exit.*)
    *(.text.startup .text.startup.*)
    *(.text.hot .text.hot.*)
    *(SORT(.text.sorted.*))
    *(.text .stub .text.* .gnu.linkonce.t.*)
    /* .gnu.warning sections are handled specially by elf.em.  */
    *(.gnu.warning)
    *(.mips16.fn.*) *(.mips16.call.*)
  }
  .fini           :
  {
    KEEP (*(SORT_NONE(.fini)))
  }
  PROVIDE (__etext = .);
  PROVIDE (_etext = .);
  PROVIDE (etext = .);
  /* Start of the Read Only Data region.  */
  .rodata         : { *(.rodata .rodata.* .gnu.linkonce.r.*) }
  .rodata1        : { *(.rodata1) }
  .sdata2         :
  {
    *(.sdata2 .sdata2.* .gnu.linkonce.s2.*)
  }
  .sbss2          : { *(.sbss2 .sbss2.* .gnu.linkonce.sb2.*) }
  .eh_frame_hdr   : { *(.eh_frame_hdr) *(.eh_frame_entry .eh_frame_entry.*) }
  .eh_frame       : ONLY_IF_RO { KEEP (*(.eh_frame)) *(.eh_frame.*) }
  .sframe         : ONLY_IF_RO { *(.sframe) *(.sframe.*) }
  .gcc_except_table   : ONLY_IF_RO { *(.gcc_except_table .gcc_except_table.*) }
  .gnu_extab   : ONLY_IF_RO { *(.gnu_extab*) }
  /* These sections are generated by the Sun/Oracle C++ compiler.  */
  .exception_ranges   : ONLY_IF_RO { *(.exception_ranges*) }
  .plt            : { *(.plt) }
  .iplt           : { *(.iplt) }
  /* Various note sections.  Placed here so that they are always included
     in the read-only segment and not treated as orphan sections.  The
     current orphan handling algorithm does place note sections after R/O
     data, but this is not guaranteed to always be the case.  */
  .note.build-id :      { *(.note.build-id) }
  .note.GNU-stack :     { *(.note.GNU-stack) }
  .note.gnu-property :  { *(.note.gnu-property) }
  .note.ABI-tag :       { *(.note.ABI-tag) }
  .note.package :       { *(.note.package) }
  .note.dlopen :        { *(.note.dlopen) }
  .note.netbsd.ident :  { *(.note.netbsd.ident) }
  .note.openbsd.ident : { *(.note.openbsd.ident) }
  /* Start of the Read Write Data region.  */
  /* Adjust the address for the data segment.  We want to adjust up to
     the same address within the page on the next page up.  */
  . = DATA_SEGMENT_ALIGN (CONSTANT (MAXPAGESIZE), CONSTANT (COMMONPAGESIZE));
  /* Exception handling.  */
  .eh_frame       : ONLY_IF_RW { KEEP (*(.eh_frame)) *(.eh_frame.*) }
  .sframe         : ONLY_IF_RW { *(.sframe) *(.sframe.*) }
  .gnu_extab      : ONLY_IF_RW { *(.gnu_extab) }
  .gcc_except_table   : ONLY_IF_RW { *(.gcc_except_table .gcc_except_table.*) }
  .exception_ranges   : ONLY_IF_RW { *(.exception_ranges*) }
  /* Thread Local Storage sections.  */
  .tdata	  :
   {
     PROVIDE_HIDDEN (__tdata_start = .);
     *(.tdata .tdata.* .gnu.linkonce.td.*)
   }
  .tbss		  : { *(.tbss .tbss.* .gnu.linkonce.tb.*) *(.tcommon) }
  .preinit_array    :
  {
    PROVIDE_HIDDEN (__preinit_array_start = .);
    KEEP (*(.preinit_array))
    PROVIDE_HIDDEN (__preinit_array_end = .);
  }
  .init_array    :
  {
    PROVIDE_HIDDEN (__init_array_start = .);
    KEEP (*(SORT_BY_INIT_PRIORITY(.init_array.*) SORT_BY_INIT_PRIORITY(.ctors.*)))
    KEEP (*(.init_array EXCLUDE_FILE (*crtbegin.o *crtbegin?.o *crtend.o *crtend?.o ) .ctors))
    PROVIDE_HIDDEN (__init_array_end = .);
  }
  .fini_array    :
  {
    PROVIDE_HIDDEN (__fini_array_start = .);
    KEEP (*(SORT_BY_INIT_PRIORITY(.fini_array.*) SORT_BY_INIT_PRIORITY(.dtors.*)))
    KEEP (*(.fini_array EXCLUDE_FILE (*crtbegin.o *crtbegin?.o *crtend.o *crtend?.o ) .dtors))
    PROVIDE_HIDDEN (__fini_array_end = .);
  }
  .ctors          :
  {
    /* gcc uses crtbegin.o to find the start of
       the constructors, so we make sure it is
       first.  Because this is a wildcard, it
       doesn't matter if the user does not
       actually link against crtbegin.o; the
       linker won't look for a file to match a
       wildcard.  The wildcard also means that it
       doesn't matter which directory crtbegin.o
       is in.  */
    KEEP (*crtbegin.o(.ctors))
    KEEP (*crtbegin?.o(.ctors))
    /* We don't want to include the .ctor section from
       the crtend.o file until after the sorted ctors.
       The .ctor section from the crtend file contains the
       end of ctors marker and it must be last */
    KEEP (*(EXCLUDE_FILE (*crtend.o *crtend?.o ) .ctors))
    KEEP (*(SORT(.ctors.*)))
    KEEP (*(.ctors))
  }
  .dtors          :
  {
    KEEP (*crtbegin.o(.dtors))
    KEEP (*crtbegin?.o(.dtors))
    KEEP (*(EXCLUDE_FILE (*crtend.o *crtend?.o ) .dtors))
    KEEP (*(SORT(.dtors.*)))
    KEEP (*(.dtors))
  }
  .jcr            : { KEEP (*(.jcr)) }
  .data.rel.ro : { *(.data.rel.ro.local* .gnu.linkonce.d.rel.ro.local.*) *(.data.rel.ro .data.rel.ro.* .gnu.linkonce.d.rel.ro.*) }
  . = DATA_SEGMENT_RELRO_END (0, .);
  .got.plt        : { *(.got.plt) }
  .data           :
  {
    _fdata = .;
    *(.data .data.* .gnu.linkonce.d.*)
    SORT(CONSTRUCTORS)
  }
  .data1          : { *(.data1) }
  . = .; HIDDEN (_gp = ALIGN (16) + 0x7ff0);
  .got            : { *(.got) }
  /* We want the small data sections together, so single-instruction offsets
     can access them all, and initialized data all before uninitialized, so
     we can shorten the on-disk segment size.  */
  .sdata          :
  {
    *(.sdata .sdata.* .gnu.linkonce.s.*)
  }
  .lit8           : { *(.lit8) }
  .lit4           : { *(.lit4) }
  _edata = .;
  PROVIDE (edata = .);
  . = ALIGN(ALIGNOF(NEXT_SECTION));
  __bss_start = .;
  _fbss = .;
  .sbss           :
  {
    *(.dynsbss)
    *(.sbss .sbss.* .gnu.linkonce.sb.*)
    *(.scommon)
  }
  .bss            :
  {
    *(.dynbss)
    *(.bss .bss.* .gnu.linkonce.b.*)
    *(COMMON)
    /* Align here to ensure that in the common case of there only being one
       type of .bss section, the section occupies space up to _end.
       Align after .bss to ensure correct alignment even if the
       .bss section disappears because there are no input sections.
       FIXME: Why do we need it? When there is no .bss section, we do not
       pad the .data section.  */
      . = ALIGN(. != 0 ? 32 / 8 : 1);
  }
  . = ALIGN(32 / 8);
  /* Start of the Large Data region.  */
  . = SEGMENT_START("ldata-segment", .);
  . = ALIGN(32 / 8);
  _end = .;
  PROVIDE (end = .);
  . = DATA_SEGMENT_END (.);
  /* Start of the Tiny Data region.  */
  /* Stabs debugging sections.  */
  .stab          0 : { *(.stab) }
  .stabstr       0 : { *(.stabstr) }
  .stab.excl     0 : { *(.stab.excl) }
  .stab.exclstr  0 : { *(.stab.exclstr) }
  .stab.index    0 : { *(.stab.index) }
  .stab.indexstr 0 : { *(.stab.indexstr) }
  .comment 0 (INFO) : { *(.comment); LINKER_VERSION; }
  .gnu.build.attributes : { *(.gnu.build.attributes .gnu.build.attributes.*) }
  /* DWARF debug sections.
     Symbols in the DWARF debugging sections are relative to the beginning
     of the section so we begin them at 0.  */
  /* DWARF 1.  */
  .debug          0 : { *(.debug) }
  .line           0 : { *(.line) }
  /* GNU DWARF 1 extensions.  */
  .debug_srcinfo  0 : { *(.debug_srcinfo) }
  .debug_sfnames  0 : { *(.debug_sfnames) }
  /* DWARF 1.1 and DWARF 2.  */
  .debug_aranges  0 : { *(.debug_aranges) }
  .debug_pubnames 0 : { *(.debug_pubnames) }
  /* DWARF 2.  */
  .debug_info     0 : { *(.debug_info .gnu.linkonce.wi.*) }
  .debug_abbrev   0 : { *(.debug_abbrev) }
  .debug_line     0 : { *(.debug_line .debug_line.* .debug_line_end) }
  .debug_frame    0 : { *(.debug_frame) }
  .debug_str      0 : { *(.debug_str) }
  .debug_loc      0 : { *(.debug_loc) }
  .debug_macinfo  0 : { *(.debug_macinfo) }
  /* SGI/MIPS DWARF 2 extensions.  */
  .debug_weaknames 0 : { *(.debug_weaknames) }
  .debug_funcnames 0 : { *(.debug_funcnames) }
  .debug_typenames 0 : { *(.debug_typenames) }
  .debug_varnames  0 : { *(.debug_varnames) }
  /* DWARF 3.  */
  .debug_pubtypes 0 : { *(.debug_pubtypes) }
  .debug_ranges   0 : { *(.debug_ranges) }
  /* DWARF 5.  */
  .debug_addr     0 : { *(.debug_addr) }
  .debug_line_str 0 : { *(.debug_line_str) }
  .debug_loclists 0 : { *(.debug_loclists) }
  .debug_macro    0 : { *(.debug_macro) }
  .debug_names    0 : { *(.debug_names) }
  .debug_rnglists 0 : { *(.debug_rnglists) }
  .debug_str_offsets 0 : { *(.debug_str_offsets) }
  .debug_sup      0 : { *(.debug_sup) }
  .gnu.attributes 0 : { KEEP (*(.gnu.attributes)) }
  .gptab.sdata : { *(.gptab.data) *(.gptab.sdata) }
  .gptab.sbss : { *(.gptab.bss) *(.gptab.sbss) }
  .mdebug.abi32 0 : { KEEP(*(.mdebug.abi32)) }
  .mdebug.abiN32 0 : { KEEP(*(.mdebug.abiN32)) }
  .mdebug.abi64 0 : { KEEP(*(.mdebug.abi64)) }
  .mdebug.abiO64 0 : { KEEP(*(.mdebug.abiO64)) }
  .mdebug.eabi32 0 : { KEEP(*(.mdebug.eabi32)) }
  .mdebug.eabi64 0 : { KEEP(*(.mdebug.eabi64)) }
  .gcc_compiled_long32 0 : { KEEP(*(.gcc_compiled_long32)) }
  .gcc_compiled_long64 0 : { KEEP(*(.gcc_compiled_long64)) }
  /DISCARD/ : { *(.note.GNU-stack) *(.gnu_debuglink) *(.gnu.lto_*) *(.gnu_object_only) }
}


==================================================
/usr/lib/gcc-cross/mips-linux-gnu/14/../../../../mips-linux-gnu/bin/ld: mode elf32btsmip
attempt to open /usr/lib/gcc-cross/mips-linux-gnu/14/../../../../mips-linux-gnu/lib/../lib/Scrt1.o succeeded
/usr/lib/gcc-cross/mips-linux-gnu/14/../../../../mips-linux-gnu/lib/../lib/Scrt1.o
attempt to open /usr/lib/gcc-cross/mips-linux-gnu/14/../../../../mips-linux-gnu/lib/../lib/crti.o succeeded
/usr/lib/gcc-cross/mips-linux-gnu/14/../../../../mips-linux-gnu/lib/../lib/crti.o
attempt to open /usr/lib/gcc-cross/mips-linux-gnu/14/crtbeginS.o succeeded
/usr/lib/gcc-cross/mips-linux-gnu/14/crtbeginS.o
attempt to open applets/built-in.o succeeded
applets/built-in.o
attempt to open archival/lib.a succeeded
archival/lib.a
attempt to open archival/libarchive/lib.a succeeded
archival/libarchive/lib.a
attempt to open console-tools/lib.a succeeded
console-tools/lib.a
attempt to open coreutils/lib.a succeeded
coreutils/lib.a
attempt to open coreutils/libcoreutils/lib.a succeeded
coreutils/libcoreutils/lib.a
attempt to open debianutils/lib.a succeeded
debianutils/lib.a
attempt to open klibc-utils/lib.a succeeded
klibc-utils/lib.a
attempt to open e2fsprogs/lib.a succeeded
e2fsprogs/lib.a
attempt to open editors/lib.a succeeded
editors/lib.a
attempt to open findutils/lib.a succeeded
findutils/lib.a
attempt to open init/lib.a succeeded
init/lib.a
attempt to open libbb/lib.a succeeded
libbb/lib.a
(libbb/lib.a)appletlib.o
(libbb/lib.a)compare_string_array.o
(libbb/lib.a)ptr_to_globals.o
(libbb/lib.a)xfunc_die.o
(libbb/lib.a)default_error_retval.o
attempt to open libpwdgrp/lib.a succeeded
libpwdgrp/lib.a
attempt to open loginutils/lib.a succeeded
loginutils/lib.a
attempt to open mailutils/lib.a succeeded
mailutils/lib.a
attempt to open miscutils/lib.a succeeded
miscutils/lib.a
attempt to open modutils/lib.a succeeded
modutils/lib.a
attempt to open networking/lib.a succeeded
networking/lib.a
attempt to open networking/libiproute/lib.a succeeded
networking/libiproute/lib.a
attempt to open networking/udhcp/lib.a succeeded
networking/udhcp/lib.a
attempt to open printutils/lib.a succeeded
printutils/lib.a
attempt to open procps/lib.a succeeded
procps/lib.a
attempt to open runit/lib.a succeeded
runit/lib.a
attempt to open selinux/lib.a succeeded
selinux/lib.a
attempt to open shell/lib.a succeeded
shell/lib.a
(shell/lib.a)ash.o
(shell/lib.a)ash_ptr_hack.o
(shell/lib.a)shell_common.o
attempt to open sysklogd/lib.a succeeded
sysklogd/lib.a
attempt to open util-linux/lib.a succeeded
util-linux/lib.a
attempt to open util-linux/volume_id/lib.a succeeded
util-linux/volume_id/lib.a
attempt to open archival/built-in.o succeeded
archival/built-in.o
attempt to open archival/libarchive/built-in.o succeeded
archival/libarchive/built-in.o
attempt to open console-tools/built-in.o succeeded
console-tools/built-in.o
attempt to open coreutils/built-in.o succeeded
coreutils/built-in.o
attempt to open coreutils/libcoreutils/built-in.o succeeded
coreutils/libcoreutils/built-in.o
attempt to open debianutils/built-in.o succeeded
debianutils/built-in.o
attempt to open klibc-utils/built-in.o succeeded
klibc-utils/built-in.o
attempt to open e2fsprogs/built-in.o succeeded
e2fsprogs/built-in.o
attempt to open editors/built-in.o succeeded
editors/built-in.o
attempt to open findutils/built-in.o succeeded
findutils/built-in.o
attempt to open init/built-in.o succeeded
init/built-in.o
attempt to open libbb/built-in.o succeeded
libbb/built-in.o
attempt to open libpwdgrp/built-in.o succeeded
libpwdgrp/built-in.o
attempt to open loginutils/built-in.o succeeded
loginutils/built-in.o
attempt to open mailutils/built-in.o succeeded
mailutils/built-in.o
attempt to open miscutils/built-in.o succeeded
miscutils/built-in.o
attempt to open modutils/built-in.o succeeded
modutils/built-in.o
attempt to open networking/built-in.o succeeded
networking/built-in.o
attempt to open networking/libiproute/built-in.o succeeded
networking/libiproute/built-in.o
attempt to open networking/udhcp/built-in.o succeeded
networking/udhcp/built-in.o
attempt to open printutils/built-in.o succeeded
printutils/built-in.o
attempt to open procps/built-in.o succeeded
procps/built-in.o
attempt to open runit/built-in.o succeeded
runit/built-in.o
attempt to open selinux/built-in.o succeeded
selinux/built-in.o
attempt to open shell/built-in.o succeeded
shell/built-in.o
attempt to open sysklogd/built-in.o succeeded
sysklogd/built-in.o
attempt to open util-linux/built-in.o succeeded
util-linux/built-in.o
attempt to open util-linux/volume_id/built-in.o succeeded
util-linux/volume_id/built-in.o
archival/lib.a
archival/libarchive/lib.a
console-tools/lib.a
coreutils/lib.a
coreutils/libcoreutils/lib.a
debianutils/lib.a
klibc-utils/lib.a
e2fsprogs/lib.a
editors/lib.a
findutils/lib.a
init/lib.a
libbb/lib.a
(libbb/lib.a)bb_strtonum.o
(libbb/lib.a)endofname.o
(libbb/lib.a)messages.o
(libbb/lib.a)parse_mode.o
(libbb/lib.a)perror_msg.o
(libbb/lib.a)read_printf.o
(libbb/lib.a)safe_poll.o
(libbb/lib.a)safe_strncpy.o
(libbb/lib.a)safe_write.o
(libbb/lib.a)signals.o
(libbb/lib.a)sysconf.o
(libbb/lib.a)time.o
(libbb/lib.a)u_signal_names.o
(libbb/lib.a)verror_msg.o
(libbb/lib.a)xfuncs.o
(libbb/lib.a)xfuncs_printf.o
(libbb/lib.a)copyfd.o
(libbb/lib.a)full_write.o
(libbb/lib.a)read.o
libpwdgrp/lib.a
loginutils/lib.a
mailutils/lib.a
miscutils/lib.a
modutils/lib.a
networking/lib.a
networking/libiproute/lib.a
networking/udhcp/lib.a
printutils/lib.a
procps/lib.a
runit/lib.a
selinux/lib.a
shell/lib.a
sysklogd/lib.a
util-linux/lib.a
util-linux/volume_id/lib.a
archival/built-in.o
archival/libarchive/built-in.o
console-tools/built-in.o
coreutils/built-in.o
coreutils/libcoreutils/built-in.o
debianutils/built-in.o
klibc-utils/built-in.o
e2fsprogs/built-in.o
editors/built-in.o
findutils/built-in.o
init/built-in.o
libbb/built-in.o
libpwdgrp/built-in.o
loginutils/built-in.o
mailutils/built-in.o
miscutils/built-in.o
modutils/built-in.o
networking/built-in.o
networking/libiproute/built-in.o
networking/udhcp/built-in.o
printutils/built-in.o
procps/built-in.o
runit/built-in.o
selinux/built-in.o
shell/built-in.o
sysklogd/built-in.o
util-linux/built-in.o
util-linux/volume_id/built-in.o
archival/lib.a
archival/libarchive/lib.a
console-tools/lib.a
coreutils/lib.a
coreutils/libcoreutils/lib.a
debianutils/lib.a
klibc-utils/lib.a
e2fsprogs/lib.a
editors/lib.a
findutils/lib.a
init/lib.a
libbb/lib.a
libpwdgrp/lib.a
loginutils/lib.a
mailutils/lib.a
miscutils/lib.a
modutils/lib.a
networking/lib.a
networking/libiproute/lib.a
networking/udhcp/lib.a
printutils/lib.a
procps/lib.a
runit/lib.a
selinux/lib.a
shell/lib.a
sysklogd/lib.a
util-linux/lib.a
util-linux/volume_id/lib.a
archival/built-in.o
archival/libarchive/built-in.o
console-tools/built-in.o
coreutils/built-in.o
coreutils/libcoreutils/built-in.o
debianutils/built-in.o
klibc-utils/built-in.o
e2fsprogs/built-in.o
editors/built-in.o
findutils/built-in.o
init/built-in.o
libbb/built-in.o
libpwdgrp/built-in.o
loginutils/built-in.o
mailutils/built-in.o
miscutils/built-in.o
modutils/built-in.o
networking/built-in.o
networking/libiproute/built-in.o
networking/udhcp/built-in.o
printutils/built-in.o
procps/built-in.o
runit/built-in.o
selinux/built-in.o
shell/built-in.o
sysklogd/built-in.o
util-linux/built-in.o
util-linux/volume_id/built-in.o
attempt to open /usr/lib/gcc-cross/mips-linux-gnu/14/libgcc.so failed
attempt to open /usr/lib/gcc-cross/mips-linux-gnu/14/libgcc.a succeeded
/usr/lib/gcc-cross/mips-linux-gnu/14/libgcc.a
(/usr/lib/gcc-cross/mips-linux-gnu/14/libgcc.a)_lshrdi3.o
(/usr/lib/gcc-cross/mips-linux-gnu/14/libgcc.a)_ashldi3.o
(/usr/lib/gcc-cross/mips-linux-gnu/14/libgcc.a)_divdi3.o
attempt to open /usr/lib/gcc-cross/mips-linux-gnu/14/libgcc_s.so succeeded
opened script file /usr/lib/gcc-cross/mips-linux-gnu/14/libgcc_s.so
/usr/lib/gcc-cross/mips-linux-gnu/14/libgcc_s.so
opened script file /usr/lib/gcc-cross/mips-linux-gnu/14/libgcc_s.so
attempt to open /usr/lib/gcc-cross/mips-linux-gnu/14/libgcc_s.so.1 failed
attempt to open libgcc_s.so.1 failed
attempt to open /usr/lib/gcc-cross/mips-linux-gnu/14/libgcc_s.so.1 failed
attempt to open /usr/lib/gcc-cross/mips-linux-gnu/14/../../../../mips-linux-gnu/lib/../lib/libgcc_s.so.1 succeeded
/usr/lib/gcc-cross/mips-linux-gnu/14/../../../../mips-linux-gnu/lib/../lib/libgcc_s.so.1
attempt to open /usr/lib/gcc-cross/mips-linux-gnu/14/libgcc.so failed
attempt to open /usr/lib/gcc-cross/mips-linux-gnu/14/libgcc.a succeeded
/usr/lib/gcc-cross/mips-linux-gnu/14/libgcc.a
attempt to open /usr/lib/gcc-cross/mips-linux-gnu/14/libc.so failed
attempt to open /usr/lib/gcc-cross/mips-linux-gnu/14/libc.a failed
attempt to open /usr/lib/gcc-cross/mips-linux-gnu/14/../../../../mips-linux-gnu/lib/../lib/libc.so succeeded
opened script file /usr/lib/gcc-cross/mips-linux-gnu/14/../../../../mips-linux-gnu/lib/../lib/libc.so
/usr/lib/gcc-cross/mips-linux-gnu/14/../../../../mips-linux-gnu/lib/../lib/libc.so
opened script file /usr/lib/gcc-cross/mips-linux-gnu/14/../../../../mips-linux-gnu/lib/../lib/libc.so
attempt to open /usr/mips-linux-gnu/lib/libc.so.6 succeeded
/usr/mips-linux-gnu/lib/libc.so.6
attempt to open /usr/mips-linux-gnu/lib/libc_nonshared.a succeeded
/usr/mips-linux-gnu/lib/libc_nonshared.a
attempt to open /usr/mips-linux-gnu/lib/ld.so.1 succeeded
/usr/mips-linux-gnu/lib/ld.so.1
/usr/mips-linux-gnu/lib/libc_nonshared.a
/usr/mips-linux-gnu/lib/ld.so.1
attempt to open /usr/lib/gcc-cross/mips-linux-gnu/14/libgcc.so failed
attempt to open /usr/lib/gcc-cross/mips-linux-gnu/14/libgcc.a succeeded
/usr/lib/gcc-cross/mips-linux-gnu/14/libgcc.a
attempt to open /usr/lib/gcc-cross/mips-linux-gnu/14/libgcc_s.so succeeded
opened script file /usr/lib/gcc-cross/mips-linux-gnu/14/libgcc_s.so
/usr/lib/gcc-cross/mips-linux-gnu/14/libgcc_s.so
opened script file /usr/lib/gcc-cross/mips-linux-gnu/14/libgcc_s.so
attempt to open /usr/lib/gcc-cross/mips-linux-gnu/14/libgcc_s.so.1 failed
attempt to open libgcc_s.so.1 failed
attempt to open /usr/lib/gcc-cross/mips-linux-gnu/14/libgcc_s.so.1 failed
attempt to open /usr/lib/gcc-cross/mips-linux-gnu/14/../../../../mips-linux-gnu/lib/../lib/libgcc_s.so.1 succeeded
/usr/lib/gcc-cross/mips-linux-gnu/14/../../../../mips-linux-gnu/lib/../lib/libgcc_s.so.1
attempt to open /usr/lib/gcc-cross/mips-linux-gnu/14/libgcc.so failed
attempt to open /usr/lib/gcc-cross/mips-linux-gnu/14/libgcc.a succeeded
/usr/lib/gcc-cross/mips-linux-gnu/14/libgcc.a
attempt to open /usr/lib/gcc-cross/mips-linux-gnu/14/crtendS.o succeeded
/usr/lib/gcc-cross/mips-linux-gnu/14/crtendS.o
attempt to open /usr/lib/gcc-cross/mips-linux-gnu/14/../../../../mips-linux-gnu/lib/../lib/crtn.o succeeded
/usr/lib/gcc-cross/mips-linux-gnu/14/../../../../mips-linux-gnu/lib/../lib/crtn.o
ld.so.1 needed by /usr/mips-linux-gnu/lib/libc.so.6
found ld.so.1 at /usr/mips-linux-gnu/lib/ld.so.1
