Archive member included to satisfy reference by file (symbol)

libbb/lib.a(appletlib.o)      /usr/lib/gcc-cross/mips-linux-gnu/14/../../../../mips-linux-gnu/lib/../lib/Scrt1.o (main)
libbb/lib.a(compare_string_array.o)
                              libbb/lib.a(appletlib.o) (is_prefixed_with)
libbb/lib.a(ptr_to_globals.o)
                              libbb/lib.a(appletlib.o) (bb_errno)
libbb/lib.a(xfunc_die.o)      libbb/lib.a(appletlib.o) (xfunc_die)
libbb/lib.a(default_error_retval.o)
                              libbb/lib.a(xfunc_die.o) (xfunc_error_retval)
shell/lib.a(ash.o)            libbb/lib.a(appletlib.o) (ash_main)
shell/lib.a(ash_ptr_hack.o)   shell/lib.a(ash.o) (ash_ptr_to_globals_var)
shell/lib.a(shell_common.o)   shell/lib.a(ash.o) (shell_builtin_read)
libbb/lib.a(bb_strtonum.o)    shell/lib.a(shell_common.o) (bb_strtoull)
libbb/lib.a(endofname.o)      shell/lib.a(ash.o) (endofname)
libbb/lib.a(messages.o)       shell/lib.a(ash.o) (bb_PATH_root_path)
libbb/lib.a(parse_mode.o)     shell/lib.a(ash.o) (bb_parse_mode)
libbb/lib.a(perror_msg.o)     shell/lib.a(shell_common.o) (bb_simple_perror_msg)
libbb/lib.a(read_printf.o)    shell/lib.a(ash.o) (nonblock_immune_read)
libbb/lib.a(safe_poll.o)      libbb/lib.a(read_printf.o) (safe_poll)
libbb/lib.a(safe_strncpy.o)   shell/lib.a(ash.o) (safe_strncpy)
libbb/lib.a(safe_write.o)     shell/lib.a(ash.o) (safe_write)
libbb/lib.a(signals.o)        shell/lib.a(ash.o) (sigaction_set)
libbb/lib.a(sysconf.o)        shell/lib.a(ash.o) (bb_clk_tck)
libbb/lib.a(time.o)           shell/lib.a(shell_common.o) (monotonic_ms)
libbb/lib.a(u_signal_names.o)
                              shell/lib.a(ash.o) (get_signum)
libbb/lib.a(verror_msg.o)     libbb/lib.a(perror_msg.o) (bb_verror_msg)
libbb/lib.a(xfuncs.o)         shell/lib.a(ash.o) (utoa)
libbb/lib.a(xfuncs_printf.o)  shell/lib.a(ash.o) (xmalloc)
libbb/lib.a(copyfd.o)         libbb/lib.a(xfuncs_printf.o) (bb_copyfd_eof)
libbb/lib.a(full_write.o)     libbb/lib.a(verror_msg.o) (full_write)
libbb/lib.a(read.o)           libbb/lib.a(read_printf.o) (safe_read)
/usr/lib/gcc-cross/mips-linux-gnu/14/libgcc.a(_lshrdi3.o)
                              shell/lib.a(shell_common.o) (__lshrdi3)
/usr/lib/gcc-cross/mips-linux-gnu/14/libgcc.a(_ashldi3.o)
                              shell/lib.a(shell_common.o) (__ashldi3)
/usr/lib/gcc-cross/mips-linux-gnu/14/libgcc.a(_divdi3.o)
                              libbb/lib.a(time.o) (__divdi3)

As-needed library included to satisfy reference by file (symbol)

libc.so.6                     shell/lib.a(shell_common.o) (printf@@GLIBC_2.0)

Discarded input sections

 .reginfo       0x00000000       0x18 /usr/lib/gcc-cross/mips-linux-gnu/14/../../../../mips-linux-gnu/lib/../lib/Scrt1.o
 .data          0x00000000       0x10 /usr/lib/gcc-cross/mips-linux-gnu/14/../../../../mips-linux-gnu/lib/../lib/Scrt1.o
 .bss           0x00000000        0x0 /usr/lib/gcc-cross/mips-linux-gnu/14/../../../../mips-linux-gnu/lib/../lib/Scrt1.o
 .text          0x00000000        0x0 /usr/lib/gcc-cross/mips-linux-gnu/14/../../../../mips-linux-gnu/lib/../lib/crti.o
 .data          0x00000000        0x0 /usr/lib/gcc-cross/mips-linux-gnu/14/../../../../mips-linux-gnu/lib/../lib/crti.o
 .bss           0x00000000        0x0 /usr/lib/gcc-cross/mips-linux-gnu/14/../../../../mips-linux-gnu/lib/../lib/crti.o
 .reginfo       0x00000000       0x18 /usr/lib/gcc-cross/mips-linux-gnu/14/../../../../mips-linux-gnu/lib/../lib/crti.o
 .MIPS.abiflags
                0x00000000       0x18 /usr/lib/gcc-cross/mips-linux-gnu/14/../../../../mips-linux-gnu/lib/../lib/crti.o
 .data          0x00000000        0x0 /usr/lib/gcc-cross/mips-linux-gnu/14/crtbeginS.o
 .reginfo       0x00000000       0x18 /usr/lib/gcc-cross/mips-linux-gnu/14/crtbeginS.o
 .MIPS.abiflags
                0x00000000       0x18 /usr/lib/gcc-cross/mips-linux-gnu/14/crtbeginS.o
 .MIPS.abiflags
                0x00000000       0x18 applets/built-in.o
 .reginfo       0x00000000       0x18 applets/built-in.o
 .text          0x00000000        0x0 applets/built-in.o
 .note.GNU-stack
                0x00000000        0x0 applets/built-in.o
 .data          0x00000000        0x0 applets/built-in.o
 .bss           0x00000000        0x0 applets/built-in.o
 .comment       0x00000000       0x20 applets/built-in.o
 .pdr           0x00000000        0x0 applets/built-in.o
 .text          0x00000000        0x0 libbb/lib.a(appletlib.o)
 .data          0x00000000        0x0 libbb/lib.a(appletlib.o)
 .bss           0x00000000        0x0 libbb/lib.a(appletlib.o)
 .reginfo       0x00000000       0x18 libbb/lib.a(appletlib.o)
 .MIPS.abiflags
                0x00000000       0x18 libbb/lib.a(appletlib.o)
 .pdr           0x00000000       0xa0 libbb/lib.a(appletlib.o)
 .text.bb_show_usage
                0x00000000       0x24 libbb/lib.a(appletlib.o)
 .text.find_applet_by_name
                0x00000000       0x78 libbb/lib.a(appletlib.o)
 .data.rel.ro.local.applet_main
[...]
Memory Configuration

Name             Origin             Length             Attributes
*default*        0x00000000         0xffffffff

Linker script and memory map

LOAD /usr/lib/gcc-cross/mips-linux-gnu/14/../../../../mips-linux-gnu/lib/../lib/Scrt1.o
LOAD /usr/lib/gcc-cross/mips-linux-gnu/14/../../../../mips-linux-gnu/lib/../lib/crti.o
LOAD /usr/lib/gcc-cross/mips-linux-gnu/14/crtbeginS.o
START GROUP
LOAD applets/built-in.o
LOAD archival/lib.a
LOAD archival/libarchive/lib.a
LOAD console-tools/lib.a
LOAD coreutils/lib.a
LOAD coreutils/libcoreutils/lib.a
LOAD debianutils/lib.a
LOAD klibc-utils/lib.a
LOAD e2fsprogs/lib.a
LOAD editors/lib.a
LOAD findutils/lib.a
LOAD init/lib.a
LOAD libbb/lib.a
LOAD libpwdgrp/lib.a
LOAD loginutils/lib.a
LOAD mailutils/lib.a
LOAD miscutils/lib.a
LOAD modutils/lib.a
LOAD networking/lib.a
LOAD networking/libiproute/lib.a
LOAD networking/udhcp/lib.a
LOAD printutils/lib.a
LOAD procps/lib.a
LOAD runit/lib.a
LOAD selinux/lib.a
LOAD shell/lib.a
LOAD sysklogd/lib.a
LOAD util-linux/lib.a
LOAD util-linux/volume_id/lib.a
LOAD archival/built-in.o
LOAD archival/libarchive/built-in.o
LOAD console-tools/built-in.o
LOAD coreutils/built-in.o
LOAD coreutils/libcoreutils/built-in.o
LOAD debianutils/built-in.o
LOAD klibc-utils/built-in.o
LOAD e2fsprogs/built-in.o
LOAD editors/built-in.o
LOAD findutils/built-in.o
LOAD init/built-in.o
LOAD libbb/built-in.o
LOAD libpwdgrp/built-in.o
LOAD loginutils/built-in.o
LOAD mailutils/built-in.o
LOAD miscutils/built-in.o
LOAD modutils/built-in.o
LOAD networking/built-in.o
LOAD networking/libiproute/built-in.o
LOAD networking/udhcp/built-in.o
LOAD printutils/built-in.o
LOAD procps/built-in.o
LOAD runit/built-in.o
LOAD selinux/built-in.o
LOAD shell/built-in.o
LOAD sysklogd/built-in.o
LOAD util-linux/built-in.o
LOAD util-linux/volume_id/built-in.o
END GROUP
LOAD /usr/lib/gcc-cross/mips-linux-gnu/14/libgcc.a
LOAD /usr/lib/gcc-cross/mips-linux-gnu/14/libgcc_s.so
START GROUP
LOAD /usr/lib/gcc-cross/mips-linux-gnu/14/../../../../mips-linux-gnu/lib/../lib/libgcc_s.so.1
LOAD /usr/lib/gcc-cross/mips-linux-gnu/14/libgcc.a
END GROUP
LOAD /usr/lib/gcc-cross/mips-linux-gnu/14/../../../../mips-linux-gnu/lib/../lib/libc.so
START GROUP
LOAD /usr/mips-linux-gnu/lib/libc.so.6
LOAD /usr/mips-linux-gnu/lib/libc_nonshared.a
LOAD /usr/mips-linux-gnu/lib/ld.so.1
END GROUP
LOAD /usr/lib/gcc-cross/mips-linux-gnu/14/libgcc.a
LOAD /usr/lib/gcc-cross/mips-linux-gnu/14/libgcc_s.so
START GROUP
LOAD /usr/lib/gcc-cross/mips-linux-gnu/14/../../../../mips-linux-gnu/lib/../lib/libgcc_s.so.1
LOAD /usr/lib/gcc-cross/mips-linux-gnu/14/libgcc.a
END GROUP
LOAD /usr/lib/gcc-cross/mips-linux-gnu/14/crtendS.o
LOAD /usr/lib/gcc-cross/mips-linux-gnu/14/../../../../mips-linux-gnu/lib/../lib/crtn.o
                [!provide]                        PROVIDE (__executable_start = SEGMENT_START ("text-segment", 0x0))
                0x00000194                        . = (SEGMENT_START ("text-segment", 0x0) + SIZEOF_HEADERS)

.note.gnu.build-id
                0x00000194       0x24
 *(SORT_BY_ALIGNMENT(.note.gnu.build-id))
 .note.gnu.build-id
                0x00000194       0x24 /usr/lib/gcc-cross/mips-linux-gnu/14/../../../../mips-linux-gnu/lib/../lib/Scrt1.o

.interp         0x000001b8        0xd
 *(SORT_BY_ALIGNMENT(.interp))
 .interp        0x000001b8        0xd /usr/lib/gcc-cross/mips-linux-gnu/14/../../../../mips-linux-gnu/lib/../lib/Scrt1.o

.MIPS.abiflags  0x000001c8       0x18
 *(SORT_BY_ALIGNMENT(.MIPS.abiflags))
 .MIPS.abiflags
                0x000001c8       0x18 /usr/lib/gcc-cross/mips-linux-gnu/14/../../../../mips-linux-gnu/lib/../lib/Scrt1.o

.reginfo
 *(SORT_BY_ALIGNMENT(.reginfo))

.MIPS.xhash     0x000001e0      0x44c
 *(SORT_BY_ALIGNMENT(.MIPS.xhash))
 .MIPS.xhash    0x000001e0      0x44c /usr/lib/gcc-cross/mips-linux-gnu/14/../../../../mips-linux-gnu/lib/../lib/Scrt1.o

.dynamic        0x0000062c      0x120
 *(SORT_BY_ALIGNMENT(.dynamic))
 .dynamic       0x0000062c      0x120 /usr/lib/gcc-cross/mips-linux-gnu/14/../../../../mips-linux-gnu/lib/../lib/Scrt1.o
                0x0000062c                _DYNAMIC

.hash
 *(SORT_BY_ALIGNMENT(.hash))

.gnu.hash
 *(SORT_BY_ALIGNMENT(.gnu.hash))

.dynsym         0x0000074c      0x6c0
 *(SORT_BY_ALIGNMENT(.dynsym))
 .dynsym        0x0000074c      0x6c0 /usr/lib/gcc-cross/mips-linux-gnu/14/../../../../mips-linux-gnu/lib/../lib/Scrt1.o

.dynstr         0x00000e0c      0x43a
 *(SORT_BY_ALIGNMENT(.dynstr))
 .dynstr        0x00000e0c      0x43a /usr/lib/gcc-cross/mips-linux-gnu/14/../../../../mips-linux-gnu/lib/../lib/Scrt1.o

.gnu.version    0x00001246       0xd8
 *(SORT_BY_ALIGNMENT(.gnu.version))
 .gnu.version   0x00001246       0xd8 /usr/lib/gcc-cross/mips-linux-gnu/14/../../../../mips-linux-gnu/lib/../lib/Scrt1.o

.gnu.version_d  0x00001320        0x0
 *(SORT_BY_ALIGNMENT(.gnu.version_d))
 .gnu.version_d
                0x00001320        0x0 /usr/lib/gcc-cross/mips-linux-gnu/14/../../../../mips-linux-gnu/lib/../lib/Scrt1.o

.gnu.version_r  0x00001320       0x70
 *(SORT_BY_ALIGNMENT(.gnu.version_r))
 .gnu.version_r
                0x00001320       0x70 /usr/lib/gcc-cross/mips-linux-gnu/14/../../../../mips-linux-gnu/lib/../lib/Scrt1.o

.rel.dyn        0x00001390      0x388
 *(SORT_BY_ALIGNMENT(.rel.init))
 *(SORT_BY_ALIGNMENT(.rel.text) SORT_BY_ALIGNMENT(.rel.text.*) SORT_BY_ALIGNMENT(.rel.gnu.linkonce.t.*))
 *(SORT_BY_ALIGNMENT(.rel.fini))
 *(SORT_BY_ALIGNMENT(.rel.rodata) SORT_BY_ALIGNMENT(.rel.rodata.*) SORT_BY_ALIGNMENT(.rel.gnu.linkonce.r.*))
 *(SORT_BY_ALIGNMENT(.rel.data.rel.ro) SORT_BY_ALIGNMENT(.rel.data.rel.ro.*) SORT_BY_ALIGNMENT(.rel.gnu.linkonce.d.rel.ro.*))
 .rel.data.rel.ro
                0x00001390        0x0 /usr/lib/gcc-cross/mips-linux-gnu/14/../../../../mips-linux-gnu/lib/../lib/Scrt1.o
 *(SORT_BY_ALIGNMENT(.rel.data) SORT_BY_ALIGNMENT(.rel.data.*) SORT_BY_ALIGNMENT(.rel.gnu.linkonce.d.*))
 *(SORT_BY_ALIGNMENT(.rel.tdata) SORT_BY_ALIGNMENT(.rel.tdata.*) SORT_BY_ALIGNMENT(.rel.gnu.linkonce.td.*))
 *(SORT_BY_ALIGNMENT(.rel.tbss) SORT_BY_ALIGNMENT(.rel.tbss.*) SORT_BY_ALIGNMENT(.rel.gnu.linkonce.tb.*))
 *(SORT_BY_ALIGNMENT(.rel.ctors))
 *(SORT_BY_ALIGNMENT(.rel.dtors))
 *(SORT_BY_ALIGNMENT(.rel.got))
 *(SORT_BY_ALIGNMENT(.rel.dyn))
 .rel.dyn       0x00001390      0x388 /usr/lib/gcc-cross/mips-linux-gnu/14/../../../../mips-linux-gnu/lib/../lib/Scrt1.o
 *(SORT_BY_ALIGNMENT(.rel.sdata) SORT_BY_ALIGNMENT(.rel.sdata.*) SORT_BY_ALIGNMENT(.rel.gnu.linkonce.s.*))
 *(SORT_BY_ALIGNMENT(.rel.sbss) SORT_BY_ALIGNMENT(.rel.sbss.*) SORT_BY_ALIGNMENT(.rel.gnu.linkonce.sb.*))
 *(SORT_BY_ALIGNMENT(.rel.sdata2) SORT_BY_ALIGNMENT(.rel.sdata2.*) SORT_BY_ALIGNMENT(.rel.gnu.linkonce.s2.*))
 *(SORT_BY_ALIGNMENT(.rel.sbss2) SORT_BY_ALIGNMENT(.rel.sbss2.*) SORT_BY_ALIGNMENT(.rel.gnu.linkonce.sb2.*))
 *(SORT_BY_ALIGNMENT(.rel.bss) SORT_BY_ALIGNMENT(.rel.bss.*) SORT_BY_ALIGNMENT(.rel.gnu.linkonce.b.*))
 .rel.bss       0x00001718        0x0 /usr/lib/gcc-cross/mips-linux-gnu/14/../../../../mips-linux-gnu/lib/../lib/Scrt1.o
 *(SORT_BY_ALIGNMENT(.rel.iplt))

.rela.dyn
 *(SORT_BY_ALIGNMENT(.rela.init))
 *(SORT_BY_ALIGNMENT(.rela.text) SORT_BY_ALIGNMENT(.rela.text.*) SORT_BY_ALIGNMENT(.rela.gnu.linkonce.t.*))
 *(SORT_BY_ALIGNMENT(.rela.fini))
 *(SORT_BY_ALIGNMENT(.rela.rodata) SORT_BY_ALIGNMENT(.rela.rodata.*) SORT_BY_ALIGNMENT(.rela.gnu.linkonce.r.*))
 *(SORT_BY_ALIGNMENT(.rela.data) SORT_BY_ALIGNMENT(.rela.data.*) SORT_BY_ALIGNMENT(.rela.gnu.linkonce.d.*))
 *(SORT_BY_ALIGNMENT(.rela.tdata) SORT_BY_ALIGNMENT(.rela.tdata.*) SORT_BY_ALIGNMENT(.rela.gnu.linkonce.td.*))
 *(SORT_BY_ALIGNMENT(.rela.tbss) SORT_BY_ALIGNMENT(.rela.tbss.*) SORT_BY_ALIGNMENT(.rela.gnu.linkonce.tb.*))
 *(SORT_BY_ALIGNMENT(.rela.ctors))
 *(SORT_BY_ALIGNMENT(.rela.dtors))
 *(SORT_BY_ALIGNMENT(.rela.got))
 *(SORT_BY_ALIGNMENT(.rela.sdata) SORT_BY_ALIGNMENT(.rela.sdata.*) SORT_BY_ALIGNMENT(.rela.gnu.linkonce.s.*))
 *(SORT_BY_ALIGNMENT(.rela.sbss) SORT_BY_ALIGNMENT(.rela.sbss.*) SORT_BY_ALIGNMENT(.rela.gnu.linkonce.sb.*))
 *(SORT_BY_ALIGNMENT(.rela.sdata2) SORT_BY_ALIGNMENT(.rela.sdata2.*) SORT_BY_ALIGNMENT(.rela.gnu.linkonce.s2.*))
 *(SORT_BY_ALIGNMENT(.rela.sbss2) SORT_BY_ALIGNMENT(.rela.sbss2.*) SORT_BY_ALIGNMENT(.rela.gnu.linkonce.sb2.*))
 *(SORT_BY_ALIGNMENT(.rela.bss) SORT_BY_ALIGNMENT(.rela.bss.*) SORT_BY_ALIGNMENT(.rela.gnu.linkonce.b.*))
 *(SORT_BY_ALIGNMENT(.rela.iplt))

.rel.plt        0x00001718        0x0
 *(SORT_BY_ALIGNMENT(.rel.plt))
 .rel.plt       0x00001718        0x0 /usr/lib/gcc-cross/mips-linux-gnu/14/../../../../mips-linux-gnu/lib/../lib/Scrt1.o

.rela.plt
 *(SORT_BY_ALIGNMENT(.rela.plt))

.init           0x00001718       0x3c
 *(SORT_NONE(.init))
 .init          0x00001718       0x30 /usr/lib/gcc-cross/mips-linux-gnu/14/../../../../mips-linux-gnu/lib/../lib/crti.o
                0x00001718                _init
 .init          0x00001748        0xc /usr/lib/gcc-cross/mips-linux-gnu/14/../../../../mips-linux-gnu/lib/../lib/crtn.o

.text           0x00001760    0x10e50
                0x00001760                        _ftext = .
 *(SORT_BY_ALIGNMENT(.text.unlikely) SORT_BY_ALIGNMENT(.text.*_unlikely) SORT_BY_ALIGNMENT(.text.unlikely.*))
 *(SORT_BY_ALIGNMENT(.text.exit) SORT_BY_ALIGNMENT(.text.exit.*))
 *(SORT_BY_ALIGNMENT(.text.startup) SORT_BY_ALIGNMENT(.text.startup.*))
 *(SORT_BY_ALIGNMENT(.text.hot) SORT_BY_ALIGNMENT(.text.hot.*))
 *(SORT_BY_NAME(SORT_BY_ALIGNMENT(.text.sorted.*)))
 *(SORT_BY_ALIGNMENT(.text) SORT_BY_ALIGNMENT(.stub) SORT_BY_ALIGNMENT(.text.*) SORT_BY_ALIGNMENT(.gnu.linkonce.t.*))
 .text          0x00001760       0x60 /usr/lib/gcc-cross/mips-linux-gnu/14/../../../../mips-linux-gnu/lib/../lib/Scrt1.o
                0x00001760                __start
 .text          0x000017c0      0x110 /usr/lib/gcc-cross/mips-linux-gnu/14/crtbeginS.o
 .text          0x000018d0       0x50 /usr/lib/gcc-cross/mips-linux-gnu/14/libgcc.a(_lshrdi3.o)
                0x000018d0                __lshrdi3
 .text          0x00001920       0x50 /usr/lib/gcc-cross/mips-linux-gnu/14/libgcc.a(_ashldi3.o)
                0x00001920                __ashldi3
 .text          0x00001970      0x4c0 /usr/lib/gcc-cross/mips-linux-gnu/14/libgcc.a(_divdi3.o)
                0x00001970                __divdi3
 .text.string_array_len
                0x00001e30       0x24 libbb/lib.a(appletlib.o)
                0x00001e30                string_array_len
 .text.lbb_prepare
                0x00001e54       0xa0 libbb/lib.a(appletlib.o)
                0x00001e54                lbb_prepare
 .text.main     0x00001ef4       0xac libbb/lib.a(appletlib.o)
                0x00001ef4                main
 .text.is_prefixed_with
                0x00001fa0       0x34 libbb/lib.a(compare_string_array.o)
                0x00001fa0                is_prefixed_with
 .text.nth_string
                0x00001fd4       0x34 libbb/lib.a(compare_string_array.o)
                0x00001fd4                nth_string
 .text.xfunc_die
                0x00002008       0x44 libbb/lib.a(xfunc_die.o)
                0x00002008                xfunc_die
 .text.prefix   0x0000204c       0x30 shell/lib.a(ash.o)
 .text.is_number
                0x0000207c       0x34 shell/lib.a(ash.o)
 .text.varcmp   0x000020b0       0x50 shell/lib.a(ash.o)
 .text.hashvar  0x00002100       0x60 shell/lib.a(ash.o)
 .text.vpcmp    0x00002160       0x20 shell/lib.a(ash.o)
 .text.findvar  0x00002180       0x5c shell/lib.a(ash.o)
 .text.getstatus
                0x000021dc       0x30 shell/lib.a(ash.o)
 .text.skiploop
                0x0000220c       0x48 shell/lib.a(ash.o)
 .text.falsecmd
                0x00002254        0x8 shell/lib.a(ash.o)
 .text.truecmd  0x0000225c        0x8 shell/lib.a(ash.o)
 .text.bltincmd
                0x00002264       0x1c shell/lib.a(ash.o)
 .text.nlnoprompt
                0x00002280       0x44 shell/lib.a(ash.o)
 .text.pungetc  0x000022c4       0x24 shell/lib.a(ash.o)
 .text.pushfile
                0x000022e8       0x4c shell/lib.a(ash.o)
 .text.pushredir
                0x00002334       0xb8 shell/lib.a(ash.o)
 .text.freeparam
                0x000023ec       0x74 shell/lib.a(ash.o)
 .text.freefunc
                0x00002460       0x3c shell/lib.a(ash.o)
 .text.ignoresig
                0x0000249c       0x64 shell/lib.a(ash.o)
 .text.raise_exception
                0x00002500       0x40 shell/lib.a(ash.o)
 .text.raise_interrupt
                0x00002540       0x8c shell/lib.a(ash.o)
 .text.int_on   0x000025cc       0x58 shell/lib.a(ash.o)
 .text.clearcmdentry
                0x00002624       0xec shell/lib.a(ash.o)
 .text.changepath
                0x00002710       0xb8 shell/lib.a(ash.o)
 .text.ifsfree  0x000027c8       0x88 shell/lib.a(ash.o)
 .text.freestrings
                0x00002850       0x8c shell/lib.a(ash.o)
 .text.delete_cmd_entry
                0x000028dc       0x8c shell/lib.a(ash.o)
 .text.recordregion
                0x00002968       0xbc shell/lib.a(ash.o)
 .text.popstackmark
                0x00002a24       0xac shell/lib.a(ash.o)
 .text.signal_handler
                0x00002ad0       0xa0 shell/lib.a(ash.o)
 .text.force_int_on
                0x00002b70       0x4c shell/lib.a(ash.o)
 .text.pstrcmp1
                0x00002bbc       0x1c shell/lib.a(ash.o)
 .text.pstrcmp  0x00002bd8       0x18 shell/lib.a(ash.o)
 .text.flush_stdout_stderr
                0x00002bf0       0x50 shell/lib.a(ash.o)
 .text.popstring
                0x00002c40       0x9c shell/lib.a(ash.o)
 .text.popfile  0x00002cdc      0x134 shell/lib.a(ash.o)
 .text.unwindfiles
                0x00002e10       0x68 shell/lib.a(ash.o)
 .text.setsignal
                0x00002e78      0x1e4 shell/lib.a(ash.o)
 .text.out1fmt  0x0000305c       0x74 shell/lib.a(ash.o)
 .text.optschanged
                0x000030d0       0xd0 shell/lib.a(ash.o)
 .text.setinputstring
                0x000031a0       0x9c shell/lib.a(ash.o)
 .text.cmdlookup
                0x0000323c      0x110 shell/lib.a(ash.o)
 .text.nodeckstrdup
                0x0000334c       0x6c shell/lib.a(ash.o)
 .text.copynode
                0x000033b8      0x250 shell/lib.a(ash.o)
 .text.copynodelist
                0x00003608       0x98 shell/lib.a(ash.o)
 .text.newline_and_flush
                0x000036a0       0x70 shell/lib.a(ash.o)
 .text.ash_vmsg
                0x00003710      0x11c shell/lib.a(ash.o)
 .text.ash_msg_and_raise_error
                0x0000382c       0x70 shell/lib.a(ash.o)
 .text.setvareq
                0x0000389c      0x218 shell/lib.a(ash.o)
 .text.setvar   0x00003ab4      0x16c shell/lib.a(ash.o)
 .text.setvar0  0x00003c20       0x1c shell/lib.a(ash.o)
 .text.raise_error_syntax
                0x00003c3c       0x48 shell/lib.a(ash.o)
 .text.nextopt  0x00003c84      0x124 shell/lib.a(ash.o)
 .text.unsetcmd
                0x00003da8       0xf4 shell/lib.a(ash.o)
 .text.cdopt    0x00003e9c       0x84 shell/lib.a(ash.o)
 .text.ash_msg  0x00003f20       0x44 shell/lib.a(ash.o)
 .text.stalloc  0x00003f64       0xe4 shell/lib.a(ash.o)
 .text.setstackmark
                0x00004048       0x54 shell/lib.a(ash.o)
 .text.sstrdup  0x0000409c       0x6c shell/lib.a(ash.o)
 .text.setparam
                0x00004108       0xd8 shell/lib.a(ash.o)
 .text.options  0x000041e0      0x390 shell/lib.a(ash.o)
 .text.setpwd   0x00004570      0x154 shell/lib.a(ash.o)
 .text.pwdcmd   0x000046c4       0x98 shell/lib.a(ash.o)
 .text.setinputfile
                0x0000475c      0x180 shell/lib.a(ash.o)
 .text.dup_CLOEXEC
                0x000048dc       0x94 shell/lib.a(ash.o)
 .text.fmtstr   0x00004970       0x80 shell/lib.a(ash.o)
 .text.out2str  0x000049f0       0x6c shell/lib.a(ash.o)
 .text.setprompt_if
                0x00004a5c       0x74 shell/lib.a(ash.o)
 .text.nlprompt
                0x00004ad0       0x48 shell/lib.a(ash.o)
 .text.stoppedjobs
                0x00004b18       0x84 shell/lib.a(ash.o)
 .text.__pgetc  0x00004b9c      0x1f4 shell/lib.a(ash.o)
 .text.pgetc    0x00004d90       0x50 shell/lib.a(ash.o)
 .text.pgetc_eatbnl
                0x00004de0       0xb4 shell/lib.a(ash.o)
 .text.number   0x00004e94       0x58 shell/lib.a(ash.o)
 .text.shiftcmd
                0x00004eec      0x11c shell/lib.a(ash.o)
 .text.returncmd
                0x00005008       0x60 shell/lib.a(ash.o)
 .text.exitcmd  0x00005068       0x7c shell/lib.a(ash.o)
 .text.breakcmd
                0x000050e4       0xb4 shell/lib.a(ash.o)
 .text.stzalloc
                0x00005198       0x50 shell/lib.a(ash.o)
 .text.makename
                0x000051e8       0x58 shell/lib.a(ash.o)
 .text.growstackblock
                0x00005240      0x14c shell/lib.a(ash.o)
 .text.growstackstr
                0x0000538c       0x58 shell/lib.a(ash.o)
 .text._STPUTC  0x000053e4       0x5c shell/lib.a(ash.o)
 .text.listvars
                0x00005440      0x11c shell/lib.a(ash.o)
 .text.growstackto
                0x0000555c       0x54 shell/lib.a(ash.o)
 .text.makestrspace
                0x000055b0       0x50 shell/lib.a(ash.o)
 .text.single_quote
                0x00005600      0x154 shell/lib.a(ash.o)
 .text.maybe_single_quote
                0x00005754       0x70 shell/lib.a(ash.o)
 .text.stack_putstr
                0x000057c4       0x84 shell/lib.a(ash.o)
 .text.memtodest
                0x00005848      0x118 shell/lib.a(ash.o)
 .text.findkwd  0x00005960       0x48 shell/lib.a(ash.o)
 .text.umaskcmd
                0x000059a8      0x200 shell/lib.a(ash.o)
 .text.ulimitcmd
                0x00005ba8       0x18 shell/lib.a(ash.o)
 .text.errmsg   0x00005bc0       0x3c shell/lib.a(ash.o)
 .text.trapcmd  0x00005bfc      0x27c shell/lib.a(ash.o)
 .text.timescmd
                0x00005e78       0xfc shell/lib.a(ash.o)
 .text.tryexec  0x00005f74       0xbc shell/lib.a(ash.o)
 .text.rmescapes
                0x00006030      0x22c shell/lib.a(ash.o)
 .text.cvtnum   0x0000625c       0x78 shell/lib.a(ash.o)
 .text.scanright
                0x000062d4      0x1a0 shell/lib.a(ash.o)
 .text.scanleft
                0x00006474       0xcc shell/lib.a(ash.o)
 .text.legal_pathopt.constprop.0
                0x00006540       0x6c shell/lib.a(ash.o)
 .text.padvance
                0x000065ac      0x1b8 shell/lib.a(ash.o)
 .text.showvars.isra.0
                0x00006764      0x154 shell/lib.a(ash.o)
 .text.exportcmd
                0x000068b8      0x170 shell/lib.a(ash.o)
 .text.setcmd   0x00006a28       0xd4 shell/lib.a(ash.o)
 .text.dup2_or_raise.isra.0
                0x00006afc       0x64 shell/lib.a(ash.o)
 .text.popredir
                0x00006b60      0x164 shell/lib.a(ash.o)
 .text.exitreset
                0x00006cc4       0xbc shell/lib.a(ash.o)
 .text.dowait.isra.0
                0x00006d80      0x358 shell/lib.a(ash.o)
 .text.waitcmd  0x000070d8      0x308 shell/lib.a(ash.o)
 .text.raise_error_unexpected_syntax
                0x000073e0      0x100 shell/lib.a(ash.o)
 .text.parse_command
                0x000074e0      0x920 shell/lib.a(ash.o)
 .text.pipeline
                0x00007e00      0x194 shell/lib.a(ash.o)
 .text.list     0x00007f94      0x2b0 shell/lib.a(ash.o)
 .text.readtoken1
                0x00008244     0x1014 shell/lib.a(ash.o)
 .text.xxreadtoken
                0x00009258      0x1e8 shell/lib.a(ash.o)
 .text.parseheredoc
                0x00009440      0x124 shell/lib.a(ash.o)
 .text.readtoken
                0x00009564      0x110 shell/lib.a(ash.o)
 .text.parsefname
                0x00009674      0x190 shell/lib.a(ash.o)
 .text.parsecmd
                0x00009804       0x70 shell/lib.a(ash.o)
 .text.calcsize
                0x00009874      0x208 shell/lib.a(ash.o)
 .text.freejob  0x00009a7c       0xe8 shell/lib.a(ash.o)
 .text.makejob  0x00009b64      0x1cc shell/lib.a(ash.o)
 .text.waitforjob
                0x00009d30       0x94 shell/lib.a(ash.o)
 .text.forkchild
                0x00009dc4      0x2a8 shell/lib.a(ash.o)
 .text.forkshell
                0x0000a06c      0x128 shell/lib.a(ash.o)
 .text.mklocal  0x0000a194      0x240 shell/lib.a(ash.o)
 .text.localcmd
                0x0000a3d4       0x84 shell/lib.a(ash.o)
 .text.ash_msg_and_raise.constprop.0
                0x0000a458       0x64 shell/lib.a(ash.o)
 .text.shellexec
                0x0000a4bc      0x1e0 shell/lib.a(ash.o)
 .text.execcmd  0x0000a69c       0xe8 shell/lib.a(ash.o)
 .text.out1str  0x0000a784       0x58 shell/lib.a(ash.o)
 .text.unwindlocalvars
                0x0000a7dc      0x1c0 shell/lib.a(ash.o)
 .text.lookupvar
                0x0000a99c      0x100 shell/lib.a(ash.o)
 .text.init     0x0000aa9c      0x24c shell/lib.a(ash.o)
 .text.readcmd  0x0000ace8      0x204 shell/lib.a(ash.o)
 .text.cdcmd    0x0000aeec      0x52c shell/lib.a(ash.o)
 .text.varvalue
                0x0000b418      0x3b8 shell/lib.a(ash.o)
 .text.evalvar  0x0000b7d0      0x310 shell/lib.a(ash.o)
 .text.argstr   0x0000bae0      0x6d8 shell/lib.a(ash.o)
 .text.expandarg
                0x0000c1b8      0x5bc shell/lib.a(ash.o)
 .text.redirect
                0x0000c774      0x6ac shell/lib.a(ash.o)
 .text.redirectsafe.constprop.0
                0x0000ce20       0xf4 shell/lib.a(ash.o)
 .text.expredir
                0x0000cf14      0x170 shell/lib.a(ash.o)
 .text.evaltree
                0x0000d084      0x4a0 shell/lib.a(ash.o)
 .text.evalloop
                0x0000d524      0x134 shell/lib.a(ash.o)
 .text.evalfun  0x0000d658      0x240 shell/lib.a(ash.o)
 .text.evalstring
                0x0000d898      0x1d8 shell/lib.a(ash.o)
 .text.dotrap   0x0000da70      0x160 shell/lib.a(ash.o)
 .text.exitshell
                0x0000dbd0       0xe0 shell/lib.a(ash.o)
 .text.evalbltin
                0x0000dcb0      0x224 shell/lib.a(ash.o)
 .text.cmdloop  0x0000ded4      0x19c shell/lib.a(ash.o)
 .text.find_command
                0x0000e070      0x510 shell/lib.a(ash.o)
 .text.hashcmd  0x0000e580      0x240 shell/lib.a(ash.o)
 .text.typecmd  0x0000e7c0      0x268 shell/lib.a(ash.o)
 .text.dotcmd   0x0000ea28      0x23c shell/lib.a(ash.o)
 .text.evalpipe
                0x0000ec64      0x2a0 shell/lib.a(ash.o)
 .text.evalsubshell
                0x0000ef04      0x178 shell/lib.a(ash.o)
 .text.evalfor  0x0000f07c      0x148 shell/lib.a(ash.o)
 .text.expandstr.constprop.0
                0x0000f1c4      0x184 shell/lib.a(ash.o)
 .text.read_profile
                0x0000f348       0x7c shell/lib.a(ash.o)
 .text.evalcommand
                0x0000f3c4      0x830 shell/lib.a(ash.o)
 .text.subevalvar
                0x0000fbf4      0x388 shell/lib.a(ash.o)
 .text.evalcase
                0x0000ff7c      0x1f8 shell/lib.a(ash.o)
 .text.ash_main
                0x00010174      0x5b8 shell/lib.a(ash.o)
                0x00010174                ash_main
 .text.printlim
                0x0001072c       0x8c shell/lib.a(shell_common.o)
 .text.shell_builtin_read
                0x000107b8      0x6a4 shell/lib.a(shell_common.o)
                0x000107b8                shell_builtin_read
 .text.shell_builtin_ulimit
                0x00010e5c      0x428 shell/lib.a(shell_common.o)
                0x00010e5c                shell_builtin_ulimit
 .text.handle_errors.isra.0
                0x00011284       0x70 libbb/lib.a(bb_strtonum.o)
 .text.bb_strtoull
                0x000112f4       0xac libbb/lib.a(bb_strtonum.o)
                0x000112f4                bb_strtoull
 .text.bb_strtoul
                0x000113a0       0xa8 libbb/lib.a(bb_strtonum.o)
                0x000113a0                bb_strtoul
 .text.endofname
                0x00011448       0x60 libbb/lib.a(endofname.o)
                0x00011448                endofname
 .text.bb_parse_mode
                0x000114a8      0x2c0 libbb/lib.a(parse_mode.o)
                0x000114a8                bb_parse_mode
 .text.bb_perror_msg
                0x00011768       0x84 libbb/lib.a(perror_msg.o)
                0x00011768                bb_perror_msg
 .text.bb_perror_msg_and_die
                0x000117ec       0x80 libbb/lib.a(perror_msg.o)
                0x000117ec                bb_perror_msg_and_die
 .text.bb_simple_perror_msg
                0x0001186c       0x20 libbb/lib.a(perror_msg.o)
                0x0001186c                bb_simple_perror_msg
 .text.bb_simple_perror_msg_and_die
                0x0001188c       0x2c libbb/lib.a(perror_msg.o)
                0x0001188c                bb_simple_perror_msg_and_die
 .text.nonblock_immune_read
                0x000118b8       0xd0 libbb/lib.a(read_printf.o)
                0x000118b8                nonblock_immune_read
 .text.safe_poll
                0x00011988       0xc4 libbb/lib.a(safe_poll.o)
                0x00011988                safe_poll
 .text.safe_strncpy
                0x00011a4c       0x30 libbb/lib.a(safe_strncpy.o)
                0x00011a4c                safe_strncpy
 .text.safe_write
                0x00011a7c       0x94 libbb/lib.a(safe_write.o)
                0x00011a7c                safe_write
 .text.sigaction_set
                0x00011b10       0x18 libbb/lib.a(signals.o)
                0x00011b10                sigaction_set
 .text.sigprocmask_allsigs
                0x00011b28       0x60 libbb/lib.a(signals.o)
                0x00011b28                sigprocmask_allsigs
 .text.sigprocmask2
                0x00011b88       0x18 libbb/lib.a(signals.o)
                0x00011b88                sigprocmask2
 .text.bb_clk_tck
                0x00011ba0       0x18 libbb/lib.a(sysconf.o)
                0x00011ba0                bb_clk_tck
 .text.monotonic_ms
                0x00011bb8       0x8c libbb/lib.a(time.o)
                0x00011bb8                monotonic_ms
 .text.get_signum
                0x00011c44       0xc8 libbb/lib.a(u_signal_names.o)
                0x00011c44                get_signum
 .text.get_signame
                0x00011d0c       0x48 libbb/lib.a(u_signal_names.o)
                0x00011d0c                get_signame
 .text.bb_verror_msg
                0x00011d54      0x290 libbb/lib.a(verror_msg.o)
                0x00011d54                bb_verror_msg
 .text.bb_error_msg_and_die
                0x00011fe4       0x48 libbb/lib.a(verror_msg.o)
                0x00011fe4                bb_error_msg_and_die
 .text.bb_error_msg
                0x0001202c       0x44 libbb/lib.a(verror_msg.o)
                0x0001202c                bb_error_msg
 .text.bb_simple_error_msg
                0x00012070       0x20 libbb/lib.a(verror_msg.o)
                0x00012070                bb_simple_error_msg
 .text.bb_simple_error_msg_and_die
                0x00012090       0x2c libbb/lib.a(verror_msg.o)
                0x00012090                bb_simple_error_msg_and_die
 .text.utoa_to_buf
                0x000120bc       0x7c libbb/lib.a(xfuncs.o)
                0x000120bc                utoa_to_buf
 .text.itoa_to_buf
                0x00012138       0x40 libbb/lib.a(xfuncs.o)
                0x00012138                itoa_to_buf
 .text.utoa     0x00012178       0x40 libbb/lib.a(xfuncs.o)
                0x00012178                utoa
 .text.itoa     0x000121b8       0x40 libbb/lib.a(xfuncs.o)
                0x000121b8                itoa
 .text._exit_SUCCESS
                0x000121f8       0x24 libbb/lib.a(xfuncs.o)
                0x000121f8                _exit_SUCCESS
 .text.bb_die_memory_exhausted
                0x0001221c       0x28 libbb/lib.a(xfuncs_printf.o)
                0x0001221c                bb_die_memory_exhausted
 .text.xmalloc  0x00012244       0x50 libbb/lib.a(xfuncs_printf.o)
                0x00012244                xmalloc
 .text.xrealloc
                0x00012294       0x50 libbb/lib.a(xfuncs_printf.o)
                0x00012294                xrealloc
 .text.xzalloc  0x000122e4       0x50 libbb/lib.a(xfuncs_printf.o)
                0x000122e4                xzalloc
 .text.xstrdup  0x00012334       0x50 libbb/lib.a(xfuncs_printf.o)
                0x00012334                xstrdup
 .text.xmemdup  0x00012384       0x5c libbb/lib.a(xfuncs_printf.o)
                0x00012384                xmemdup
 .text.xwrite   0x000123e0       0x74 libbb/lib.a(xfuncs_printf.o)
                0x000123e0                xwrite
 .text.fflush_all
                0x00012454       0x18 libbb/lib.a(xfuncs_printf.o)
                0x00012454                fflush_all
 .text.xgettimeofday
                0x0001246c       0x18 libbb/lib.a(xfuncs_printf.o)
                0x0001246c                xgettimeofday
 .text.full_write
                0x00012484       0x98 libbb/lib.a(full_write.o)
                0x00012484                full_write
 .text.safe_read
                0x0001251c       0x94 libbb/lib.a(read.o)
                0x0001251c                safe_read
 *(SORT_BY_ALIGNMENT(.gnu.warning))
 *(SORT_BY_ALIGNMENT(.mips16.fn.*))
 *(SORT_BY_ALIGNMENT(.mips16.call.*))

.MIPS.stubs     0x000125b0      0x570
 .MIPS.stubs    0x000125b0      0x570 /usr/lib/gcc-cross/mips-linux-gnu/14/../../../../mips-linux-gnu/lib/../lib/Scrt1.o
                0x000125b0                fputs_unlocked@@GLIBC_2.2
                0x000125b0                _MIPS_STUBS_
                0x000125c0                getpwnam@@GLIBC_2.0
                0x000125d0                __isoc23_strtoul@@GLIBC_2.38
                0x000125e0                raise@@GLIBC_2.0
                0x000125f0                dup2@@GLIBC_2.0
                0x00012600                __stat64_time64@@GLIBC_2.34
                0x00012610                strcmp@@GLIBC_2.0
                0x00012620                __libc_start_main@@GLIBC_2.34
                0x00012630                putc_unlocked@@GLIBC_2.0
                0x00012640                read@@GLIBC_2.0
                0x00012650                __isoc23_strtoull@@GLIBC_2.38
                0x00012660                printf@@GLIBC_2.0
                0x00012670                times@@GLIBC_2.0
                0x00012680                longjmp@@GLIBC_2.0
                0x00012690                getrlimit64@@GLIBC_2.19
                0x000126a0                strcspn@@GLIBC_2.0
                0x000126b0                fflush@@GLIBC_2.0
                0x000126c0                _exit@@GLIBC_2.0
                0x000126d0                sigprocmask@@GLIBC_2.0
                0x000126e0                memmove@@GLIBC_2.0
                0x000126f0                _setjmp@@GLIBC_2.0
                0x00012700                free@@GLIBC_2.0
                0x00012710                strdup@@GLIBC_2.0
                0x00012720                strchrnul@@GLIBC_2.2
                0x00012730                memcpy@@GLIBC_2.0
                0x00012740                bsearch@@GLIBC_2.0
                0x00012750                signal@@GLIBC_2.0
                0x00012760                memcmp@@GLIBC_2.0
                0x00012770                chdir@@GLIBC_2.0
                0x00012780                dprintf@@GLIBC_2.0
                0x00012790                sysconf@@GLIBC_2.0
                0x000127a0                geteuid@@GLIBC_2.0
                0x000127b0                strsignal@@GLIBC_2.0
                0x000127c0                __globfree64_time64@@GLIBC_2.34
                0x000127d0                fnmatch@@GLIBC_2.2.3
                0x000127e0                __fstat64_time64@@GLIBC_2.34
                0x000127f0                ferror_unlocked@@GLIBC_2.0
                0x00012800                poll@@GLIBC_2.0
                0x00012810                waitpid@@GLIBC_2.0
                0x00012820                strcpy@@GLIBC_2.0
                0x00012830                getpid@@GLIBC_2.0
                0x00012840                tcsetattr@@GLIBC_2.0
                0x00012850                strtok_r@@GLIBC_2.0
                0x00012860                realloc@@GLIBC_2.0
                0x00012870                malloc@@GLIBC_2.0
                0x00012880                __fcntl_time64@@GLIBC_2.34
                0x00012890                puts@@GLIBC_2.0
                0x000128a0                strerror@@GLIBC_2.0
                0x000128b0                exit@@GLIBC_2.0
                0x000128c0                strchr@@GLIBC_2.0
                0x000128d0                getcwd@@GLIBC_2.0
                0x000128e0                strlen@@GLIBC_2.0
                0x000128f0                vprintf@@GLIBC_2.0
                0x00012900                execve@@GLIBC_2.0
                0x00012910                fprintf@@GLIBC_2.0
                0x00012920                write@@GLIBC_2.0
                0x00012930                getopt@@GLIBC_2.0
                0x00012940                open64@@GLIBC_2.2
                0x00012950                strcasecmp@@GLIBC_2.0
                0x00012960                mallopt@@GLIBC_2.0
                0x00012970                vasprintf@@GLIBC_2.0
                0x00012980                setrlimit64@@GLIBC_2.19
                0x00012990                sigfillset@@GLIBC_2.0
                0x000129a0                memset@@GLIBC_2.0
                0x000129b0                __errno_location@@GLIBC_2.0
                0x000129c0                strncpy@@GLIBC_2.0
                0x000129d0                stpncpy@@GLIBC_2.0
                0x000129e0                sigsuspend@@GLIBC_2.0
                0x000129f0                strncasecmp@@GLIBC_2.0
                0x00012a00                pipe@@GLIBC_2.0
                0x00012a10                fork@@GLIBC_2.0
                0x00012a20                strpbrk@@GLIBC_2.0
                0x00012a30                vfprintf@@GLIBC_2.0
                0x00012a40                __glob64_time64@@GLIBC_2.34
                0x00012a50                clearerr@@GLIBC_2.0
                0x00012a60                sprintf@@GLIBC_2.0
                0x00012a70                __gettimeofday64@@GLIBC_2.34
                0x00012a80                getppid@@GLIBC_2.0
                0x00012a90                vsnprintf@@GLIBC_2.0
                0x00012aa0                atoi@@GLIBC_2.0
                0x00012ab0                qsort@@GLIBC_2.0
                0x00012ac0                sigaction@@GLIBC_2.0
                0x00012ad0                isatty@@GLIBC_2.0
                0x00012ae0                tcgetattr@@GLIBC_2.0
                0x00012af0                umask@@GLIBC_2.0
                0x00012b00                close@@GLIBC_2.0

.fini           0x00012b20       0x24
 *(SORT_NONE(.fini))
 .fini          0x00012b20       0x18 /usr/lib/gcc-cross/mips-linux-gnu/14/../../../../mips-linux-gnu/lib/../lib/crti.o
                0x00012b20                _fini
 .fini          0x00012b38        0xc /usr/lib/gcc-cross/mips-linux-gnu/14/../../../../mips-linux-gnu/lib/../lib/crtn.o
                [!provide]                        PROVIDE (__etext = .)
                [!provide]                        PROVIDE (_etext = .)
                [!provide]                        PROVIDE (etext = .)

.rodata         0x00012b50      0xf16
 *(SORT_BY_ALIGNMENT(.rodata) SORT_BY_ALIGNMENT(.rodata.*) SORT_BY_ALIGNMENT(.gnu.linkonce.r.*))
 .rodata        0x00012b50       0x10 shell/lib.a(ash.o)
 .rodata.cst4   0x00012b60        0x4 /usr/lib/gcc-cross/mips-linux-gnu/14/../../../../mips-linux-gnu/lib/../lib/Scrt1.o
                0x00012b60                _IO_stdin_used
 .rodata.lbb_prepare.str1.4
                0x00012b64      0x874 libbb/lib.a(appletlib.o)
                                 0x10 (size before relaxing)
 .rodata.changepath.str1.4
                0x000133d8        0x8 shell/lib.a(ash.o)
 .rodata.optschanged.str1.4
                0x000133d8       0x24 shell/lib.a(ash.o)
 .rodata.copynode
                0x000133d8       0x6c shell/lib.a(ash.o)
 .rodata.ash_vmsg.str1.4
                0x00013444       0x14 shell/lib.a(ash.o)
 .rodata.setvareq.str1.4
                0x00013444       0x14 shell/lib.a(ash.o)
 .rodata.setvar.str1.4
                0x00013444       0x18 shell/lib.a(ash.o)
 .rodata.raise_error_syntax.str1.4
                0x00013444       0x14 shell/lib.a(ash.o)
 .rodata.nextopt.str1.4
                0x00013444       0x2c shell/lib.a(ash.o)
 .rodata.unsetcmd.str1.4
                0x00013444        0x4 shell/lib.a(ash.o)
 .rodata.cdopt.str1.4
                0x00013444        0x4 shell/lib.a(ash.o)
 .rodata.options.str1.4
                0x00013444       0x54 shell/lib.a(ash.o)
 .rodata.setpwd.str1.4
                0x00013444        0xc shell/lib.a(ash.o)
 .rodata.pwdcmd.str1.4
                0x00013444        0x4 shell/lib.a(ash.o)
 .rodata.setinputfile.str1.4
                0x00013444       0x1c shell/lib.a(ash.o)
 .rodata.stoppedjobs.str1.4
                0x00013444       0x18 shell/lib.a(ash.o)
 .rodata.number.str1.4
                0x00013444       0x14 shell/lib.a(ash.o)
 .rodata.umaskcmd.str1.4
                0x00013444       0x20 shell/lib.a(ash.o)
 .rodata.trapcmd.str1.4
                0x00013444       0x38 shell/lib.a(ash.o)
 .rodata.timescmd.str1.4
                0x00013444       0x10 shell/lib.a(ash.o)
 .rodata.tryexec.str1.4
                0x00013444        0x4 shell/lib.a(ash.o)
 .rodata.cvtnum.str1.4
                0x00013444        0x4 shell/lib.a(ash.o)
 .rodata.legal_pathopt.constprop.0.str1.4
                0x00013444        0x8 shell/lib.a(ash.o)
 .rodata.padvance.str1.4
                0x00013444        0x8 shell/lib.a(ash.o)
 .rodata.showvars.isra.0.str1.4
                0x00013444       0x10 shell/lib.a(ash.o)
 .rodata.exportcmd.str1.4
                0x00013444        0x4 shell/lib.a(ash.o)
 .rodata.dowait.isra.0.str1.4
                0x00013444       0x10 shell/lib.a(ash.o)
 .rodata.waitcmd.str1.4
                0x00013444       0x40 shell/lib.a(ash.o)
 .rodata.raise_error_unexpected_syntax.str1.4
                0x00013444       0x30 shell/lib.a(ash.o)
 .rodata.parse_command.str1.4
                0x00013444       0x2c shell/lib.a(ash.o)
 .rodata.parse_command
                0x00013444       0x68 shell/lib.a(ash.o)
 .rodata.readtoken1.str1.4
                0x000134ac       0x6c shell/lib.a(ash.o)
 .rodata.readtoken1
                0x000134ac       0x34 shell/lib.a(ash.o)
 .rodata.calcsize
                0x000134e0       0x6c shell/lib.a(ash.o)
 .rodata.forkchild.str1.4
                0x0001354c       0x14 shell/lib.a(ash.o)
 .rodata.forkshell.str1.4
                0x0001354c       0x10 shell/lib.a(ash.o)
 .rodata.localcmd.str1.4
                0x0001354c       0x14 shell/lib.a(ash.o)
 .rodata.ash_msg_and_raise.constprop.0.str1.4
                0x0001354c        0x8 shell/lib.a(ash.o)
 .rodata.shellexec.str1.4
                0x0001354c        0xc shell/lib.a(ash.o)
 .rodata.execcmd.str1.4
                0x0001354c        0x4 shell/lib.a(ash.o)
 .rodata.lookupvar.str1.4
                0x0001354c        0x8 shell/lib.a(ash.o)
 .rodata.init.str1.4
                0x0001354c       0x14 shell/lib.a(ash.o)
 .rodata.readcmd.str1.4
                0x0001354c       0x30 shell/lib.a(ash.o)
 .rodata.readcmd
                0x0001354c       0x20 shell/lib.a(ash.o)
 .rodata.cdcmd.str1.4
                0x0001356c       0x28 shell/lib.a(ash.o)
 .rodata.varvalue.str1.4
                0x0001356c       0x14 shell/lib.a(ash.o)
 .rodata.varvalue
                0x0001356c       0x34 shell/lib.a(ash.o)
 .rodata.evalvar.str1.4
                0x000135a0       0x20 shell/lib.a(ash.o)
 .rodata.argstr.str1.4
                0x000135a0       0x18 shell/lib.a(ash.o)
 .rodata.redirect.str1.4
                0x000135a0       0x50 shell/lib.a(ash.o)
 .rodata.expredir.str1.4
                0x000135a0       0x1c shell/lib.a(ash.o)
 .rodata.evaltree
                0x000135a0       0x3c shell/lib.a(ash.o)
 .rodata.cmdloop.str1.4
                0x000135dc       0x20 shell/lib.a(ash.o)
 .rodata.find_command.str1.4
                0x000135dc       0x18 shell/lib.a(ash.o)
 .rodata.hashcmd.str1.4
                0x000135dc       0x10 shell/lib.a(ash.o)
 .rodata.typecmd.str1.4
                0x000135dc       0x64 shell/lib.a(ash.o)
 .rodata.dotcmd.str1.4
                0x000135dc       0x10 shell/lib.a(ash.o)
 .rodata.evalcommand.str1.4
                0x000135dc       0x1c shell/lib.a(ash.o)
 .rodata.subevalvar.str1.4
                0x000135dc        0xc shell/lib.a(ash.o)
 .rodata.ash_main.str1.4
                0x000135dc       0x3c shell/lib.a(ash.o)
 .rodata.str1.4
                0x000135dc      0x220 shell/lib.a(ash.o)
 .rodata.printlim.str1.4
                0x000135dc       0x14 shell/lib.a(shell_common.o)
 .rodata.shell_builtin_read.str1.4
                0x000135dc       0x64 shell/lib.a(shell_common.o)
 .rodata.shell_builtin_ulimit.str1.4
                0x000135dc       0x34 shell/lib.a(shell_common.o)
 .rodata.bb_simple_perror_msg.str1.4
                0x000135dc        0x4 libbb/lib.a(perror_msg.o)
 .rodata.safe_poll.str1.4
                0x000135dc        0x8 libbb/lib.a(safe_poll.o)
 .rodata.get_signum.str1.4
                0x000135dc        0x4 libbb/lib.a(u_signal_names.o)
 .rodata.bb_verror_msg.str1.4
                0x000135dc        0x4 libbb/lib.a(verror_msg.o)
 .rodata.bb_simple_error_msg.str1.4
                0x000135dc        0x4 libbb/lib.a(verror_msg.o)
 .rodata.str1.4
                0x000135dc        0x4 libbb/lib.a(verror_msg.o)
 .rodata.xwrite.str1.4
                0x000135dc       0x18 libbb/lib.a(xfuncs_printf.o)
 .rodata.S_I_T  0x000135dc       0x1c shell/lib.a(ash.o)
 .rodata.limits_tbl
                0x000135f8       0x1e shell/lib.a(shell_common.o)
 .rodata.perm_mask.1
                0x00013616        0xc libbb/lib.a(parse_mode.o)
 .rodata.who_mask.2
                0x00013622        0x8 libbb/lib.a(parse_mode.o)
 .rodata.applet_names
                0x0001362a        0x4 libbb/lib.a(appletlib.o)
                0x0001362a                applet_names
 .rodata.chars.0
                0x0001362e        0x7 shell/lib.a(ash.o)
 .rodata.spclchars.2
                0x00013635        0x8 shell/lib.a(ash.o)
 .rodata.qchars.3
                0x0001363d        0x3 shell/lib.a(ash.o)
 .rodata.permuser.4
                0x00013640        0x3 shell/lib.a(ash.o)
 .rodata.types.5
                0x00013643        0x6 shell/lib.a(ash.o)
 .rodata.timescmd_str
                0x00013649        0x9 shell/lib.a(ash.o)
 .rodata.xxreadtoken_tokens
                0x00013652        0xa shell/lib.a(ash.o)
 .rodata.xxreadtoken_chars
                0x0001365c        0x7 shell/lib.a(ash.o)
 .rodata.nodesize
                0x00013663       0x1b shell/lib.a(ash.o)
 .rodata.syntax_index_table
                0x0001367e      0x101 shell/lib.a(ash.o)
 .rodata.dolatstr
                0x0001377f        0x7 shell/lib.a(ash.o)
 .rodata.ulimit_opt_string
                0x00013786       0x32 shell/lib.a(shell_common.o)
 .rodata.limit_chars
                0x000137b8       0x10 shell/lib.a(shell_common.o)
 .rodata.limits_help
                0x000137c8      0x11e shell/lib.a(shell_common.o)
 .rodata.defoptindvar
                0x000138e6        0x9 shell/lib.a(shell_common.o)
                0x000138e6                defoptindvar
 .rodata.defifsvar
                0x000138ef        0x8 shell/lib.a(shell_common.o)
                0x000138ef                defifsvar
 .rodata.bb_PATH_root_path
                0x000138f7       0x23 libbb/lib.a(messages.o)
                0x000138f7                bb_PATH_root_path
 .rodata.bb_busybox_exec_path
                0x0001391a        0xf libbb/lib.a(messages.o)
                0x0001391a                bb_busybox_exec_path
 .rodata.bb_msg_requires_arg
                0x00013929       0x18 libbb/lib.a(messages.o)
                0x00013929                bb_msg_requires_arg
 .rodata.bb_msg_memory_exhausted
                0x00013941        0xe libbb/lib.a(messages.o)
                0x00013941                bb_msg_memory_exhausted
 .rodata.bb_banner
                0x0001394f       0x2b libbb/lib.a(messages.o)
                0x0001394f                bb_banner
 .rodata.perm_chars.0
                0x0001397a        0x7 libbb/lib.a(parse_mode.o)
 .rodata.who_chars.3
                0x00013981        0x5 libbb/lib.a(parse_mode.o)
 .rodata.signals
                0x00013986       0xe0 libbb/lib.a(u_signal_names.o)

.rodata1
 *(SORT_BY_ALIGNMENT(.rodata1))

.sdata2
 *(SORT_BY_ALIGNMENT(.sdata2) SORT_BY_ALIGNMENT(.sdata2.*) SORT_BY_ALIGNMENT(.gnu.linkonce.s2.*))

.sbss2
 *(SORT_BY_ALIGNMENT(.sbss2) SORT_BY_ALIGNMENT(.sbss2.*) SORT_BY_ALIGNMENT(.gnu.linkonce.sb2.*))

.eh_frame_hdr   0x00013a68       0x14
 *(SORT_BY_ALIGNMENT(.eh_frame_hdr))
 .eh_frame_hdr  0x00013a68       0x14 /usr/lib/gcc-cross/mips-linux-gnu/14/libgcc.a(_divdi3.o)
                0x00013a68                __GNU_EH_FRAME_HDR
 *(SORT_BY_ALIGNMENT(.eh_frame_entry) SORT_BY_ALIGNMENT(.eh_frame_entry.*))

.eh_frame       0x00013a7c       0x2c
 *(SORT_BY_ALIGNMENT(.eh_frame))
 .eh_frame      0x00013a7c       0x28 /usr/lib/gcc-cross/mips-linux-gnu/14/libgcc.a(_divdi3.o)
 .eh_frame      0x00013aa4        0x4 /usr/lib/gcc-cross/mips-linux-gnu/14/crtendS.o
 *(SORT_BY_ALIGNMENT(.eh_frame.*))

.sframe
 *(SORT_BY_ALIGNMENT(.sframe))
 *(SORT_BY_ALIGNMENT(.sframe.*))

.gcc_except_table
 *(SORT_BY_ALIGNMENT(.gcc_except_table) SORT_BY_ALIGNMENT(.gcc_except_table.*))

.gnu_extab
 *(SORT_BY_ALIGNMENT(.gnu_extab*))

.exception_ranges
 *(SORT_BY_ALIGNMENT(.exception_ranges*))

.plt            0x00013aa8        0x0
 *(SORT_BY_ALIGNMENT(.plt))
 .plt           0x00013aa8        0x0 /usr/lib/gcc-cross/mips-linux-gnu/14/../../../../mips-linux-gnu/lib/../lib/Scrt1.o

.iplt
 *(SORT_BY_ALIGNMENT(.iplt))

.note.build-id
 *(SORT_BY_ALIGNMENT(.note.build-id))

.note.GNU-stack
                0x00013aa8        0x0
 *(SORT_BY_ALIGNMENT(.note.GNU-stack))
 .note.GNU-stack
                0x00013aa8        0x0 /usr/lib/gcc-cross/mips-linux-gnu/14/../../../../mips-linux-gnu/lib/../lib/Scrt1.o
 .note.GNU-stack
                0x00013aa8        0x0 /usr/lib/gcc-cross/mips-linux-gnu/14/../../../../mips-linux-gnu/lib/../lib/crti.o
 .note.GNU-stack
                0x00013aa8        0x0 /usr/lib/gcc-cross/mips-linux-gnu/14/crtbeginS.o
 .note.GNU-stack
                0x00013aa8        0x0 libbb/lib.a(appletlib.o)
 .note.GNU-stack
                0x00013aa8        0x0 libbb/lib.a(compare_string_array.o)
 .note.GNU-stack
                0x00013aa8        0x0 libbb/lib.a(ptr_to_globals.o)
 .note.GNU-stack
                0x00013aa8        0x0 libbb/lib.a(xfunc_die.o)
 .note.GNU-stack
                0x00013aa8        0x0 libbb/lib.a(default_error_retval.o)
 .note.GNU-stack
                0x00013aa8        0x0 shell/lib.a(ash.o)
 .note.GNU-stack
                0x00013aa8        0x0 shell/lib.a(ash_ptr_hack.o)
 .note.GNU-stack
                0x00013aa8        0x0 shell/lib.a(shell_common.o)
 .note.GNU-stack
                0x00013aa8        0x0 libbb/lib.a(bb_strtonum.o)
 .note.GNU-stack
                0x00013aa8        0x0 libbb/lib.a(endofname.o)
 .note.GNU-stack
                0x00013aa8        0x0 libbb/lib.a(messages.o)
 .note.GNU-stack
                0x00013aa8        0x0 libbb/lib.a(parse_mode.o)
 .note.GNU-stack
                0x00013aa8        0x0 libbb/lib.a(perror_msg.o)
 .note.GNU-stack
                0x00013aa8        0x0 libbb/lib.a(read_printf.o)
 .note.GNU-stack
                0x00013aa8        0x0 libbb/lib.a(safe_poll.o)
 .note.GNU-stack
                0x00013aa8        0x0 libbb/lib.a(safe_strncpy.o)
 .note.GNU-stack
                0x00013aa8        0x0 libbb/lib.a(safe_write.o)
 .note.GNU-stack
                0x00013aa8        0x0 libbb/lib.a(signals.o)
 .note.GNU-stack
                0x00013aa8        0x0 libbb/lib.a(sysconf.o)
 .note.GNU-stack
                0x00013aa8        0x0 libbb/lib.a(time.o)
 .note.GNU-stack
                0x00013aa8        0x0 libbb/lib.a(u_signal_names.o)
 .note.GNU-stack
                0x00013aa8        0x0 libbb/lib.a(verror_msg.o)
 .note.GNU-stack
                0x00013aa8        0x0 libbb/lib.a(xfuncs.o)
 .note.GNU-stack
                0x00013aa8        0x0 libbb/lib.a(xfuncs_printf.o)
 .note.GNU-stack
                0x00013aa8        0x0 libbb/lib.a(full_write.o)
 .note.GNU-stack
                0x00013aa8        0x0 libbb/lib.a(read.o)
 .note.GNU-stack
                0x00013aa8        0x0 /usr/lib/gcc-cross/mips-linux-gnu/14/libgcc.a(_lshrdi3.o)
 .note.GNU-stack
                0x00013aa8        0x0 /usr/lib/gcc-cross/mips-linux-gnu/14/libgcc.a(_ashldi3.o)
 .note.GNU-stack
                0x00013aa8        0x0 /usr/lib/gcc-cross/mips-linux-gnu/14/libgcc.a(_divdi3.o)
 .note.GNU-stack
                0x00013aa8        0x0 /usr/lib/gcc-cross/mips-linux-gnu/14/crtendS.o
 .note.GNU-stack
                0x00013aa8        0x0 /usr/lib/gcc-cross/mips-linux-gnu/14/../../../../mips-linux-gnu/lib/../lib/crtn.o

.note.gnu-property
 *(SORT_BY_ALIGNMENT(.note.gnu-property))

.note.ABI-tag   0x00013aa8       0x20
 *(SORT_BY_ALIGNMENT(.note.ABI-tag))
 .note.ABI-tag  0x00013aa8       0x20 /usr/lib/gcc-cross/mips-linux-gnu/14/../../../../mips-linux-gnu/lib/../lib/Scrt1.o

.note.package   0x00013ac8       0x78
 *(SORT_BY_ALIGNMENT(.note.package))
 .note.package  0x00013ac8       0x78 /usr/lib/gcc-cross/mips-linux-gnu/14/../../../../mips-linux-gnu/lib/../lib/Scrt1.o

.note.dlopen
 *(SORT_BY_ALIGNMENT(.note.dlopen))

.note.netbsd.ident
 *(SORT_BY_ALIGNMENT(.note.netbsd.ident))

.note.openbsd.ident
 *(SORT_BY_ALIGNMENT(.note.openbsd.ident))
                0x00024000                        . = DATA_SEGMENT_ALIGN (CONSTANT (MAXPAGESIZE), CONSTANT (COMMONPAGESIZE))

.eh_frame
 *(SORT_BY_ALIGNMENT(.eh_frame))
 *(SORT_BY_ALIGNMENT(.eh_frame.*))

.sframe
 *(SORT_BY_ALIGNMENT(.sframe))
 *(SORT_BY_ALIGNMENT(.sframe.*))

.gnu_extab
 *(SORT_BY_ALIGNMENT(.gnu_extab))

.gcc_except_table
 *(SORT_BY_ALIGNMENT(.gcc_except_table) SORT_BY_ALIGNMENT(.gcc_except_table.*))

.exception_ranges
 *(SORT_BY_ALIGNMENT(.exception_ranges*))

.tdata          0x00024000        0x0
                [!provide]                        PROVIDE (__tdata_start = .)
 *(SORT_BY_ALIGNMENT(.tdata) SORT_BY_ALIGNMENT(.tdata.*) SORT_BY_ALIGNMENT(.gnu.linkonce.td.*))

.tbss
 *(SORT_BY_ALIGNMENT(.tbss) SORT_BY_ALIGNMENT(.tbss.*) SORT_BY_ALIGNMENT(.gnu.linkonce.tb.*))
 *(SORT_BY_ALIGNMENT(.tcommon))

.preinit_array  0x00024000        0x0
                [!provide]                        PROVIDE (__preinit_array_start = .)
 *(SORT_BY_ALIGNMENT(.preinit_array))
                [!provide]                        PROVIDE (__preinit_array_end = .)

.init_array     0x00024000        0x4
                [!provide]                        PROVIDE (__init_array_start = .)
 *(SORT_BY_INIT_PRIORITY(.init_array.*) SORT_BY_INIT_PRIORITY(.ctors.*))
 *(SORT_BY_ALIGNMENT(.init_array) SORT_BY_ALIGNMENT(EXCLUDE_FILE(*crtend?.o *crtend.o *crtbegin?.o *crtbegin.o) .ctors))
 .init_array    0x00024000        0x4 /usr/lib/gcc-cross/mips-linux-gnu/14/crtbeginS.o
                [!provide]                        PROVIDE (__init_array_end = .)

.fini_array     0x00024004        0x4
                [!provide]                        PROVIDE (__fini_array_start = .)
 *(SORT_BY_INIT_PRIORITY(.fini_array.*) SORT_BY_INIT_PRIORITY(.dtors.*))
 *(SORT_BY_ALIGNMENT(.fini_array) SORT_BY_ALIGNMENT(EXCLUDE_FILE(*crtend?.o *crtend.o *crtbegin?.o *crtbegin.o) .dtors))
 .fini_array    0x00024004        0x4 /usr/lib/gcc-cross/mips-linux-gnu/14/crtbeginS.o
                [!provide]                        PROVIDE (__fini_array_end = .)

.ctors
 *crtbegin.o(SORT_BY_ALIGNMENT(.ctors))
 *crtbegin?.o(SORT_BY_ALIGNMENT(.ctors))
 *(SORT_BY_ALIGNMENT(EXCLUDE_FILE(*crtend?.o *crtend.o) .ctors))
 *(SORT_BY_NAME(SORT_BY_ALIGNMENT(.ctors.*)))
 *(SORT_BY_ALIGNMENT(.ctors))

.dtors
 *crtbegin.o(SORT_BY_ALIGNMENT(.dtors))
 *crtbegin?.o(SORT_BY_ALIGNMENT(.dtors))
 *(SORT_BY_ALIGNMENT(EXCLUDE_FILE(*crtend?.o *crtend.o) .dtors))
 *(SORT_BY_NAME(SORT_BY_ALIGNMENT(.dtors.*)))
 *(SORT_BY_ALIGNMENT(.dtors))

.jcr
 *(SORT_BY_ALIGNMENT(.jcr))

.data.rel.ro    0x00024008      0x1e8
 *(SORT_BY_ALIGNMENT(.data.rel.ro.local*) SORT_BY_ALIGNMENT(.gnu.linkonce.d.rel.ro.local.*))
 .data.rel.ro.local.null_bltin.1
                0x00024008        0x8 shell/lib.a(ash.o)
 .data.rel.ro.local.builtintab
                0x00024010       0xd8 shell/lib.a(ash.o)
 .data.rel.ro.local.tokname_array
                0x000240e8       0x74 shell/lib.a(ash.o)
 .data.rel.ro.local.varinit_data
                0x0002415c       0x54 shell/lib.a(ash.o)
 .data.rel.ro.local.optletters_optnames
                0x000241b0       0x40 shell/lib.a(ash.o)
 *(SORT_BY_ALIGNMENT(.data.rel.ro) SORT_BY_ALIGNMENT(.data.rel.ro.*) SORT_BY_ALIGNMENT(.gnu.linkonce.d.rel.ro.*))
 .data.rel.ro   0x000241f0        0x0 /usr/lib/gcc-cross/mips-linux-gnu/14/../../../../mips-linux-gnu/lib/../lib/Scrt1.o
                0x000241f0                        . = DATA_SEGMENT_RELRO_END (., 0x0)

.got.plt        0x000241f0        0x0
 *(SORT_BY_ALIGNMENT(.got.plt))
 .got.plt       0x000241f0        0x0 /usr/lib/gcc-cross/mips-linux-gnu/14/../../../../mips-linux-gnu/lib/../lib/Scrt1.o

.data           0x000241f0        0xe
                0x000241f0                        _fdata = .
 *(SORT_BY_ALIGNMENT(.data) SORT_BY_ALIGNMENT(.data.*) SORT_BY_ALIGNMENT(.gnu.linkonce.d.*))
 .data.builtinloc
                0x000241f0        0x4 shell/lib.a(ash.o)
 .data.rel.local.g_parsefile
                0x000241f4        0x4 shell/lib.a(ash.o)
 .data.rel.local.msg_eol
                0x000241f8        0x4 libbb/lib.a(verror_msg.o)
                0x000241f8                msg_eol
 .data.xfunc_error_retval
                0x000241fc        0x1 libbb/lib.a(default_error_retval.o)
                0x000241fc                xfunc_error_retval
 .data.logmode  0x000241fd        0x1 libbb/lib.a(verror_msg.o)
                0x000241fd                logmode

.rld_map        0x00024200        0x4
 .rld_map       0x00024200        0x4 /usr/lib/gcc-cross/mips-linux-gnu/14/../../../../mips-linux-gnu/lib/../lib/Scrt1.o
                0x00024200                __RLD_MAP

.tm_clone_table
                0x00024204        0x0
 .tm_clone_table
                0x00024204        0x0 /usr/lib/gcc-cross/mips-linux-gnu/14/crtbeginS.o
 .tm_clone_table
                0x00024204        0x0 /usr/lib/gcc-cross/mips-linux-gnu/14/crtendS.o

.data1
 *(SORT_BY_ALIGNMENT(.data1))
                0x00024204                        . = .
                0x0002c200                        _gp = (ALIGN (0x10) + 0x7ff0)

.got            0x00024210      0x2b8
 *(SORT_BY_ALIGNMENT(.got))
 .got           0x00024210      0x2b8 /usr/lib/gcc-cross/mips-linux-gnu/14/../../../../mips-linux-gnu/lib/../lib/Scrt1.o
                0x00024210                _GLOBAL_OFFSET_TABLE_

.sdata          0x000244c8        0x4
 *(SORT_BY_ALIGNMENT(.sdata) SORT_BY_ALIGNMENT(.sdata.*) SORT_BY_ALIGNMENT(.gnu.linkonce.s.*))
 .sdata         0x000244c8        0x4 /usr/lib/gcc-cross/mips-linux-gnu/14/crtbeginS.o
                0x000244c8                __dso_handle

.lit8
 *(SORT_BY_ALIGNMENT(.lit8))

.lit4
 *(SORT_BY_ALIGNMENT(.lit4))
                0x000244cc                        _edata = .
                [!provide]                        PROVIDE (edata = .)
                0x000244cc                        . = ALIGN (ALIGNOF (NEXT_SECTION))
                0x000244d0                        __bss_start = .
                0x000244d0                        _fbss = .

.sbss
 *(SORT_BY_ALIGNMENT(.dynsbss))
 *(SORT_BY_ALIGNMENT(.sbss) SORT_BY_ALIGNMENT(.sbss.*) SORT_BY_ALIGNMENT(.gnu.linkonce.sb.*))
 *(SORT_BY_ALIGNMENT(.scommon))

.bss            0x000244d0      0x108
 *(SORT_BY_ALIGNMENT(.dynbss))
 .dynbss        0x000244d0        0x0 /usr/lib/gcc-cross/mips-linux-gnu/14/../../../../mips-linux-gnu/lib/../lib/Scrt1.o
 *(SORT_BY_ALIGNMENT(.bss) SORT_BY_ALIGNMENT(.bss.*) SORT_BY_ALIGNMENT(.gnu.linkonce.b.*))
 .bss           0x000244d0       0x10 /usr/lib/gcc-cross/mips-linux-gnu/14/crtbeginS.o
 .bss.applet_name
                0x000244e0        0x4 libbb/lib.a(appletlib.o)
                0x000244e0                applet_name
 .bss.bb_errno  0x000244e4        0x4 libbb/lib.a(ptr_to_globals.o)
                0x000244e4                bb_errno
 .bss.die_func  0x000244e8        0x4 libbb/lib.a(xfunc_die.o)
                0x000244e8                die_func
 .bss.heredoc   0x000244ec        0x4 shell/lib.a(ash.o)
 .bss.redirnode
                0x000244f0        0x4 shell/lib.a(ash.o)
 .bss.backquotelist
                0x000244f4        0x4 shell/lib.a(ash.o)
 .bss.wordtext  0x000244f8        0x4 shell/lib.a(ash.o)
 .bss.heredoclist
                0x000244fc        0x4 shell/lib.a(ash.o)
 .bss.localvar_stack
                0x00024500        0x4 shell/lib.a(ash.o)
 .bss.funcline  0x00024504        0x4 shell/lib.a(ash.o)
 .bss.loopnest  0x00024508        0x4 shell/lib.a(ash.o)
 .bss.skipcount
                0x0002450c        0x4 shell/lib.a(ash.o)
 .bss.funcstring_end
                0x00024510        0x4 shell/lib.a(ash.o)
 .bss.funcblock
                0x00024514        0x4 shell/lib.a(ash.o)
 .bss.lastcmdentry
                0x00024518        0x4 shell/lib.a(ash.o)
 .bss.cmdtable  0x0002451c        0x4 shell/lib.a(ash.o)
 .bss.exparg    0x00024520        0x8 shell/lib.a(ash.o)
 .bss.ifslastp  0x00024528        0x4 shell/lib.a(ash.o)
 .bss.ifsfirst  0x0002452c       0x10 shell/lib.a(ash.o)
 .bss.argbackq  0x0002453c        0x4 shell/lib.a(ash.o)
 .bss.expdest   0x00024540        0x4 shell/lib.a(ash.o)
 .bss.curjob    0x00024544        0x4 shell/lib.a(ash.o)
 .bss.njobs     0x00024548        0x4 shell/lib.a(ash.o)
 .bss.jobtab    0x0002454c        0x4 shell/lib.a(ash.o)
 .bss.pathopt   0x00024550        0x4 shell/lib.a(ash.o)
 .bss.optptr    0x00024554        0x4 shell/lib.a(ash.o)
 .bss.optionarg
                0x00024558        0x4 shell/lib.a(ash.o)
 .bss.argptr    0x0002455c        0x4 shell/lib.a(ash.o)
 .bss.commandname
                0x00024560        0x4 shell/lib.a(ash.o)
 .bss.basepf    0x00024564       0x50 shell/lib.a(ash.o)
 .bss.ash_ptr_to_globals_var
                0x000245b4        0x4 shell/lib.a(ash_ptr_hack.o)
                0x000245b4                ash_ptr_to_globals_var
 .bss.ash_ptr_to_globals_memstack
                0x000245b8        0x4 shell/lib.a(ash_ptr_hack.o)
                0x000245b8                ash_ptr_to_globals_memstack
 .bss.ash_ptr_to_globals_misc
                0x000245bc        0x4 shell/lib.a(ash_ptr_hack.o)
                0x000245bc                ash_ptr_to_globals_misc
 .bss.local_buf
                0x000245c0        0xc libbb/lib.a(xfuncs.o)
 .bss.did_banner.6
                0x000245cc        0x1 shell/lib.a(ash.o)
 .bss.is_interactive.7
                0x000245cd        0x1 shell/lib.a(ash.o)
 .bss.lasttoken
                0x000245ce        0x1 shell/lib.a(ash.o)
 .bss.quoteflag
                0x000245cf        0x1 shell/lib.a(ash.o)
 .bss.tokpushback
                0x000245d0        0x1 shell/lib.a(ash.o)
 .bss.checkkwd  0x000245d1        0x1 shell/lib.a(ash.o)
 .bss.evalskip  0x000245d2        0x1 shell/lib.a(ash.o)
 .bss.needprompt
                0x000245d3        0x1 shell/lib.a(ash.o)
 .bss.doprompt  0x000245d4        0x1 shell/lib.a(ash.o)
 *(SORT_BY_ALIGNMENT(COMMON))
                0x000245d8                        . = ALIGN ((. != 0x0)?0x4:0x1)
 *fill*         0x000245d5        0x3 
                0x000245d8                        . = ALIGN (0x4)
                0x000245d8                        . = SEGMENT_START ("ldata-segment", .)
                0x000245d8                        . = ALIGN (0x4)
                0x000245d8                        _end = .
                [!provide]                        PROVIDE (end = .)
                0x000245d8                        . = DATA_SEGMENT_END (.)

.stab
 *(SORT_BY_ALIGNMENT(.stab))

.stabstr
 *(SORT_BY_ALIGNMENT(.stabstr))

.stab.excl
 *(SORT_BY_ALIGNMENT(.stab.excl))

.stab.exclstr
 *(SORT_BY_ALIGNMENT(.stab.exclstr))

.stab.index
 *(SORT_BY_ALIGNMENT(.stab.index))

.stab.indexstr
 *(SORT_BY_ALIGNMENT(.stab.indexstr))

.comment        0x00000000       0x1f
 *(SORT_BY_ALIGNMENT(.comment))
 .comment       0x00000000       0x1f /usr/lib/gcc-cross/mips-linux-gnu/14/crtbeginS.o
                                 0x20 (size before relaxing)
 .comment       0x0000001f       0x20 libbb/lib.a(appletlib.o)
 .comment       0x0000001f       0x20 libbb/lib.a(compare_string_array.o)
 .comment       0x0000001f       0x20 libbb/lib.a(ptr_to_globals.o)
 .comment       0x0000001f       0x20 libbb/lib.a(xfunc_die.o)
 .comment       0x0000001f       0x20 libbb/lib.a(default_error_retval.o)
 .comment       0x0000001f       0x20 shell/lib.a(ash.o)
 .comment       0x0000001f       0x20 shell/lib.a(ash_ptr_hack.o)
 .comment       0x0000001f       0x20 shell/lib.a(shell_common.o)
 .comment       0x0000001f       0x20 libbb/lib.a(bb_strtonum.o)
 .comment       0x0000001f       0x20 libbb/lib.a(endofname.o)
 .comment       0x0000001f       0x20 libbb/lib.a(messages.o)
 .comment       0x0000001f       0x20 libbb/lib.a(parse_mode.o)
 .comment       0x0000001f       0x20 libbb/lib.a(perror_msg.o)
 .comment       0x0000001f       0x20 libbb/lib.a(read_printf.o)
 .comment       0x0000001f       0x20 libbb/lib.a(safe_poll.o)
 .comment       0x0000001f       0x20 libbb/lib.a(safe_strncpy.o)
 .comment       0x0000001f       0x20 libbb/lib.a(safe_write.o)
 .comment       0x0000001f       0x20 libbb/lib.a(signals.o)
 .comment       0x0000001f       0x20 libbb/lib.a(sysconf.o)
 .comment       0x0000001f       0x20 libbb/lib.a(time.o)
 .comment       0x0000001f       0x20 libbb/lib.a(u_signal_names.o)
 .comment       0x0000001f       0x20 libbb/lib.a(verror_msg.o)
 .comment       0x0000001f       0x20 libbb/lib.a(xfuncs.o)
 .comment       0x0000001f       0x20 libbb/lib.a(xfuncs_printf.o)
 .comment       0x0000001f       0x20 libbb/lib.a(full_write.o)
 .comment       0x0000001f       0x20 libbb/lib.a(read.o)
 .comment       0x0000001f       0x20 /usr/lib/gcc-cross/mips-linux-gnu/14/crtendS.o

.pdr            0x00000000        0x0
 .pdr           0x00000000        0x0 /usr/lib/gcc-cross/mips-linux-gnu/14/../../../../mips-linux-gnu/lib/../lib/Scrt1.o
 .pdr           0x00000000        0x0 /usr/lib/gcc-cross/mips-linux-gnu/14/../../../../mips-linux-gnu/lib/../lib/crti.o
 .pdr           0x00000000        0x0 /usr/lib/gcc-cross/mips-linux-gnu/14/crtbeginS.o
 .pdr           0x00000000        0x0 libbb/lib.a(ptr_to_globals.o)
 .pdr           0x00000000        0x0 libbb/lib.a(default_error_retval.o)
 .pdr           0x00000000        0x0 shell/lib.a(ash_ptr_hack.o)
 .pdr           0x00000000        0x0 libbb/lib.a(messages.o)
 .pdr           0x00000000        0x0 /usr/lib/gcc-cross/mips-linux-gnu/14/crtendS.o
 .pdr           0x00000000        0x0 /usr/lib/gcc-cross/mips-linux-gnu/14/../../../../mips-linux-gnu/lib/../lib/crtn.o

.gnu.build.attributes
 *(SORT_BY_ALIGNMENT(.gnu.build.attributes) SORT_BY_ALIGNMENT(.gnu.build.attributes.*))

.debug
 *(SORT_BY_ALIGNMENT(.debug))

.line
 *(SORT_BY_ALIGNMENT(.line))

.debug_srcinfo
 *(SORT_BY_ALIGNMENT(.debug_srcinfo))

.debug_sfnames
 *(SORT_BY_ALIGNMENT(.debug_sfnames))

.debug_aranges
 *(SORT_BY_ALIGNMENT(.debug_aranges))

.debug_pubnames
 *(SORT_BY_ALIGNMENT(.debug_pubnames))

.debug_info
 *(SORT_BY_ALIGNMENT(.debug_info) SORT_BY_ALIGNMENT(.gnu.linkonce.wi.*))

.debug_abbrev
 *(SORT_BY_ALIGNMENT(.debug_abbrev))

.debug_line
 *(SORT_BY_ALIGNMENT(.debug_line) SORT_BY_ALIGNMENT(.debug_line.*) SORT_BY_ALIGNMENT(.debug_line_end))

.debug_frame
 *(SORT_BY_ALIGNMENT(.debug_frame))

.debug_str
 *(SORT_BY_ALIGNMENT(.debug_str))

.debug_loc
 *(SORT_BY_ALIGNMENT(.debug_loc))

.debug_macinfo
 *(SORT_BY_ALIGNMENT(.debug_macinfo))

.debug_weaknames
 *(SORT_BY_ALIGNMENT(.debug_weaknames))

.debug_funcnames
 *(SORT_BY_ALIGNMENT(.debug_funcnames))

.debug_typenames
 *(SORT_BY_ALIGNMENT(.debug_typenames))

.debug_varnames
 *(SORT_BY_ALIGNMENT(.debug_varnames))

.debug_pubtypes
 *(SORT_BY_ALIGNMENT(.debug_pubtypes))

.debug_ranges
 *(SORT_BY_ALIGNMENT(.debug_ranges))

.debug_addr
 *(SORT_BY_ALIGNMENT(.debug_addr))

.debug_line_str
 *(SORT_BY_ALIGNMENT(.debug_line_str))

.debug_loclists
 *(SORT_BY_ALIGNMENT(.debug_loclists))

.debug_macro
 *(SORT_BY_ALIGNMENT(.debug_macro))

.debug_names
 *(SORT_BY_ALIGNMENT(.debug_names))

.debug_rnglists
 *(SORT_BY_ALIGNMENT(.debug_rnglists))

.debug_str_offsets
 *(SORT_BY_ALIGNMENT(.debug_str_offsets))

.debug_sup
 *(SORT_BY_ALIGNMENT(.debug_sup))

.gnu.attributes
                0x00000000       0x10
 *(SORT_BY_ALIGNMENT(.gnu.attributes))
 .gnu.attributes
                0x00000000       0x10 /usr/lib/gcc-cross/mips-linux-gnu/14/../../../../mips-linux-gnu/lib/../lib/Scrt1.o
 .gnu.attributes
                0x00000010       0x10 /usr/lib/gcc-cross/mips-linux-gnu/14/../../../../mips-linux-gnu/lib/../lib/crti.o
 .gnu.attributes
                0x00000020       0x10 /usr/lib/gcc-cross/mips-linux-gnu/14/crtbeginS.o
 .gnu.attributes
                0x00000030       0x10 applets/built-in.o
 .gnu.attributes
                0x00000040       0x10 libbb/lib.a(appletlib.o)
 .gnu.attributes
                0x00000050       0x10 libbb/lib.a(compare_string_array.o)
 .gnu.attributes
                0x00000060       0x10 libbb/lib.a(ptr_to_globals.o)
 .gnu.attributes
                0x00000070       0x10 libbb/lib.a(xfunc_die.o)
 .gnu.attributes
                0x00000080       0x10 libbb/lib.a(default_error_retval.o)
 .gnu.attributes
                0x00000090       0x10 shell/lib.a(ash.o)
 .gnu.attributes
                0x000000a0       0x10 shell/lib.a(ash_ptr_hack.o)
 .gnu.attributes
                0x000000b0       0x10 shell/lib.a(shell_common.o)
 .gnu.attributes
                0x000000c0       0x10 libbb/lib.a(bb_strtonum.o)
 .gnu.attributes
                0x000000d0       0x10 libbb/lib.a(endofname.o)
 .gnu.attributes
                0x000000e0       0x10 libbb/lib.a(messages.o)
 .gnu.attributes
                0x000000f0       0x10 libbb/lib.a(parse_mode.o)
 .gnu.attributes
                0x00000100       0x10 libbb/lib.a(perror_msg.o)
 .gnu.attributes
                0x00000110       0x10 libbb/lib.a(read_printf.o)
 .gnu.attributes
                0x00000120       0x10 libbb/lib.a(safe_poll.o)
 .gnu.attributes
                0x00000130       0x10 libbb/lib.a(safe_strncpy.o)
 .gnu.attributes
                0x00000140       0x10 libbb/lib.a(safe_write.o)
 .gnu.attributes
                0x00000150       0x10 libbb/lib.a(signals.o)
 .gnu.attributes
                0x00000160       0x10 libbb/lib.a(sysconf.o)
 .gnu.attributes
                0x00000170       0x10 libbb/lib.a(time.o)
 .gnu.attributes
                0x00000180       0x10 libbb/lib.a(u_signal_names.o)
 .gnu.attributes
                0x00000190       0x10 libbb/lib.a(verror_msg.o)
 .gnu.attributes
                0x000001a0       0x10 libbb/lib.a(xfuncs.o)
 .gnu.attributes
                0x000001b0       0x10 libbb/lib.a(xfuncs_printf.o)
 .gnu.attributes
                0x000001c0       0x10 libbb/lib.a(copyfd.o)
 .gnu.attributes
                0x000001d0       0x10 libbb/lib.a(full_write.o)
 .gnu.attributes
                0x000001e0       0x10 libbb/lib.a(read.o)
 .gnu.attributes
                0x000001f0       0x10 /usr/lib/gcc-cross/mips-linux-gnu/14/libgcc.a(_lshrdi3.o)
 .gnu.attributes
                0x00000200       0x10 /usr/lib/gcc-cross/mips-linux-gnu/14/libgcc.a(_ashldi3.o)
 .gnu.attributes
                0x00000210       0x10 /usr/lib/gcc-cross/mips-linux-gnu/14/libgcc.a(_divdi3.o)
 .gnu.attributes
                0x00000220       0x10 /usr/lib/gcc-cross/mips-linux-gnu/14/crtendS.o
 .gnu.attributes
                0x00000230       0x10 /usr/lib/gcc-cross/mips-linux-gnu/14/../../../../mips-linux-gnu/lib/../lib/crtn.o

.gptab.sdata
 *(SORT_BY_ALIGNMENT(.gptab.data))
 *(SORT_BY_ALIGNMENT(.gptab.sdata))

.gptab.sbss
 *(SORT_BY_ALIGNMENT(.gptab.bss))
 *(SORT_BY_ALIGNMENT(.gptab.sbss))

.mdebug.abi32   0x00000000        0x0
 *(SORT_BY_ALIGNMENT(.mdebug.abi32))
 .mdebug.abi32  0x00000000        0x0 /usr/lib/gcc-cross/mips-linux-gnu/14/../../../../mips-linux-gnu/lib/../lib/Scrt1.o
 .mdebug.abi32  0x00000000        0x0 /usr/lib/gcc-cross/mips-linux-gnu/14/crtbeginS.o
 .mdebug.abi32  0x00000000        0x0 applets/built-in.o
 .mdebug.abi32  0x00000000        0x0 libbb/lib.a(appletlib.o)
 .mdebug.abi32  0x00000000        0x0 libbb/lib.a(compare_string_array.o)
 .mdebug.abi32  0x00000000        0x0 libbb/lib.a(ptr_to_globals.o)
 .mdebug.abi32  0x00000000        0x0 libbb/lib.a(xfunc_die.o)
 .mdebug.abi32  0x00000000        0x0 libbb/lib.a(default_error_retval.o)
 .mdebug.abi32  0x00000000        0x0 shell/lib.a(ash.o)
 .mdebug.abi32  0x00000000        0x0 shell/lib.a(ash_ptr_hack.o)
 .mdebug.abi32  0x00000000        0x0 shell/lib.a(shell_common.o)
 .mdebug.abi32  0x00000000        0x0 libbb/lib.a(bb_strtonum.o)
 .mdebug.abi32  0x00000000        0x0 libbb/lib.a(endofname.o)
 .mdebug.abi32  0x00000000        0x0 libbb/lib.a(messages.o)
 .mdebug.abi32  0x00000000        0x0 libbb/lib.a(parse_mode.o)
 .mdebug.abi32  0x00000000        0x0 libbb/lib.a(perror_msg.o)
 .mdebug.abi32  0x00000000        0x0 libbb/lib.a(read_printf.o)
 .mdebug.abi32  0x00000000        0x0 libbb/lib.a(safe_poll.o)
 .mdebug.abi32  0x00000000        0x0 libbb/lib.a(safe_strncpy.o)
 .mdebug.abi32  0x00000000        0x0 libbb/lib.a(safe_write.o)
 .mdebug.abi32  0x00000000        0x0 libbb/lib.a(signals.o)
 .mdebug.abi32  0x00000000        0x0 libbb/lib.a(sysconf.o)
 .mdebug.abi32  0x00000000        0x0 libbb/lib.a(time.o)
 .mdebug.abi32  0x00000000        0x0 libbb/lib.a(u_signal_names.o)
 .mdebug.abi32  0x00000000        0x0 libbb/lib.a(verror_msg.o)
 .mdebug.abi32  0x00000000        0x0 libbb/lib.a(xfuncs.o)
 .mdebug.abi32  0x00000000        0x0 libbb/lib.a(xfuncs_printf.o)
 .mdebug.abi32  0x00000000        0x0 libbb/lib.a(copyfd.o)
 .mdebug.abi32  0x00000000        0x0 libbb/lib.a(full_write.o)
 .mdebug.abi32  0x00000000        0x0 libbb/lib.a(read.o)
 .mdebug.abi32  0x00000000        0x0 /usr/lib/gcc-cross/mips-linux-gnu/14/libgcc.a(_lshrdi3.o)
 .mdebug.abi32  0x00000000        0x0 /usr/lib/gcc-cross/mips-linux-gnu/14/libgcc.a(_ashldi3.o)
 .mdebug.abi32  0x00000000        0x0 /usr/lib/gcc-cross/mips-linux-gnu/14/libgcc.a(_divdi3.o)
 .mdebug.abi32  0x00000000        0x0 /usr/lib/gcc-cross/mips-linux-gnu/14/crtendS.o

.mdebug.abiN32
 *(SORT_BY_ALIGNMENT(.mdebug.abiN32))

.mdebug.abi64
 *(SORT_BY_ALIGNMENT(.mdebug.abi64))

.mdebug.abiO64
 *(SORT_BY_ALIGNMENT(.mdebug.abiO64))

.mdebug.eabi32
 *(SORT_BY_ALIGNMENT(.mdebug.eabi32))

.mdebug.eabi64
 *(SORT_BY_ALIGNMENT(.mdebug.eabi64))

.gcc_compiled_long32
 *(SORT_BY_ALIGNMENT(.gcc_compiled_long32))

.gcc_compiled_long64
 *(SORT_BY_ALIGNMENT(.gcc_compiled_long64))

/DISCARD/
 *(SORT_BY_ALIGNMENT(.note.GNU-stack))
 *(SORT_BY_ALIGNMENT(.gnu_debuglink))
 *(SORT_BY_ALIGNMENT(.gnu.lto_*))
 *(SORT_BY_ALIGNMENT(.gnu_object_only))
OUTPUT(busybox_unstripped elf32-tradbigmips)
